
> landing-site@0.1.0 test:redesign:migration
> node scripts/build-station-legacy-inventory.mjs --check && node --test --test-timeout=90000 scripts/test-station-route-migrations.mjs scripts/test-station-route-runtime.mjs

Pinned legacy inventory verified: 71 retired static entries, 25 download roots; HTTP not inferred.
✔ missing STATION_ROUTE_MIGRATIONS_ENABLED preserves legacy dispatch without binding/method inspection (9.341042ms)
✔ missing STATION_CONTENT_PUBLIC_ENABLED preserves legacy dispatch without binding/method inspection (0.255958ms)
✔ missing STATION_MUSIC_PAGES_ENABLED preserves legacy dispatch without binding/method inspection (0.126125ms)
✔ missing STATION_GAME_PAGES_ENABLED preserves legacy dispatch without binding/method inspection (0.112209ms)
✔ missing STATION_MEMBER_PAGES_ENABLED preserves legacy dispatch without binding/method inspection (0.105792ms)
✔ migration path normalization excludes nested encodings and control/query injection (0.122416ms)
✔ service priority retains runtime resources, accounts, downloads and policies (0.137375ms)
✔ chapter aliases preserve the actual root/en reading address (0.088417ms)
✔ localized about applies only to the migration profile; canonical has four corresponding entities (0.33ms)
✔ proposal soft associations cannot authorize a runtime redirect or credential transfer (0.222542ms)
✔ preview hosts never enable indexing even with the search switch (0.056208ms)
✔ upstream Assets routing is a separate release dependency, not implicit in runtime flags (0.223208ms)
✔ zh-Hant: new home/about and music/game navigation use actual Worker + native Assets (4010.119459ms)
✔ en: new home/about and music/game navigation use actual Worker + native Assets (43.438875ms)
✔ ja: new home/about and music/game navigation use actual Worker + native Assets (43.210625ms)
✔ zh-Hans: new home/about and music/game navigation use actual Worker + native Assets (39.170625ms)
✔ all inventoried retired static introductions exit directly; policy/download exceptions stay services (132.894916ms)
✔ dynamic retirees, missing paths and encoded descendants never become a soft 200 or unrelated redirect (13.7955ms)
✔ mapped UUID/slug shares reach the same published entity; unpublished mappings remain unavailable (69.5385ms)
✔ novel bookmarks keep root/en addresses, require login and preserve old purchase checks (21.02775ms)
✔ service methods, auth boundaries, AASA and runtime bytes remain owned by their original handlers (43.480958ms)
✔ search sitemap enumerates every shard beyond the first page and excludes old/private/runtime routes (67.491459ms)
✔ index activation requires the production host; production sitemap/robots do not hide retirees from crawlers (3.580167ms)
music_rate_limit_failure {
  version: 1,
  category: 'catalog',
  stage: 'source',
  reason: 'operation_failed'
}
music_rate_limit_failure {
  version: 1,
  category: 'catalog',
  stage: 'source',
  reason: 'operation_failed'
}
✔ unpublished home stays empty, synthetic configuration remains explicit and resource failure fails closed (29.297416ms)
ℹ tests 24
ℹ suites 0
ℹ pass 24
ℹ fail 0
ℹ cancelled 0
ℹ skipped 0
ℹ todo 0
ℹ duration_ms 4676.754917
