
> landing-site@0.1.0 test:redesign:home
> node --test scripts/test-station-redesign-home.mjs

✔ unselected draft remains empty without choosing a free/latest fallback (1.315792ms)
✔ published IDs and revision drive direct destinations, three selections and four clips (0.543875ms)
✔ synthetic configuration needs explicit fixture option and cannot enter a normal consumer (0.328833ms)
✔ draft, mismatched revision, scheduled/future or missing configuration cannot publish (0.33275ms)
✔ promotion must be explicitly enabled, published and refer to a public parent (0.472417ms)
✔ missing, revoked, private, mismatched or duplicate cover references hide the work (0.400708ms)
✔ repeated track IDs are ambiguous and never pick a row by order (0.094792ms)
✔ selectors de-duplicate IDs and exclude the featured work (0.179875ms)
✔ empty optional summary does not hide an otherwise published song or game (0.145375ms)
✔ missing video and missing platforms produce distinct honest states (0.208625ms)
✔ only selected, live, verified and correctly owned platform links survive (0.466667ms)
✔ public link syntax rejects credentials, tokens, scripts, private hosts and fixture paths (0.936708ms)
✔ preview requires enabled, ready, independently typed public and rights-confirmed clip (0.797541ms)
✔ revoking a clip, poster or platform removes the reference on next projection (0.078125ms)
✔ clips require both selection lists, public parent, ready poster and public media (0.565416ms)
✔ game revocation removes its card and related update without starting a runtime (0.108833ms)
✔ a game introduction never occupies the existing cat-life runtime namespace (0.217417ms)
✔ locale routing and translation fallback retain the stable selected IDs (0.264958ms)
✔ allowlist projection never forwards private audio, storage, entitlement or extra fields (0.131292ms)
ℹ tests 19
ℹ suites 0
ℹ pass 19
ℹ fail 0
ℹ cancelled 0
ℹ skipped 0
ℹ todo 0
ℹ duration_ms 47.524209
