
> landing-site@0.1.0 test:redesign:migration
> node scripts/build-station-legacy-inventory.mjs --check && node --test --test-timeout=90000 scripts/test-station-route-migrations.mjs scripts/test-station-route-runtime.mjs

Pinned legacy inventory verified: 71 retired static entries, 25 download roots; HTTP not inferred.
✔ missing STATION_ROUTE_MIGRATIONS_ENABLED preserves legacy dispatch without binding/method inspection (8.999292ms)
✔ missing STATION_CONTENT_PUBLIC_ENABLED preserves legacy dispatch without binding/method inspection (0.232791ms)
✔ missing STATION_MUSIC_PAGES_ENABLED preserves legacy dispatch without binding/method inspection (0.113291ms)
✔ missing STATION_GAME_PAGES_ENABLED preserves legacy dispatch without binding/method inspection (0.108625ms)
✔ missing STATION_MEMBER_PAGES_ENABLED preserves legacy dispatch without binding/method inspection (0.101375ms)
✔ migration path normalization excludes nested encodings and control/query injection (0.117083ms)
✔ service priority retains runtime resources, accounts, downloads and policies (0.133583ms)
✔ chapter aliases preserve the actual root/en reading address (0.090333ms)
✔ localized about applies only to the migration profile; canonical has four corresponding entities (0.325125ms)
✔ proposal soft associations cannot authorize a runtime redirect or credential transfer (0.188875ms)
✔ preview hosts never enable indexing even with the search switch (0.056792ms)
✔ upstream Assets routing is a separate release dependency, not implicit in runtime flags (0.216583ms)
✔ zh-Hant: new home/about and music/game navigation use actual Worker + native Assets (3988.9105ms)
✔ en: new home/about and music/game navigation use actual Worker + native Assets (39.330875ms)
✔ ja: new home/about and music/game navigation use actual Worker + native Assets (43.704792ms)
✔ zh-Hans: new home/about and music/game navigation use actual Worker + native Assets (37.906708ms)
✔ all inventoried retired static introductions exit directly; policy/download exceptions stay services (130.872375ms)
✔ dynamic retirees, missing paths and encoded descendants never become a soft 200 or unrelated redirect (14.178083ms)
✔ mapped UUID/slug shares reach the same published entity; unpublished mappings remain unavailable (67.369ms)
✔ novel bookmarks keep root/en addresses, require login and preserve old purchase checks (21.145292ms)
✔ service methods, auth boundaries, AASA and runtime bytes remain owned by their original handlers (43.160167ms)
✔ search sitemap enumerates every shard beyond the first page and excludes old/private/runtime routes (64.699584ms)
✔ index activation requires the production host; production sitemap/robots do not hide retirees from crawlers (3.302458ms)
music_rate_limit_failure {
  version: 1,
  category: 'catalog',
  stage: 'source',
  reason: 'operation_failed'
}
music_rate_limit_failure {
  version: 1,
  category: 'catalog',
  stage: 'source',
  reason: 'operation_failed'
}
✔ unpublished home stays empty, synthetic configuration remains explicit and resource failure fails closed (29.60375ms)
ℹ tests 24
ℹ suites 0
ℹ pass 24
ℹ fail 0
ℹ cancelled 0
ℹ skipped 0
ℹ todo 0
ℹ duration_ms 4664.882084
