
> landing-site@0.1.0 test:mobile:music
> node --test --test-timeout=90000 scripts/test-mobile-music.mjs

✔ isolated gates stay closed unless explicitly enabled; config accurately reports music (2586.954875ms)
✔ free catalog/search/detail project no storage keys or credentials; pagination rejects stale cursor (65.209542ms)
✔ free grant and separate preview stream GET HEAD Range with object identity checks (85.138084ms)
✔ VIP grants require same account AND same session on every request, never Cookie fallback (112.477458ms)
✔ invalid Bearer does not silently become anonymous, even for free/preview/catalog (30.837709ms)
✔ free and preview remain public; non-VIP cannot mint full VIP grant (54.87425ms)
✔ expiry, revocation, blocked account, password changes deny before R2 (297.379917ms)
✔ membership expiry, VIP delivery off, publication withdrawn are checked every Range (116.944458ms)
✔ limited free expires at boundary; old grant cannot deliver free bytes afterwards (1642.786417ms)
✔ token rotation in same session retains grant binding; old bearer fails (93.096041ms)
✔ entitlements are music projection only and do not mutate site membership (56.213125ms)
✔ missing membership DB table fails closed without R2 access (79.47ms)
✔ lyrics retain Unicode, offset, multi-timestamps and audio version (53.583791ms)
✔ album order and pagination use only visible published members (90.745667ms)
✔ replaced storage object is rejected; malformed mode and version never authorize (40.960541ms)
✔ featured preserves configured primary/secondary/collection order and never invents empty recommendations (310.829375ms)
✔ rotation fixture uses real refresh route and preserves family absolute expiry (61.972458ms)
✔ offline permits are isolated, revision-bound permanent-free full audio only (107.688292ms)
ℹ tests 18
ℹ suites 0
ℹ pass 18
ℹ fail 0
ℹ cancelled 0
ℹ skipped 0
ℹ todo 0
ℹ duration_ms 6030.962083
