
> landing-site@0.1.0 test:mobile:production
> node --test --test-timeout=120000 scripts/test-mobile-production.mjs scripts/test-mobile-production-association.mjs scripts/test-mobile-production-service.mjs && python3 scripts/test-mobile-production-migrations.py

✔ clean-checkout association stays unavailable and does not disclose identity or redirect (1.876542ms)
✔ association denies alternate hosts, paths, queries and writes before configuration (0.644875ms)
✔ website assets cannot shadow the native browser or association gates (2.354916ms)
✔ production GET/HEAD require current markers once per request and publish only exact routes (1.10725ms)
✔ R2 association stays scoped to its staging app and two root music paths (0.57875ms)
▶ shared link cases match serialized AASA exact paths, independently of client query validation
  ✔ production-music-track (0.05175ms)
  ✔ production-music-collection (0.026917ms)
  ✔ production-music--track (0.037583ms)
  ✔ production-music--collection (0.048958ms)
  ✔ production-en-music-track (0.054833ms)
  ✔ production-en-music-collection (0.052083ms)
  ✔ production-en-music--track (0.039ms)
  ✔ production-en-music--collection (0.035208ms)
  ✔ production-ja-music-track (0.039375ms)
  ✔ production-ja-music-collection (0.02425ms)
  ✔ production-ja-music--track (0.017625ms)
  ✔ production-ja-music--collection (0.055625ms)
  ✔ production-zh-hans-music-track (0.062333ms)
  ✔ production-zh-hans-music-collection (0.016667ms)
  ✔ production-zh-hans-music--track (0.015041ms)
  ✔ production-zh-hans-music--collection (0.013375ms)
  ✔ production-zh-hant-music-track (0.014625ms)
  ✔ production-zh-hant-music-collection (0.022083ms)
  ✔ production-zh-hant-music--track (0.012958ms)
  ✔ production-zh-hant-music--collection (0.012792ms)
  ✔ production-callback (0.013834ms)
  ✔ production-callback-trailing-slash (0.012917ms)
  ✔ production-empty-selection (0.013ms)
  ✔ production-invalid-track (0.040875ms)
  ✔ production-empty-collection (0.01175ms)
  ✔ production-duplicate-track (0.011708ms)
  ✔ production-mixed-selection (0.011083ms)
  ✔ production-identity-query (0.011ms)
  ✔ production-unknown-query (0.011209ms)
  ✔ production-fragment (0.01125ms)
  ✔ production-nested-music (0.052459ms)
  ✔ production-case-music (0.016416ms)
  ✔ production-encoded-music (0.014792ms)
  ✔ production-encoded-slash (0.013125ms)
  ✔ production-unlisted-locale (0.015792ms)
  ✔ production-case-locale (0.011541ms)
  ✔ production-home (0.011625ms)
  ✔ production-reader (0.014625ms)
  ✔ production-admin (0.01275ms)
  ✔ production-public-api (0.020708ms)
  ✔ production-other-environment (0.010875ms)
  ✔ production-unassociated-host (0.012292ms)
  ✔ production-lookalike-host (0.011042ms)
  ✔ r2-music-track (0.013125ms)
  ✔ r2-music-collection (0.013584ms)
  ✔ r2-music--track (0.010834ms)
  ✔ r2-music--collection (0.021208ms)
  ✔ r2-callback (0.010666ms)
  ✔ r2-callback-trailing-slash (0.010667ms)
  ✔ r2-empty-selection (0.010416ms)
  ✔ r2-invalid-track (0.010292ms)
  ✔ r2-empty-collection (0.012583ms)
  ✔ r2-duplicate-track (0.010291ms)
  ✔ r2-mixed-selection (0.011625ms)
  ✔ r2-identity-query (0.012041ms)
  ✔ r2-unknown-query (0.012667ms)
  ✔ r2-fragment (0.0125ms)
  ✔ r2-nested-music (0.012334ms)
  ✔ r2-case-music (0.010458ms)
  ✔ r2-encoded-music (0.015292ms)
  ✔ r2-encoded-slash (0.014ms)
  ✔ r2-unlisted-locale (0.010667ms)
  ✔ r2-case-locale (0.012041ms)
  ✔ r2-home (0.011834ms)
  ✔ r2-reader (0.015625ms)
  ✔ r2-admin (0.01025ms)
  ✔ r2-public-api (0.010333ms)
  ✔ r2-localized-en (0.010875ms)
  ✔ r2-localized-ja (0.010375ms)
  ✔ r2-localized-zh-hans (0.010125ms)
  ✔ r2-localized-zh-hant (0.030208ms)
  ✔ r2-other-environment (0.010125ms)
  ✔ r2-unassociated-host (0.009833ms)
  ✔ r2-lookalike-host (0.026542ms)
✔ shared link cases match serialized AASA exact paths, independently of client query validation (2.86625ms)
✔ canonical track and album cases are generated by the actual website share helper in all four locales (0.299666ms)
✔ private readiness is complete, owner-only, loopback-scoped and removed on idempotent close (26.548042ms)
✔ invalid output directories and preexisting readiness cannot be adopted or overwritten (8.015583ms)
✔ every control and forwarding route requires exactly one correct proof (17.881875ms)
✔ forwarding never redirects and preserves raw body, status, Cookie and Location (5.946166ms)
✔ only canonical production native URLs and supported methods enter the fixture (22.827834ms)
✔ header allowlist blocks proof, host, forwarding metadata, aliases and injection (11.285958ms)
✔ JSON/base64 shape and input byte budget are enforced before dispatch (11.661708ms)
✔ response and evidence budgets fail with categories, never input or exception text (11.274834ms)
✔ unfinished request bodies and stalled fixture responses have an absolute deadline (5007.67225ms)
✔ the lifetime request budget bounds evidence and blocks additional dispatches (157.294541ms)
✔ CLI starts the real production fixture without outbound requests and shuts down cleanly (4213.275667ms)
✔ production candidate preserves website boundaries and is closed with empty origins and no result secret (3928.464416ms)
✔ candidate rejects all known isolated resources, wrong account and mismatched proof (0.829791ms)
✔ closed, wrong-profile, bad host/callback and isolated key requests reject before data bindings (4.033ms)
✔ production deletion prepare/confirm/status never access a data binding even when flag is true (0.2975ms)
✔ isolated configuration rejects case and trailing-dot aliases of reserved production hosts before bindings (0.548667ms)
✔ private writer is create-only and rejects checkout paths and symlink destinations (3.87325ms)
✔ all 37 website migrations retain all 50 existing table definitions beside native and marker tables (7.024583ms)
✔ production-shaped runtime validates each binding exactly once; exposes honest capabilities (11.710834ms)
✔ ready production AASA GET and HEAD use the same binding proof and expose only the production App ID (31.500542ms)
✔ missing, changed and swapped binding proof fail before native writes and are rechecked next request (51.579667ms)
✔ production password/PKCE/refresh use existing account and never translate website cookies (51.509791ms)
✔ production TOTP remains mandatory and consumed codes cannot replay (60.977084ms)
✔ production native registration cannot claim an existing magic-link account or its membership and points (101.237458ms)
✔ production native registration creates only a fresh account, without issuing a website or native session (51.01875ms)
✔ production registration atomically rejects a legacy account created between its read and write (41.38975ms)
✔ failed production credential insertion rolls back its newly inserted account (38.422875ms)
✔ website registration cannot bypass the ownership guard for a legacy account even with native auth disabled (96.537625ms)
✔ fresh website registration retains the authenticated response and HttpOnly Cookie contract (40.776167ms)
✔ website registration also rejects a legacy account created between its read and atomic write (38.052125ms)
✔ existing website password session survives native login and the two credential types never substitute for each other (73.23875ms)
✔ TOTP password reset preserves account and membership but invalidates previous web and native credentials (133.956875ms)
✔ production maintenance cannot advance a deletion outbox (33.773542ms)
✔ production catalog and R2 grants retain free/VIP access and sync remains account-scoped (180.921458ms)
ℹ tests 115
ℹ suites 0
ℹ pass 115
ℹ fail 0
ℹ cancelled 0
ℹ skipped 0
ℹ todo 0
ℹ duration_ms 9538.92225
............
----------------------------------------------------------------------
Ran 12 tests in 0.464s

OK
