
> landing-site@0.1.0 test:redesign:player
> node --test --test-timeout=90000 scripts/test-station-music-session.mjs scripts/test-music-player.mjs scripts/test-music-queue.mjs scripts/test-music-lyrics-local.mjs scripts/test-music-library.mjs scripts/test-music-analytics-client.mjs scripts/test-music-access-lifecycle.mjs

✔ initial reads do not load media; one lifecycle per audio controller (3.371208ms)
✔ invalid capability timestamps and inconsistent authorization fail closed (0.1315ms)
✔ capabilities failure preserves free full and explicit preview without VIP full (0.925ms)
✔ free catalog becomes available while the independent capability request is unresolved (1.956208ms)
✔ expiry unloads protected full, preserves only in-memory full position and ignores late play rejection (2.367375ms)
✔ renewal at expiry remains paused and can resume only after a new user action (1.060125ms)
✔ a blocked timer cannot let a user play with an expired hint (1.167542ms)
✔ account invalidation is immediate, rejects stale successful reads, and never inherits a previous full source (0.968958ms)
✔ account changes leave free full and previews playing, while clearing old hints (1.734917ms)
✔ upgrade does not switch an active preview; explicit full starts at zero (0.2985ms)
✔ foreground events coalesce, pause protected full and do not resume after checking (1.31025ms)
✔ page hidden does not interrupt ordinary playback; bfcache restore rechecks (0.96075ms)
✔ fresh free policy permits full after expiry without assuming VIP is permanent (0.834417ms)
✔ known free-to-VIP policy or version changes unload the previous resource (0.406542ms)
✔ full media failure makes one access probe and handles 401/AUTH_REQUIRED without advancing (0.492167ms)
✔ full media failure makes one access probe and handles 403/MEMBERSHIP_EXPIRED without advancing (0.367791ms)
✔ full media failure makes one access probe and handles 403/ACCOUNT_RESTRICTED without advancing (0.59675ms)
✔ full media failure makes one access probe and handles 503/MEMBERSHIP_UNAVAILABLE without advancing (0.994583ms)
✔ full media failure makes one access probe and handles 409/VERSION_CONFLICT without advancing (0.536417ms)
✔ full media failure makes one access probe and handles 410/TRACK_UNAVAILABLE without advancing (0.41125ms)
✔ healthy access preserves bounded three-failure media recovery, not a payment prompt (0.998042ms)
✔ a preview error plus full access 403 stays a media error and never prompts payment (0.534459ms)
✔ stale access denial cannot unload a later selected song; stale success cannot resume after pause (0.613166ms)
✔ destroy aborts requests, timers and subscriptions without later playback or refresh (0.214041ms)
✔ session notifications contain no identity, deduplicate transports and release listeners (0.150667ms)
✔ session mutation signals invalidate before the request and settle on success or uncertainty (0.260833ms)
✔ missing session-change completion can be recovered by explicit recheck (0.217542ms)
✔ known unavailable versions stay out of subsequent full queue traversal until catalog refresh (0.812958ms)
✔ long-lived hints use bounded timer chunks instead of overflowing into a refresh loop (0.527541ms)
✔ an access timeout stops full playback without another probe or queue advance (0.56025ms)
✔ notification transport failures cannot block the underlying account request (0.123792ms)
✔ a stale access denial cannot affect a new failed attempt on the same source generation (0.505917ms)
✔ limited-free expiry unloads anonymous full and stale catalog cannot restart it or create a timer loop (0.488ms)
✔ limited-free full requires a usable server clock but ordinary free tracks still play (0.172125ms)
✔ promotion expiry immediately publishes VIP display state even when both refreshes fail (0.438458ms)
✔ default anonymous collection creates only a session id and never conditions playback (15.182917ms)
✔ operator-off, storage failure and GPC keep collection off without affecting the player (0.911708ms)
✔ playing milestones use actual accumulated time; pause/resume and refresh keep one play session (0.713833ms)
✔ click/loading, seeks, stalls, buffering, paused late playing and long gaps do not qualify (1.187292ms)
✔ natural preview completion stays preview and paused queued ended cannot complete (1.3895ms)
✔ reentrant queue advance and single repeat each create a new play session after measuring ended (0.939625ms)
✔ withdraw clears session and queued/in-flight retries, retaining unrelated local preferences (0.9205ms)
✔ 100-event memory cap, 20-event batches and at most two retries are finite (3.262792ms)
✔ manual opt-out persists; re-enable measures from that point; expiry and GPC stop collection (0.964959ms)
✔ integration stays outside audio authorization, local preference schema and member transactions (1.052542ms)
✔ CTA starts a bounded keepalive request before navigation; page teardown never schedules a retry (0.61575ms)
✔ explicit play-all restart on the same loaded source differs from pause/resume (0.496625ms)
✔ browse normalization retains only static notice anchors, never a return or credential fragment (0.400708ms)
✔ every HTML path, alias, slashless and nested asset path is gated with zero binding reads (5.644584ms)
✔ alias and slashless redirects preserve only unique valid public identifiers (0.320583ms)
✔ enabled HTML streams assets but is never positively cached; HEAD and method handling (0.3985ms)
✔ music routes run before asset fallthrough, stay out of sitemap, and use explicit language mapping (2.910542ms)
✔ 500-track catalog is bounded, rejects duplicate IDs and unsafe fields, and canonicalizes covers (0.190667ms)
✔ search NFKC/case normalization, tag OR/group AND, access and stable latest order (5.133875ms)
✔ collections preserve administrator order and cannot grant full access or inject private fields (0.334167ms)
✔ featured catalog is bounded, references public rows only and orders free picks without granting access (0.296417ms)
✔ 50-row presentation does not truncate play-all and browsing never rewrites the queue (2.408709ms)
✔ album category separates playlists and opens ordered songs without changing playback (1.567083ms)
✔ all UI dictionary entries have four translations and preserve placeholders (0.495084ms)
✔ native asset router cannot serve encoded music HTML before the closed gate (185.802209ms)
✔ metadata-only published album stays browsable with no available tracks (0.168375ms)
✔ LRC supports multi-tags, centiseconds/milliseconds, stable order, duplicate times and signed offset (1.714208ms)
✔ TXT and malformed LRC stay inert text; limits include UTF-8, line and expanded-tag budgets (2.564417ms)
✔ lyrics requests reconstruct a versioned same-origin URL and reject wrong content, bad UTF-8 and streaming overflow (16.1375ms)
✔ catalog validates lyric metadata and never imports identity, lyrics URLs or asset keys (0.124708ms)
✔ v2 allowlist keeps favorites, strips identity/URLs, and separates versions and variants with 30-day expiry (0.266625ms)
✔ legacy migrates only validated ID lists and settings; original stays exportable and old full progress cannot authorize (0.198ms)
✔ corrupt/unknown local schemas are retained and never overwritten; disabled storage remains usable in memory (0.166167ms)
✔ quota errors do not throw or delete disk records; favorite/recent limits and unavailable IDs survive (3.996084ms)
✔ saved/recent order intersects playlist and access filters without mutating stored IDs (0.113917ms)
✔ restoration resolves fresh catalog IDs, stays paused without src/play, then seeks only after user play and metadata (1.624125ms)
✔ saved VIP full never restores into preview or grants playback; changed version does not reuse progress (0.293166ms)
✔ a collection landing keeps its selection instead of restoring an unrelated saved current song (0.141916ms)
✔ explicit user choice before initial reads finish wins over saved current/queue/settings (0.208ms)
✔ early volume or queue preferences win; matching preview progress stays paused and variant-bound (0.256333ms)
✔ a successful foreground retry can restore after the initial catalog failed, without trusting saved VIP hints (1.892459ms)
✔ progress writes at five seconds, pause and pagehide; recently played requires native playing (0.796208ms)
✔ restored positions are discarded on source selection and cannot override already-loaded media (0.062959ms)
✔ instrumental/missing lyrics do not fetch; progress never retries errors, explicit retry works and destruction rejects late responses (2.855792ms)
✔ late lyric A never overwrites B; manual scrolling suspends follow and another song never highlights (1.676416ms)
✔ inline player lyrics load on opening while paused, stay quiet, and cancel on close (0.54175ms)
✔ initialization and selection never set a media URL or play; one controller per element (0.830333ms)
✔ play is synchronous, but playing state is driven by native events, not Promise resolution (2.812458ms)
✔ A/B/C rapid replacement ignores old play failures and old resource events (0.491959ms)
✔ pausing an unresolved play keeps silence and ignores its later rejection (0.486167ms)
✔ an earlier play attempt cannot overwrite a later resume on the same source (0.407208ms)
✔ buffering only while playback intended; genuine end stops with no automatic next song (0.199333ms)
✔ blocked and unsupported playback produce recoverable, non-payment errors (0.424542ms)
✔ seek uses native metadata and seekable ranges; invalid values cannot corrupt progress (0.162625ms)
✔ pause event queued by media failure does not erase the error state (0.084708ms)
✔ replacement clears progress and preview uses its own independent URL and duration (0.119125ms)
✔ destroy unloads the source, removes listeners and invalidates pending work (0.609208ms)
✔ volume and mute follow native properties; snapshots cannot mutate internal state (0.152875ms)
✔ public catalog adapter canonicalizes media identity and fails closed on malformed policy (0.331459ms)
✔ queue settings and catalog never load audio; one queue per controller (1.913834ms)
✔ list playback freezes order/access metadata and tolerates subsequent browse reorder (2.421875ms)
✔ current row toggles pause without replacing the queue or losing position (0.326625ms)
✔ play-all, next and natural advance filter VIP without spending the failure budget (0.272958ms)
✔ qualified VIP permits full queue playback; later known eligibility narrows next selection (0.223958ms)
✔ explicit preview naturally stops in every repeat mode; manual next chooses full free track (0.256042ms)
✔ all VIP and empty queues stop with explanation even with repeat/shuffle enabled (0.145542ms)
✔ previous rewinds only above three seconds and preserves pause; exactly three selects previous (0.2205ms)
✔ repeat one applies only at natural full end; manual next escapes and repeat-all wraps (0.188709ms)
✔ shuffle draws a finite round without repeats and crosses rounds without adjacent duplicates (0.244334ms)
✔ shuffle previous uses history, next retraces forward; disabling returns to original index (0.1815ms)
✔ new catalog availability/version affects future play without replacing snapshot order (0.127458ms)
✔ dedupe, 500 cap and append leave the current audio untouched (3.019083ms)
✔ removing pending does not affect sound; current removal requires an explicit action (0.433708ms)
✔ removing the only playing entry cannot repeat it and clearing invalidates pending audio (3.190167ms)
✔ third consecutive full failure stops; a new user play resets the budget (0.21575ms)
✔ exhausted one-song shuffle stops after one failure; denied autoplay is not a skip loop (0.448583ms)
✔ preview failures do not automatically launch another preview or full song (0.258167ms)
✔ failure reset needs continuous real progress, not seek jumps, pauses or brief playing events (0.328916ms)
✔ late A/B failures cannot advance the final C queue or spend its failure budget (1.59925ms)
✔ destroyed queue removes auto-advance without owning or replacing the audio element (0.244625ms)
✔ small native seeks also interrupt the ten-second success window (0.222541ms)
✔ known removal of the active catalog item unloads it without replacing the queue (0.168542ms)
✔ passive selection does not erase the previous actual shuffle history (0.161959ms)
✔ queued ended/error after user pause must not silently resume the queue (0.218708ms)
✔ mode changes and remove-and-stop do not reset an existing failure budget (0.220875ms)
✔ manual repeat-all wrap and play-all restart a sole eligible song instead of retaining its position (0.196166ms)
✔ previous with no current selection does not start an arbitrary repeat-all entry (0.137875ms)
✔ a current playing entry always remains pausable after eligibility changes (0.148417ms)
✔ game handoff unloads real preview audio, locks background intents and returns paused at the same position (2.764125ms)
✔ game handoff cancels a pending real private handshake; late responses and new checks cannot prepare audio (13.606667ms)
✔ one audio/controller stays current when views subscribe and detach; viewing B never selects B (0.256542ms)
✔ start requires native playing; duplicate playing, seek, buffering and pause/resume keep one ID/event (2.912167ms)
✔ natural end is silent until explicit replay, which creates a new ID/start (0.348833ms)
✔ rapid A/B/C source switches and late native play failures cannot start or overwrite old tracks (0.488583ms)
✔ late A permission response is ignored after B, even when fetch ignores abort (0.387584ms)
✔ switching to preview cancels private check; late ready cannot replace playback (0.317666ms)
✔ 401/403, stale grant, missing resource and malformed handshake never assign full src (0.7935ms)
✔ blocked play stays paused without start/recent; user retry begins once (0.523042ms)
✔ native resource error is recoverable; a late pause cannot hide it (0.333917ms)
✔ full pause unloads buffer; fresh handshake and explicit click resume position with same playback ID (0.744708ms)
✔ account invalidation unloads full audio and cancels pending grants; it cannot confer access (0.614875ms)
✔ refresh restore queries current public DTO and keeps selection paused without source/start (0.53675ms)
✔ full refresh restores public selector only and requires a new private grant plus explicit play (0.426084ms)
✔ restoration response cannot replace a new user selection (0.315125ms)
✔ changed public revisions reset saved position; withdrawn/preview-disabled selectors stay empty (0.742041ms)
✔ close/destroy cancels old check; BFCache suspension keeps paused selection and unloads media (0.174666ms)
✔ corrupt, oversized, future-schema and inaccessible storage preserve originals while playback works (0.206958ms)
✔ selector contains only bounded public fields; legacy positions/queue are unchanged (0.184875ms)
✔ known locale metadata updates display only; known publication/promotion changes unload current selection (0.186ms)
✔ full natural replay rechecks access, stays silent during check, and starts a new ID (0.182167ms)
✔ invalid native position cannot make optional persistence interrupt playback (0.047208ms)
✔ leaving or refreshing after natural end restores at zero rather than an unplayable end position (0.080708ms)
✔ a saved position at the decoded native end starts at zero despite rounded DTO duration (0.132458ms)
✔ an explicit newer promotion source switches instead of toggling the old preview (0.097708ms)
ℹ tests 149
ℹ suites 0
ℹ pass 149
ℹ fail 0
ℹ cancelled 0
ℹ skipped 0
ℹ todo 0
ℹ duration_ms 402.368458
