
> landing-site@0.1.0 test:redesign:reports
> node --test --test-timeout=90000 scripts/test-station-reports.mjs scripts/test-station-report-client.mjs scripts/test-station-report-boundaries.mjs scripts/test-station-report-runtime.mjs

✔ midnight in-flight event blocks both manual and daily snapshots until its append completes (57.305291ms)
✔ expired in-flight batch is fenced before sealing and cannot append late or receive a success (39.995ms)
✔ a delayed registration and an older collector are rejected at the database boundary after sealing (42.334709ms)
✔ 0018 invalidates unsealed archives but retains platform figures, their receipts and raw events (52.034834ms)
✔ successful platform insertion then a 401 preserves the command across reload and prevents a duplicate (40.688ms)
▶ post-write identity or local journal failure preserves pending operations in both workspaces
  ✔ content: 401 (0.178417ms)
  ✔ content: 403 (0.07475ms)
  ✔ content: actor (0.06625ms)
  ✔ content: storage (0.085ms)
  ✔ reports: 401 (0.092125ms)
  ✔ reports: 403 (0.05975ms)
  ✔ reports: actor (0.052041ms)
  ✔ reports: storage (0.045583ms)
✔ post-write identity or local journal failure preserves pending operations in both workspaces (0.981583ms)
✔ a terminal authorization error during recovery cannot clear an earlier acknowledged operation (0.109792ms)
✔ report journal is separate and reload retries only the exact original platform command (1.603958ms)
✔ pending reports cannot launch another write or replay an old content publication (0.193583ms)
✔ changed actor and unavailable storage stop report writes before requests (0.092709ms)
✔ expired original operation remains pending for explicit reconciliation (0.111875ms)
✔ slow old report does not verify/repaint over a newer window (0.117375ms)
✔ changed actor or query errors do not return a report; dispose discards in-flight work (0.097667ms)
✔ zero and missing values remain distinct, and source names are unambiguous (6.652083ms)
✔ native minute-only datetime values produce the canonical UTC format accepted by the server (0.649042ms)
✔ report requests retain same-origin/no-store controls and reject arbitrary paths (9.678541ms)
▶ actual Worker, verified Access and native D1 report transactions
  ✔ forged/expired Access and email headers cannot read report data (15.25825ms)
  ✔ report/content/version-off gates return 503 without installing schema or writes (20.017583ms)
  ✔ actual native report reproduces the sample math and private cache policy (9.10675ms)
  ✔ duplicate query, unknown dimensions and wrong methods fail without data (4.691042ms)
  ✔ 0017 ledger deletion fails closed and schema is not auto-created (18.546625ms)
  ✔ 0018 sealing ledger must be confirmed independently (18.595875ms)
  ✔ same-origin write gate and read-only editor protect native inserts (11.718292ms)
  ✔ retention-off blocks writes, aggregation-off blocks capture without blocking reads (5.780208ms)
  ✔ original native operation retry creates one manual record, not click-derived plays (11.159667ms)
  ✔ stale/native edit conflict cannot alter an imported identity (8.711083ms)
  ✔ expired keys cannot insert again when no operation receipt remains (22.232042ms)
  ✔ closed native capture is idempotent and audit excludes report payload (15.803333ms)
  ✔ real successful POST followed by verified Access 401 recovers the original key without a second row (25.822041ms)
  ✔ real built admin shell is noindex and existing content workspace links it (4.794583ms)
✔ actual Worker, verified Access and native D1 report transactions (6581.819583ms)
▶ native D1 transaction fences delayed appends against manual window sealing
  ✔ active flight drains before immutable capture (445.719958ms)
  ✔ expired flight cannot commit after sealing (423.214334ms)
✔ native D1 transaction fences delayed appends against manual window sealing (7136.394709ms)
✔ strict UTC half-open windows, bounded dimensions, namespaced sources and leap-year expiry (0.838708ms)
✔ disabled/version-off reports never touch bindings or install tables (0.319ms)
✔ exact 0016/0017/0018 ledgers and columns required, without demanding R2 or public page flags (86.367708ms)
✔ fixed arithmetic: four views, three session/song pairs, five clicks, two converted pairs (42.896584ms)
✔ platform filter keeps visit/preview denominator and limits click numerator only (51.268667ms)
✔ same session across two songs remains two pairs; orphan clicks do not fabricate conversion (44.477958ms)
✔ cross-window visits, absent visits and known material attribution remain separate (43.186834ms)
✔ a later visit or a visit exactly thirty minutes earlier cannot link a click (42.801875ms)
✔ server receipt time controls windows; legacy/non-consented dictionaries never mix (43.82875ms)
✔ real zero independent totals, missing rates, no ready confirmation and absent external data (39.416542ms)
✔ invalid entity ownership rejected; archived publication does not erase historical stats (38.861333ms)
✔ DTO never emits visitor identifiers, raw receipts, URLs, accounts or credentials (39.641291ms)
✔ manual platform zero, provenance, window mismatch and withdrawn state stay independent (42.839625ms)
✔ manual data requires platform declaration and known bounded source, count and observed time (39.155334ms)
✔ stable idempotency replays only same actor/command; revisions and identity require CAS (38.544333ms)
✔ zero-write fault rolls back external row, audit and operation receipt as one D1 transaction (38.81725ms)
✔ snapshot saves exact closed window; retry does not duplicate, mutable and personal JSON rejected (38.64625ms)
✔ dedicated audits and operation receipts contain metadata, not report values/source payload (40.147334ms)
✔ stale or disabled retention closes manual writes and snapshot capture (38.880875ms)
✔ daily archives retain no visitor IDs; cross-day counts can add but session conversions cannot (83.960042ms)
✔ exact saved multi-day query can restore its original rate after raw event expiry (39.253084ms)
✔ unbuilt historical day is unavailable, while completed absent intersections are known zero (82.464917ms)
✔ controlled calendar expiry works with reports/aggregation off and leaves old domain untouched (39.757292ms)
✔ bounded scheduler resumes a cursor and rejects expired raw source rather than skipping it (39.482958ms)
✔ maintenance has independent off gates and bounded first-run statement count (41.071958ms)
✔ query budget rejects rather than silently truncates accepted events (0.110208ms)
✔ migration names alone do not admit an incomplete raw-event schema (45.4275ms)
✔ a repeated session/song pair across UTC days cannot become two total visit sessions (101.494833ms)
✔ expiry cleanup never turns an uncertain original operation into a second insertion (38.060917ms)
ℹ tests 71
ℹ suites 0
ℹ pass 71
ℹ fail 0
ℹ cancelled 0
ℹ skipped 0
ℹ todo 0
ℹ duration_ms 13896.873917
