
> landing-site@0.1.0 test:redesign:games
> node --test --test-timeout=90000 scripts/test-station-game-saves.mjs scripts/test-station-game-pages.mjs scripts/test-station-game-client.mjs scripts/test-station-game-runtime.mjs

✔ entry missing offers only the appropriate action without writes (11.585208ms)
✔ entry valid offers only the appropriate action without writes (9.716583ms)
✔ entry corrupt offers only the appropriate action without writes (4.108542ms)
✔ entry unsupported offers only the appropriate action without writes (3.677125ms)
✔ member missing is local-only evidence; unreadable storage is not a new game (7.186459ms)
✔ late successful session cannot re-enable launch after a newer failed check or disposal (3.951875ms)
✔ zh-Hant: canonical catalog, safe detail and reserved runtime (8.6565ms)
✔ zh-Hans: canonical catalog, safe detail and reserved runtime (0.160083ms)
✔ en: canonical catalog, safe detail and reserved runtime (0.08325ms)
✔ ja: canonical catalog, safe detail and reserved runtime (0.076959ms)
✔ closed page ownership before method, query and binding: {} (0.792916ms)
✔ closed page ownership before method, query and binding: {"STATION_GAME_PAGES_ENABLED":"true"} (0.2805ms)
✔ closed page ownership before method, query and binding: {"STATION_CONTENT_PUBLIC_ENABLED":"true"} (0.280459ms)
✔ closed page ownership before method, query and binding: {"STATION_GAME_PAGES_ENABLED":"true","STATION_CONTENT_PUBLIC_ENABLED":"false"} (0.226416ms)
✔ internal shells are never directly published and unknown descendants remain with existing handler (0.454334ms)
✔ rendered DTO is escaped, has no unconfirmed continue button and unregistered launch paths cannot navigate (0.279208ms)
✔ zh-Hant: actual Worker/D1/R2 renders catalog, intro, language links and original runtime (3834.567416ms)
✔ zh-Hans: actual Worker/D1/R2 renders catalog, intro, language links and original runtime (11.435917ms)
✔ en: actual Worker/D1/R2 renders catalog, intro, language links and original runtime (10.053667ms)
✔ ja: actual Worker/D1/R2 renders catalog, intro, language links and original runtime (9.080333ms)
✔ half-enabled rollout does not own new game paths; registered runtime remains reachable under every mode (5.778709ms)
✔ actual Worker only enables same-origin runtime framing for gated valid launch requests (7.205292ms)
✔ canonical alias/no-slash redirects, unmapped detail and method/query errors (12.217708ms)
✔ screenshots are actual prior runtime capture bytes and go through controlled assets with revocation (22.361208ms)
✔ read-only classifier: corrupt (5.669ms)
✔ read-only classifier: unsupported (4.300084ms)
✔ read-only classifier: missing (4.2865ms)
✔ read-only classifier: valid (3.880791ms)
✔ empty strings, empty objects, null, arrays, incomplete state and malformed cats are corrupt, never missing (10.235375ms)
✔ unavailable storage is distinct from missing and cannot be created (3.204583ms)
✔ legacy schema 0, 1 and 2 are detected without writes and migrate real progress only when loaded (21.319625ms)
✔ legacy empty cat arrays retain currency and volume through the established repair migration (20.133875ms)
✔ corrupt is preserved through load, create, save, autosave and rejected import (4.967917ms)
✔ unsupported is preserved through load, create, save, autosave and rejected import (3.088334ms)
✔ fresh game writes only a missing slot and a quota error does not report a successful save (3.197375ms)
✔ valid slot changed by another tab is not overwritten, including another compatible save (9.835792ms)
✔ explicit recovery backs up exact damaged bytes then imports compatible progress (6.174333ms)
✔ backup denial, backup verification failure and target race all refuse replacement (18.541291ms)
✔ guest claim and account slot selection are read-only and never use a cached ID as authentication (5.882417ms)
✔ actual main startup and lifecycle retain corrupt guest (3.781291ms)
✔ actual main startup and lifecycle retain future guest (3.42ms)
✔ actual main startup and lifecycle retain unreadable storage (3.367792ms)
✔ actual main startup and lifecycle retain corrupt member (3.846041ms)
✔ actual main startup and lifecycle retain unknown session (4.115833ms)
✔ actual account activation refuses corrupt destination and never copies member A to missing member B (10.261458ms)
✔ existing duplicate cat identities use the established repair migration without rewriting during detection (6.301541ms)
✔ explicit restore refuses an already-observed target changed before file selection completes (9.890333ms)
✔ original export Blob contains exact input bytes and causes no save writes (3.049541ms)
✔ actual cloud client rechecks session after-cloud-read (7.311542ms)
✔ actual cloud client rechecks session before-upload (12.716583ms)
✔ actual cloud client rechecks session same-account (10.132375ms)
✔ malformed known progress blocks are preserved instead of being normalised into fresh defaults (23.536042ms)
ℹ tests 52
ℹ suites 0
ℹ pass 52
ℹ fail 0
ℹ cancelled 0
ℹ skipped 0
ℹ todo 0
ℹ duration_ms 4076.719375
