
> landing-site@0.1.0 test:mobile:production
> node --test --test-timeout=120000 scripts/test-mobile-production.mjs scripts/test-mobile-production-association.mjs scripts/test-mobile-production-service.mjs && python3 scripts/test-mobile-production-migrations.py

✔ clean-checkout association stays unavailable and does not disclose identity or redirect (2.342834ms)
✔ association denies alternate hosts, paths, queries and writes before configuration (0.645958ms)
✔ website assets cannot shadow the native browser or association gates (4.178416ms)
✔ production GET/HEAD require current markers once per request and publish only exact routes (1.109333ms)
✔ R2 association stays scoped to its staging app and two root music paths (0.502917ms)
▶ shared link cases match serialized AASA exact paths, independently of client query validation
  ✔ production-music-track (0.048541ms)
  ✔ production-music-collection (0.029166ms)
  ✔ production-music--track (0.03125ms)
  ✔ production-music--collection (0.047417ms)
  ✔ production-en-music-track (0.049625ms)
  ✔ production-en-music-collection (0.028ms)
  ✔ production-en-music--track (0.074458ms)
  ✔ production-en-music--collection (0.050334ms)
  ✔ production-ja-music-track (0.023291ms)
  ✔ production-ja-music-collection (0.022167ms)
  ✔ production-ja-music--track (0.017084ms)
  ✔ production-ja-music--collection (0.014292ms)
  ✔ production-zh-hans-music-track (0.013583ms)
  ✔ production-zh-hans-music-collection (0.015458ms)
  ✔ production-zh-hans-music--track (0.013708ms)
  ✔ production-zh-hans-music--collection (0.012667ms)
  ✔ production-zh-hant-music-track (0.01375ms)
  ✔ production-zh-hant-music-collection (0.020958ms)
  ✔ production-zh-hant-music--track (0.013833ms)
  ✔ production-zh-hant-music--collection (0.0145ms)
  ✔ production-callback (0.020292ms)
  ✔ production-callback-trailing-slash (0.017709ms)
  ✔ production-empty-selection (0.012166ms)
  ✔ production-invalid-track (0.011417ms)
  ✔ production-empty-collection (0.011416ms)
  ✔ production-duplicate-track (0.011417ms)
  ✔ production-mixed-selection (0.038209ms)
  ✔ production-identity-query (0.011167ms)
  ✔ production-unknown-query (0.011167ms)
  ✔ production-fragment (0.0115ms)
  ✔ production-nested-music (0.015292ms)
  ✔ production-case-music (0.015ms)
  ✔ production-encoded-music (0.018167ms)
  ✔ production-encoded-slash (0.013791ms)
  ✔ production-unlisted-locale (0.015958ms)
  ✔ production-case-locale (0.014375ms)
  ✔ production-home (0.011459ms)
  ✔ production-reader (0.011208ms)
  ✔ production-admin (0.013084ms)
  ✔ production-public-api (0.016542ms)
  ✔ production-other-environment (0.01175ms)
  ✔ production-unassociated-host (0.011208ms)
  ✔ production-lookalike-host (0.017375ms)
  ✔ r2-music-track (0.013ms)
  ✔ r2-music-collection (0.011459ms)
  ✔ r2-music--track (0.010958ms)
  ✔ r2-music--collection (0.012125ms)
  ✔ r2-callback (0.010834ms)
  ✔ r2-callback-trailing-slash (0.011042ms)
  ✔ r2-empty-selection (0.022209ms)
  ✔ r2-invalid-track (0.010333ms)
  ✔ r2-empty-collection (0.010083ms)
  ✔ r2-duplicate-track (0.010125ms)
  ✔ r2-mixed-selection (0.010041ms)
  ✔ r2-identity-query (0.01025ms)
  ✔ r2-unknown-query (0.011875ms)
  ✔ r2-fragment (0.011917ms)
  ✔ r2-nested-music (0.012209ms)
  ✔ r2-case-music (0.010417ms)
  ✔ r2-encoded-music (0.014084ms)
  ✔ r2-encoded-slash (0.01425ms)
  ✔ r2-unlisted-locale (0.010666ms)
  ✔ r2-case-locale (0.011916ms)
  ✔ r2-home (0.011042ms)
  ✔ r2-reader (0.013708ms)
  ✔ r2-admin (0.012541ms)
  ✔ r2-public-api (0.011167ms)
  ✔ r2-localized-en (0.010791ms)
  ✔ r2-localized-ja (0.010417ms)
  ✔ r2-localized-zh-hans (0.010584ms)
  ✔ r2-localized-zh-hant (0.010208ms)
  ✔ r2-other-environment (0.010083ms)
  ✔ r2-unassociated-host (0.009875ms)
  ✔ r2-lookalike-host (0.009875ms)
✔ shared link cases match serialized AASA exact paths, independently of client query validation (2.578667ms)
✔ canonical track and album cases are generated by the actual website share helper in all four locales (0.334584ms)
✔ private readiness is complete, owner-only, loopback-scoped and removed on idempotent close (27.327125ms)
✔ invalid output directories and preexisting readiness cannot be adopted or overwritten (6.620958ms)
✔ every control and forwarding route requires exactly one correct proof (18.789042ms)
✔ forwarding never redirects and preserves raw body, status, Cookie and Location (6.523542ms)
✔ only canonical production native URLs and supported methods enter the fixture (23.393167ms)
✔ header allowlist blocks proof, host, forwarding metadata, aliases and injection (10.549125ms)
✔ JSON/base64 shape and input byte budget are enforced before dispatch (12.399292ms)
✔ response and evidence budgets fail with categories, never input or exception text (11.393ms)
✔ unfinished request bodies and stalled fixture responses have an absolute deadline (5007.670583ms)
✔ the lifetime request budget bounds evidence and blocks additional dispatches (161.252375ms)
✔ CLI starts the real production fixture without outbound requests and shuts down cleanly (4515.568542ms)
✔ production candidate preserves website boundaries and is closed with empty origins and no result secret (4137.3895ms)
✔ candidate rejects all known isolated resources, wrong account and mismatched proof (0.661458ms)
✔ closed, wrong-profile, bad host/callback and isolated key requests reject before data bindings (4.068375ms)
✔ production deletion prepare/confirm/status never access a data binding even when flag is true (0.378125ms)
✔ isolated configuration rejects case and trailing-dot aliases of reserved production hosts before bindings (0.527167ms)
✔ private writer is create-only and rejects checkout paths and symlink destinations (3.99275ms)
✔ all 37 website migrations retain all 50 existing table definitions beside native and marker tables (7.443791ms)
✔ production-shaped runtime validates each binding exactly once; exposes honest capabilities (12.691584ms)
✔ ready production AASA GET and HEAD use the same binding proof and expose only the production App ID (31.981875ms)
✔ missing, changed and swapped binding proof fail before native writes and are rechecked next request (59.839375ms)
✔ production password/PKCE/refresh use existing account and never translate website cookies (57.513166ms)
✔ production TOTP remains mandatory and consumed codes cannot replay (67.031167ms)
✔ production native registration cannot claim an existing magic-link account or its membership and points (106.636291ms)
✔ production native registration creates only a fresh account, without issuing a website or native session (53.938417ms)
✔ production registration atomically rejects a legacy account created between its read and write (43.381916ms)
✔ failed production credential insertion rolls back its newly inserted account (40.29575ms)
✔ website registration cannot bypass the ownership guard for a legacy account even with native auth disabled (98.629166ms)
✔ fresh website registration retains the authenticated response and HttpOnly Cookie contract (46.443208ms)
✔ website registration also rejects a legacy account created between its read and atomic write (41.707666ms)
✔ existing website password session survives native login and the two credential types never substitute for each other (87.905625ms)
✔ TOTP password reset preserves account and membership but invalidates previous web and native credentials (150.855583ms)
✔ production maintenance cannot advance a deletion outbox (35.66075ms)
✔ production catalog and R2 grants retain free/VIP access and sync remains account-scoped (195.65ms)
ℹ tests 115
ℹ suites 0
ℹ pass 115
ℹ fail 0
ℹ cancelled 0
ℹ skipped 0
ℹ todo 0
ℹ duration_ms 9850.924583
............
----------------------------------------------------------------------
Ran 12 tests in 0.483s

OK
