
> landing-site@0.1.0 test:mobile:music
> node --test --test-timeout=90000 scripts/test-mobile-music.mjs

✔ isolated gates stay closed unless explicitly enabled; config accurately reports music (2744.520833ms)
✔ free catalog/search/detail project no storage keys or credentials; pagination rejects stale cursor (71.284042ms)
✔ free grant and separate preview stream GET HEAD Range with object identity checks (105.090083ms)
✔ VIP grants require same account AND same session on every request, never Cookie fallback (120.804916ms)
✔ invalid Bearer does not silently become anonymous, even for free/preview/catalog (33.52425ms)
✔ free and preview remain public; non-VIP cannot mint full VIP grant (55.897875ms)
✔ expiry, revocation, blocked account, password changes deny before R2 (300.853625ms)
✔ membership expiry, VIP delivery off, publication withdrawn are checked every Range (121.215917ms)
✔ limited free expires at boundary; old grant cannot deliver free bytes afterwards (1639.952416ms)
✔ token rotation in same session retains grant binding; old bearer fails (77.470333ms)
✔ entitlements are music projection only and do not mutate site membership (50.698625ms)
✔ missing membership DB table fails closed without R2 access (80.216958ms)
✔ lyrics retain Unicode, offset, multi-timestamps and audio version (52.427667ms)
✔ album order and pagination use only visible published members (85.265417ms)
✔ replaced storage object is rejected; malformed mode and version never authorize (40.043084ms)
✔ featured preserves configured primary/secondary/collection order and never invents empty recommendations (308.455875ms)
✔ rotation fixture uses real refresh route and preserves family absolute expiry (62.889875ms)
✔ offline permits are isolated, revision-bound permanent-free full audio only (111.060083ms)
ℹ tests 18
ℹ suites 0
ℹ pass 18
ℹ fail 0
ℹ cancelled 0
ℹ skipped 0
ℹ todo 0
ℹ duration_ms 6204.861375
