
> landing-site@0.1.0 check:redesign:release
> node scripts/verify-station-release-readiness.mjs

{
  "launchReady": false,
  "productionDeployed": false,
  "legacyClosureVerified": false,
  "unsatisfied": [
    "exact-head-ci",
    "production-schema",
    "production-backup",
    "real-promotion-rights",
    "production-build",
    "production-route-contract",
    "performance",
    "devices-accessibility",
    "compatible-rollback-monitoring",
    "production-authorization"
  ],
  "authority": "review checklist only; separate execution authorization required"
}
