
> landing-site@0.1.0 test:redesign:reports
> node --test --test-timeout=90000 scripts/test-station-reports.mjs scripts/test-station-report-client.mjs scripts/test-station-report-boundaries.mjs scripts/test-station-report-runtime.mjs

✔ midnight in-flight event blocks both manual and daily snapshots until its append completes (57.848459ms)
✔ expired in-flight batch is fenced before sealing and cannot append late or receive a success (40.806291ms)
✔ a delayed registration and an older collector are rejected at the database boundary after sealing (42.195833ms)
✔ 0018 invalidates unsealed archives but retains platform figures, their receipts and raw events (52.985958ms)
✔ successful platform insertion then a 401 preserves the command across reload and prevents a duplicate (40.283833ms)
▶ post-write identity or local journal failure preserves pending operations in both workspaces
  ✔ content: 401 (0.190041ms)
  ✔ content: 403 (0.076625ms)
  ✔ content: actor (0.069291ms)
  ✔ content: storage (0.083292ms)
  ✔ reports: 401 (0.092833ms)
  ✔ reports: 403 (0.192084ms)
  ✔ reports: actor (0.069375ms)
  ✔ reports: storage (0.049292ms)
✔ post-write identity or local journal failure preserves pending operations in both workspaces (1.317458ms)
✔ a terminal authorization error during recovery cannot clear an earlier acknowledged operation (0.2215ms)
✔ report journal is separate and reload retries only the exact original platform command (1.723958ms)
✔ pending reports cannot launch another write or replay an old content publication (0.176833ms)
✔ changed actor and unavailable storage stop report writes before requests (0.090584ms)
✔ expired original operation remains pending for explicit reconciliation (0.114083ms)
✔ slow old report does not verify/repaint over a newer window (0.120125ms)
✔ changed actor or query errors do not return a report; dispose discards in-flight work (0.098834ms)
✔ zero and missing values remain distinct, and source names are unambiguous (6.506458ms)
✔ native minute-only datetime values produce the canonical UTC format accepted by the server (2.00875ms)
✔ report requests retain same-origin/no-store controls and reject arbitrary paths (11.517917ms)
▶ actual Worker, verified Access and native D1 report transactions
  ✔ forged/expired Access and email headers cannot read report data (14.996125ms)
  ✔ report/content/version-off gates return 503 without installing schema or writes (18.2355ms)
  ✔ actual native report reproduces the sample math and private cache policy (11.277333ms)
  ✔ duplicate query, unknown dimensions and wrong methods fail without data (5.844792ms)
  ✔ 0017 ledger deletion fails closed and schema is not auto-created (20.662042ms)
  ✔ 0018 sealing ledger must be confirmed independently (21.445958ms)
  ✔ same-origin write gate and read-only editor protect native inserts (13.273292ms)
  ✔ retention-off blocks writes, aggregation-off blocks capture without blocking reads (6.9985ms)
  ✔ original native operation retry creates one manual record, not click-derived plays (12.990375ms)
  ✔ stale/native edit conflict cannot alter an imported identity (11.8425ms)
  ✔ expired keys cannot insert again when no operation receipt remains (25.057542ms)
  ✔ closed native capture is idempotent and audit excludes report payload (18.450792ms)
  ✔ real successful POST followed by verified Access 401 recovers the original key without a second row (35.691958ms)
  ✔ real built admin shell is noindex and existing content workspace links it (4.607666ms)
✔ actual Worker, verified Access and native D1 report transactions (6807.537334ms)
▶ native D1 transaction fences delayed appends against manual window sealing
  ✔ active flight drains before immutable capture (420.205667ms)
  ✔ expired flight cannot commit after sealing (367.858708ms)
✔ native D1 transaction fences delayed appends against manual window sealing (6893.353167ms)
✔ strict UTC half-open windows, bounded dimensions, namespaced sources and leap-year expiry (0.765542ms)
✔ disabled/version-off reports never touch bindings or install tables (0.289917ms)
✔ exact 0016/0017/0018 ledgers and columns required, without demanding R2 or public page flags (88.025042ms)
✔ fixed arithmetic: four views, three session/song pairs, five clicks, two converted pairs (42.382208ms)
✔ platform filter keeps visit/preview denominator and limits click numerator only (52.189541ms)
✔ same session across two songs remains two pairs; orphan clicks do not fabricate conversion (44.035708ms)
✔ cross-window visits, absent visits and known material attribution remain separate (43.04175ms)
✔ a later visit or a visit exactly thirty minutes earlier cannot link a click (43.201083ms)
✔ server receipt time controls windows; legacy/non-consented dictionaries never mix (45.569917ms)
✔ real zero independent totals, missing rates, no ready confirmation and absent external data (39.928ms)
✔ invalid entity ownership rejected; archived publication does not erase historical stats (41.379ms)
✔ DTO never emits visitor identifiers, raw receipts, URLs, accounts or credentials (40.050791ms)
✔ manual platform zero, provenance, window mismatch and withdrawn state stay independent (44.873167ms)
✔ manual data requires platform declaration and known bounded source, count and observed time (39.640375ms)
✔ stable idempotency replays only same actor/command; revisions and identity require CAS (41.12425ms)
✔ zero-write fault rolls back external row, audit and operation receipt as one D1 transaction (40.074583ms)
✔ snapshot saves exact closed window; retry does not duplicate, mutable and personal JSON rejected (40.959917ms)
✔ dedicated audits and operation receipts contain metadata, not report values/source payload (42.1605ms)
✔ stale or disabled retention closes manual writes and snapshot capture (40.253959ms)
✔ daily archives retain no visitor IDs; cross-day counts can add but session conversions cannot (83.415666ms)
✔ exact saved multi-day query can restore its original rate after raw event expiry (41.688958ms)
✔ unbuilt historical day is unavailable, while completed absent intersections are known zero (82.144541ms)
✔ controlled calendar expiry works with reports/aggregation off and leaves old domain untouched (41.779ms)
✔ bounded scheduler resumes a cursor and rejects expired raw source rather than skipping it (40.653333ms)
✔ maintenance has independent off gates and bounded first-run statement count (43.441292ms)
✔ query budget rejects rather than silently truncates accepted events (0.173ms)
✔ migration names alone do not admit an incomplete raw-event schema (43.418292ms)
✔ a repeated session/song pair across UTC days cannot become two total visit sessions (106.822375ms)
✔ expiry cleanup never turns an uncertain original operation into a second insertion (41.730583ms)
ℹ tests 71
ℹ suites 0
ℹ pass 71
ℹ fail 0
ℹ cancelled 0
ℹ skipped 0
ℹ todo 0
ℹ duration_ms 13875.225667
