
> landing-site@0.1.0 test:redesign:games
> node --test --test-timeout=90000 scripts/test-station-game-saves.mjs scripts/test-station-game-pages.mjs scripts/test-station-game-client.mjs scripts/test-station-game-runtime.mjs

✔ entry missing offers only the appropriate action without writes (13.285209ms)
✔ entry valid offers only the appropriate action without writes (8.637667ms)
✔ entry corrupt offers only the appropriate action without writes (4.702ms)
✔ entry unsupported offers only the appropriate action without writes (3.842917ms)
✔ member missing is local-only evidence; unreadable storage is not a new game (7.134375ms)
✔ late successful session cannot re-enable launch after a newer failed check or disposal (3.887083ms)
✔ zh-Hant: canonical catalog, safe detail and reserved runtime (9.179208ms)
✔ zh-Hans: canonical catalog, safe detail and reserved runtime (0.170583ms)
✔ en: canonical catalog, safe detail and reserved runtime (0.076208ms)
✔ ja: canonical catalog, safe detail and reserved runtime (0.073333ms)
✔ closed page ownership before method, query and binding: {} (0.55475ms)
✔ closed page ownership before method, query and binding: {"STATION_GAME_PAGES_ENABLED":"true"} (0.65575ms)
✔ closed page ownership before method, query and binding: {"STATION_CONTENT_PUBLIC_ENABLED":"true"} (0.626542ms)
✔ closed page ownership before method, query and binding: {"STATION_GAME_PAGES_ENABLED":"true","STATION_CONTENT_PUBLIC_ENABLED":"false"} (0.489417ms)
✔ internal shells are never directly published and unknown descendants remain with existing handler (0.827959ms)
✔ rendered DTO is escaped, has no unconfirmed continue button and unregistered launch paths cannot navigate (0.532292ms)
✔ zh-Hant: actual Worker/D1/R2 renders catalog, intro, language links and original runtime (3485.982ms)
✔ zh-Hans: actual Worker/D1/R2 renders catalog, intro, language links and original runtime (11.034167ms)
✔ en: actual Worker/D1/R2 renders catalog, intro, language links and original runtime (11.680875ms)
✔ ja: actual Worker/D1/R2 renders catalog, intro, language links and original runtime (9.787417ms)
✔ half-enabled rollout does not own new game paths; registered runtime remains reachable under every mode (5.921958ms)
✔ canonical alias/no-slash redirects, unmapped detail and method/query errors (11.032042ms)
✔ screenshots are actual prior runtime capture bytes and go through controlled assets with revocation (27.741709ms)
✔ read-only classifier: corrupt (5.289ms)
✔ read-only classifier: unsupported (3.513167ms)
✔ read-only classifier: missing (3.381541ms)
✔ read-only classifier: valid (4.13875ms)
✔ empty strings, empty objects, null, arrays, incomplete state and malformed cats are corrupt, never missing (10.766791ms)
✔ unavailable storage is distinct from missing and cannot be created (3.395833ms)
✔ legacy schema 0, 1 and 2 are detected without writes and migrate real progress only when loaded (20.869042ms)
✔ legacy empty cat arrays retain currency and volume through the established repair migration (19.974875ms)
✔ corrupt is preserved through load, create, save, autosave and rejected import (3.740666ms)
✔ unsupported is preserved through load, create, save, autosave and rejected import (4.41075ms)
✔ fresh game writes only a missing slot and a quota error does not report a successful save (3.180291ms)
✔ valid slot changed by another tab is not overwritten, including another compatible save (8.909708ms)
✔ explicit recovery backs up exact damaged bytes then imports compatible progress (6.595458ms)
✔ backup denial, backup verification failure and target race all refuse replacement (20.109542ms)
✔ guest claim and account slot selection are read-only and never use a cached ID as authentication (6.148167ms)
✔ actual main startup and lifecycle retain corrupt guest (3.849541ms)
✔ actual main startup and lifecycle retain future guest (5.747292ms)
✔ actual main startup and lifecycle retain unreadable storage (4.488709ms)
✔ actual main startup and lifecycle retain corrupt member (4.034209ms)
✔ actual main startup and lifecycle retain unknown session (3.180792ms)
✔ actual account activation refuses corrupt destination and never copies member A to missing member B (10.165042ms)
✔ existing duplicate cat identities use the established repair migration without rewriting during detection (7.584167ms)
✔ explicit restore refuses an already-observed target changed before file selection completes (10.320292ms)
✔ original export Blob contains exact input bytes and causes no save writes (3.518125ms)
✔ actual cloud client rechecks session after-cloud-read (8.469667ms)
✔ actual cloud client rechecks session before-upload (12.523042ms)
✔ actual cloud client rechecks session same-account (10.074667ms)
✔ malformed known progress blocks are preserved instead of being normalised into fresh defaults (23.713459ms)
ℹ tests 51
ℹ suites 0
ℹ pass 51
ℹ fail 0
ℹ cancelled 0
ℹ skipped 0
ℹ todo 0
ℹ duration_ms 3736.126792
