Cat Life Game cloud save tests passed.
✔ scripts/test-cat-life-cloud-saves.mjs (252.763208ms)
Cat Life Game commerce contract tests passed.
✔ scripts/test-cat-life-commerce-contract.mjs (37.738584ms)
Cat Life Game content manifest tests passed.
Cat Life Game website integration tests passed.
✔ scripts/test-cat-life-game-integration.mjs (110.441042ms)
Gentle care checks passed: away windows, hidden timers, rescue, legacy backups, identity, schema and 3-language UI.
✔ P2: short focus/visibility/reload syncs preserve partial decay and disease periods (24.541792ms)
✔ P2: real twin births in the same millisecond survive normalize, export and import (0.979375ms)
✔ P2: existing colliding twin records retain both cats with stable repaired IDs (1.652083ms)
✔ P2: same-clock litters avoid a pre-existing sparse ID collision (0.223917ms)
✔ P2: a fresh global meta timestamp cannot hide 24-hour-old v2 cat trackers (0.477958ms)
✔ P3: emergency meal uses real-time hunger before the next timer sync (0.121083ms)
✔ P3: current v3 build preserves a future v4 save through repeated loads, saves and rejected imports (0.657333ms)
✔ P3: 1.28.0 release version and three-language notes appear for a 1.24.0 save (1.09975ms)
✔ feeding displays actual capped deltas and the exact consumed inventory (20.99225ms)
✔ pregnant food quantity, no-change receipt and no invented memory (35.889666ms)
✔ double activation is ignored; deliberate next action and later same action work (4.286667ms)
✔ failed and unavailable cats cannot retain a success receipt (5.671708ms)
✔ feedback is pure, not serialized, and cannot cross save/account identity (6.160375ms)
✔ animation clock survives rerenders and ends; other cats keep their own artwork (4.799292ms)
✔ all seven actions stay available through the tray and additional care (6.059833ms)
✔ localized feedback and hostile names are safe in all supported languages (5.352791ms)
✔ memory reads and latest selection do not reorder saved entries (5.428959ms)
✔ veteran and novice guidance point to one real control without duplicate care actions (6.424958ms)
✔ additional care guidance and all localized completion labels resolve safely (5.143667ms)
✔ real greeting, feeding and play are recorded once; failed and no-op care is not a memory (18.545ms)
✔ veterans record effective care independently from the learning path, with no added rewards (7.75425ms)
✔ legacy bond is undated, no aggregate counters fabricate a first feed; normalization is idempotent (9.070459ms)
✔ timestamps and per-cat identity survive rename, local save and import; duplicate IDs retain separate journals (8.461541ms)
✔ actual treatment and recovery record after success, failed legacy backup changes nothing (6.597625ms)
✔ same-millisecond actions across cats and clock rollback still show the latest actual interaction (6.195041ms)
✔ invalid/duplicate records are bounded and future journal versions are preserved without writing (8.081291ms)
✔ all event and stage copy is localized; escaped names, locked cats and complete bond have honest UI (17.790125ms)
✔ only healthy ordinary orange cats receive the rig; queries do not mutate saves (1.494458ms)
✔ lazy loader avoids file URLs and reduced motion, deduplicates loads and never retries errors on each render (0.670875ms)
✔ existing live tick reacts only to preference changes and reuses the runtime (1.097417ms)
✔ approved soft loop is present unchanged, without shipping WAV or soundbank (2.168875ms)
✔ init/render are lazy; repeated unlock, page changes and renders share one loop (4.766416ms)
✔ muting, volume zero and background pause; cached loop resumes at its position (1.496208ms)
✔ disabled or invalid volume never starts music, including first gesture (2.175958ms)
✔ late download cannot restart muted or hidden playback (1.723625ms)
✔ failed loads stay quiet, do not retry on render, and recover after a gesture (0.610583ms)
✔ custom music wins over an in-flight default download; pages do not restart it (1.131291ms)
✔ selecting custom audio stops the default; clearing returns to the cached position (1.041625ms)
✔ first-care path: real cat → supplies → effective feed → play → settled job (19.000917ms)
✔ supply claims survive reload/import; renders, failed actions and no-op feeds never add care days (11.746209ms)
✔ three non-consecutive UTC dates; repeat care, time away and rollback do not consume opportunities (6.293791ms)
✔ first clinic aid is charged once, survives reload, and no treatment is granted by a render (19.463667ms)
✔ unclaimed packages remain available after graduation, with the oldest package first and no duplicates after reload (6.174042ms)
✔ a later learning day allows missed packages but never unlocks a fourth or an unearned stage (4.05ms)
✔ zero resources, both hungry: rescue → player meal → meet/supplies → useful care; no fabricated rewards (6.960208ms)
✔ legacy saves resume honest counters without inventing dates, veteran saves skip lessons, future learning versions are retained (6.270542ms)
✔ missing, locked, deceased, sheltered and multi-cat recommendations target only the actual companion (5.175167ms)
✔ realtime hunger and stamina guide the player to food or sleep; pregnancy and premium stock are respected (6.140375ms)
✔ global recommendations scan every rescue reason, including missing litter and deceased companions among living cats (6.314292ms)
✔ journey landmarks describe learning, returning and rescue states in every locale (5.1795ms)
✔ learning prevents new infections, not existing illness or the permanent gentle-care safety system (3.824209ms)
✔ all three languages resolve new literal and dynamic keys; one primary action and semantic progress (4.344167ms)
✔ zh-CN: latest only; all archived notes retained and collapsed (6.311917ms)
✔ en: latest only; all archived notes retained and collapsed (1.729792ms)
✔ ja: latest only; all archived notes retained and collapsed (1.891042ms)
✔ view-only expansion, empty history, language fallback and escaping (2.624042ms)
✔ zh-CN: public latest release only, translated UI, no state mutations (6.380791ms)
✔ en: public latest release only, translated UI, no state mutations (2.324083ms)
✔ ja: public latest release only, translated UI, no state mutations (2.918541ms)
✔ current notes are snapshotted and the share text keeps all notes, never old history (1.43575ms)
✔ untrusted locale cannot leak current origin, extra parameters or a fragment (1.133459ms)
✔ wrapping is bounded, prefers word boundaries, and preserves graphemes (9.947833ms)
✔ illustration and font stay lean and local; QR vendor matches the licensed dependency (3.052791ms)
ℹ tests 66
ℹ suites 0
ℹ pass 66
ℹ fail 0
ℹ cancelled 0
ℹ skipped 0
ℹ todo 0
ℹ duration_ms 258.623167
