
> landing-site@0.1.0 test:browser
> playwright test

[WebServer] (node:12788) Warning: The 'NO_COLOR' env is ignored due to the 'FORCE_COLOR' env being set.
[WebServer] (Use `node --trace-warnings ...` to show where the warning was created)

Running 148 tests using 1 worker

(node:12789) Warning: The 'NO_COLOR' env is ignored due to the 'FORCE_COLOR' env being set.
(Use `node --trace-warnings ...` to show where the warning was created)
  ✓    1 scripts/browser-tests/cat-life-cloud-save.spec.mjs:43:1 › migrates a legacy guest save before first cloud upload and blocks oversized follow-up writes (7.4s)
  ✓    2 scripts/browser-tests/cat-life-cloud-save.spec.mjs:96:1 › lists recovery records and restores a selected cloud revision (432ms)
  ✓    3 scripts/browser-tests/cat-life-cloud-save.spec.mjs:160:1 › shows the conflict chooser when another session wins the revision race (5.5s)
  ✓    4 scripts/browser-tests/cat-life-cloud-save.spec.mjs:199:1 › keeps member recovery controls reachable at mobile width (154ms)
  ✓    5 scripts/browser-tests/cat-life-commerce-refresh.spec.mjs:81:3 › out-of-order commerce responses cannot overwrite latest state: older-success (430ms)
  ✓    6 scripts/browser-tests/cat-life-commerce-refresh.spec.mjs:81:3 › out-of-order commerce responses cannot overwrite latest state: older-failure (394ms)
  ✓    7 scripts/browser-tests/cat-life-commerce-refresh.spec.mjs:81:3 › out-of-order commerce responses cannot overwrite latest state: newer-guest (393ms)
  ✓    8 scripts/browser-tests/cat-life-commerce-refresh.spec.mjs:81:3 › out-of-order commerce responses cannot overwrite latest state: newer-failure (394ms)
  ✓    9 scripts/browser-tests/cat-life-commerce-refresh.spec.mjs:117:3 › a refresh rejects inconsistent endpoint identities: different-accounts (211ms)
  ✓   10 scripts/browser-tests/cat-life-commerce-refresh.spec.mjs:117:3 › a refresh rejects inconsistent endpoint identities: different-authentication (210ms)
  ✓   11 scripts/browser-tests/cat-life-commerce-refresh.spec.mjs:132:7 › arcade slot rules survive successful commerce and background render at 390px (268ms)
  ✓   12 scripts/browser-tests/cat-life-commerce-refresh.spec.mjs:132:7 › arcade slot rules survive failed commerce and background render at 390px (262ms)
  ✓   13 scripts/browser-tests/cat-life-commerce-refresh.spec.mjs:132:7 › arcade lottery rules survive successful commerce and background render at 390px (269ms)
  ✓   14 scripts/browser-tests/cat-life-commerce-refresh.spec.mjs:132:7 › arcade lottery rules survive failed commerce and background render at 390px (258ms)
  ✓   15 scripts/browser-tests/cat-life-commerce-refresh.spec.mjs:158:3 › lottery digit retains value and focus across background and commerce render at 390px (258ms)
  ✓   16 scripts/browser-tests/cat-life-commerce-refresh.spec.mjs:174:3 › care rules remain open and focused across background and commerce render at 390px (205ms)
  ✓   17 scripts/browser-tests/cat-life-commerce-refresh.spec.mjs:198:5 › background focus rejects disabled replacement at 390px (201ms)
  ✓   18 scripts/browser-tests/cat-life-commerce-refresh.spec.mjs:198:5 › background focus rejects duplicate replacement at 390px (297ms)
  ✓   19 scripts/browser-tests/cat-life-commerce-refresh.spec.mjs:198:5 › background focus rejects other-region replacement at 390px (201ms)
  ✓   20 scripts/browser-tests/cat-life-commerce-refresh.spec.mjs:238:3 › member entitlement initialization updates ownership without interrupting editing at 390px (311ms)
  ✓   21 scripts/browser-tests/cat-life-commerce-refresh.spec.mjs:273:7 › initial commerce success preserves cats draft and selection at 390px (204ms)
  ✓   22 scripts/browser-tests/cat-life-commerce-refresh.spec.mjs:273:7 › initial commerce success preserves save draft and selection at 390px (225ms)
  ✓   23 scripts/browser-tests/cat-life-commerce-refresh.spec.mjs:294:5 › initial commerce success preserves rename button focus and unsubmitted draft at 390px (208ms)
  ✓   24 scripts/browser-tests/cat-life-commerce-refresh.spec.mjs:273:7 › initial commerce failure preserves cats draft and selection at 390px (203ms)
  ✓   25 scripts/browser-tests/cat-life-commerce-refresh.spec.mjs:273:7 › initial commerce failure preserves save draft and selection at 390px (313ms)
  ✓   26 scripts/browser-tests/cat-life-commerce-refresh.spec.mjs:294:5 › initial commerce failure preserves rename button focus and unsubmitted draft at 390px (225ms)
  ✓   27 scripts/browser-tests/cat-life-commerce-refresh.spec.mjs:313:3 › late commerce response preserves current navigation focus without reopening an old page at 390px (229ms)
  ✓   28 scripts/browser-tests/cat-life-commerce-refresh.spec.mjs:132:7 › arcade slot rules survive successful commerce and background render at 1280px (270ms)
  ✓   29 scripts/browser-tests/cat-life-commerce-refresh.spec.mjs:132:7 › arcade slot rules survive failed commerce and background render at 1280px (289ms)
  ✓   30 scripts/browser-tests/cat-life-commerce-refresh.spec.mjs:132:7 › arcade lottery rules survive successful commerce and background render at 1280px (267ms)
  ✓   31 scripts/browser-tests/cat-life-commerce-refresh.spec.mjs:132:7 › arcade lottery rules survive failed commerce and background render at 1280px (273ms)
  ✓   32 scripts/browser-tests/cat-life-commerce-refresh.spec.mjs:158:3 › lottery digit retains value and focus across background and commerce render at 1280px (296ms)
  ✓   33 scripts/browser-tests/cat-life-commerce-refresh.spec.mjs:174:3 › care rules remain open and focused across background and commerce render at 1280px (208ms)
  ✓   34 scripts/browser-tests/cat-life-commerce-refresh.spec.mjs:198:5 › background focus rejects disabled replacement at 1280px (260ms)
  ✓   35 scripts/browser-tests/cat-life-commerce-refresh.spec.mjs:198:5 › background focus rejects duplicate replacement at 1280px (230ms)
  ✓   36 scripts/browser-tests/cat-life-commerce-refresh.spec.mjs:198:5 › background focus rejects other-region replacement at 1280px (328ms)
  ✓   37 scripts/browser-tests/cat-life-commerce-refresh.spec.mjs:238:3 › member entitlement initialization updates ownership without interrupting editing at 1280px (334ms)
  ✓   38 scripts/browser-tests/cat-life-commerce-refresh.spec.mjs:273:7 › initial commerce success preserves cats draft and selection at 1280px (244ms)
  ✓   39 scripts/browser-tests/cat-life-commerce-refresh.spec.mjs:273:7 › initial commerce success preserves save draft and selection at 1280px (193ms)
  ✓   40 scripts/browser-tests/cat-life-commerce-refresh.spec.mjs:294:5 › initial commerce success preserves rename button focus and unsubmitted draft at 1280px (240ms)
  ✓   41 scripts/browser-tests/cat-life-commerce-refresh.spec.mjs:273:7 › initial commerce failure preserves cats draft and selection at 1280px (242ms)
  ✓   42 scripts/browser-tests/cat-life-commerce-refresh.spec.mjs:273:7 › initial commerce failure preserves save draft and selection at 1280px (211ms)
  ✓   43 scripts/browser-tests/cat-life-commerce-refresh.spec.mjs:294:5 › initial commerce failure preserves rename button focus and unsubmitted draft at 1280px (268ms)
  ✓   44 scripts/browser-tests/cat-life-commerce-refresh.spec.mjs:313:3 › late commerce response preserves current navigation focus without reopening an old page at 1280px (287ms)
  ✓   45 scripts/browser-tests/cat-life-commerce.spec.mjs:101:3 › room purchase, decoration, reload and revocation through UI at 1440px (1.5s)
  ✓   46 scripts/browser-tests/cat-life-commerce.spec.mjs:101:3 › room purchase, decoration, reload and revocation through UI at 390px (1.7s)
  ✓   47 scripts/browser-tests/cat-life-commerce.spec.mjs:183:1 › bench avoidance repairs old full-room layouts visually, survives resize and constrains dragging (2.1s)
  ✓   48 scripts/browser-tests/cat-life-commerce.spec.mjs:269:3 › localized offer scope and support links fit mobile: en (725ms)
  ✓   49 scripts/browser-tests/cat-life-commerce.spec.mjs:269:3 › localized offer scope and support links fit mobile: zh-CN (830ms)
  ✓   50 scripts/browser-tests/cat-life-commerce.spec.mjs:269:3 › localized offer scope and support links fit mobile: zh-Hant (747ms)
  ✓   51 scripts/browser-tests/cat-life-commerce.spec.mjs:269:3 › localized offer scope and support links fit mobile: ja (862ms)
  ✓   52 scripts/browser-tests/cat-life-commerce.spec.mjs:304:1 › uncertain redemption preserves the retry key and never promises no debit (582ms)
  ✓   53 scripts/browser-tests/cat-life-commerce.spec.mjs:327:1 › redeems an active skin with server data only and applies the official entitlement (640ms)
  ✓   54 scripts/browser-tests/cat-life-commerce.spec.mjs:398:1 › shows active products to guests but routes redemption through member sign-in (256ms)
  ✓   55 scripts/browser-tests/cat-life-commerce.spec.mjs:419:1 › keeps the normal shop and member store as separate pages (395ms)
  ✓   56 scripts/browser-tests/cat-life-commerce.spec.mjs:464:1 › keeps live player condition only in the masthead and exposes work progression (254ms)
  ✓   57 scripts/browser-tests/cat-life-commerce.spec.mjs:476:1 › keeps compact mouse controls while restoring 44px touch targets (135ms)
  ✓   58 scripts/browser-tests/cat-life-commerce.spec.mjs:490:1 › opens the separate member store from mobile More without horizontal overflow (316ms)
  ✓   59 scripts/browser-tests/cat-life-commerce.spec.mjs:510:1 › unlocks the complete station room option set from an account entitlement (223ms)
  ✓   60 scripts/browser-tests/cat-life-commerce.spec.mjs:539:1 › keeps forged premium room values visually locked for a guest and fits mobile width (122ms)
  ✓   61 scripts/browser-tests/cat-life-commerce.spec.mjs:579:1 › does not reuse another account offline entitlement cache after an account switch (136ms)
  ✓   62 scripts/browser-tests/cat-life-commerce.spec.mjs:601:1 › keeps cosmetics offline after verifying the same account without enabling redemption (225ms)
  ✓   63 scripts/browser-tests/cat-life-commerce.spec.mjs:629:1 › cached account and cosmetics cannot start the game when the session is unavailable (82ms)
  ✓   64 scripts/browser-tests/cat-life-commerce.spec.mjs:649:1 › removes equipped premium visuals after the server revokes their entitlements (289ms)
  ✓   65 scripts/browser-tests/cat-life-gentle-care.spec.mjs:43:1 › leaving does not overwrite a compatible slot changed outside the running game (188ms)
  ✓   66 scripts/browser-tests/cat-life-gentle-care.spec.mjs:59:1 › 390px: welcome back after a week, rescue and emergency meal remain usable after reload (402ms)
  ✓   67 scripts/browser-tests/cat-life-gentle-care.spec.mjs:84:1 › temporary care connects cats, hospital, collection and backpack without consuming supplies (397ms)
  ✓   68 scripts/browser-tests/cat-life-gentle-care.spec.mjs:99:1 › old loss stays opt-in and recovery keeps a local backup and the same bond (323ms)
  ✓   69 scripts/browser-tests/cat-life-gentle-care.spec.mjs:115:1 › focus plus reload preserves two partial 20-minute care intervals (255ms)
  ✓   70 scripts/browser-tests/cat-life-gentle-care.spec.mjs:133:1 › v2 import honors old cat trackers despite fresh meta and shows the new release notice (491ms)
  ✓   71 scripts/browser-tests/cat-life-interaction-polish.spec.mjs:18:39 › 390px veteran: guidance locates one care action; settlement is inline once (2.0s)
  ✓   72 scripts/browser-tests/cat-life-interaction-polish.spec.mjs:18:39 › 390px novice: guidance locates one care action; settlement is inline once (2.0s)
  ✓   73 scripts/browser-tests/cat-life-interaction-polish.spec.mjs:46:3 › 390px: find additional care opens details without consuming; orange focus survives redraw (277ms)
  ✓   74 scripts/browser-tests/cat-life-interaction-polish.spec.mjs:18:39 › 1280px veteran: guidance locates one care action; settlement is inline once (2.0s)
  ✓   75 scripts/browser-tests/cat-life-interaction-polish.spec.mjs:18:39 › 1280px novice: guidance locates one care action; settlement is inline once (2.0s)
  ✓   76 scripts/browser-tests/cat-life-interaction-polish.spec.mjs:46:3 › 1280px: find additional care opens details without consuming; orange focus survives redraw (279ms)
  ✓   77 scripts/browser-tests/cat-life-interaction-polish.spec.mjs:70:1 › home care keeps success toast; failed care on the cat page keeps errors (13.6s)
  ✓   78 scripts/browser-tests/cat-life-interactions.spec.mjs:16:40 › 390px: scene, honest receipt, stable three-action layout and additional care (2.1s)
  ✓   79 scripts/browser-tests/cat-life-interactions.spec.mjs:16:40 › 1040px: scene, honest receipt, stable three-action layout and additional care (2.1s)
  ✓   80 scripts/browser-tests/cat-life-interactions.spec.mjs:16:40 › 1280px: scene, honest receipt, stable three-action layout and additional care (2.1s)
  ✓   81 scripts/browser-tests/cat-life-interactions.spec.mjs:40:1 › double click across replacement settles once; background render resumes the animation clock (1.8s)
  ✓   82 scripts/browser-tests/cat-life-interactions.spec.mjs:57:1 › rest and play have distinct animation, reduced motion disables it; reload clears only UI feedback (409ms)
  ✓   83 scripts/browser-tests/cat-life-memories.spec.mjs:20:1 › 390px: actual care creates memories; home opens the correct journal, reload and rename retain entries (11.8s)
  ✓   84 scripts/browser-tests/cat-life-memories.spec.mjs:57:1 › journal expansion survives actions and focus refresh while nickname drafts are kept (473ms)
  ✓   85 scripts/browser-tests/cat-life-memories.spec.mjs:84:1 › most recent memory selects its own cat instead of the previously selected cat (332ms)
  ✓   86 scripts/browser-tests/cat-life-memories.spec.mjs:105:3 › zh-CN: legacy milestones have no invented dates; complete bond and future journal remain readable (427ms)
  ✓   87 scripts/browser-tests/cat-life-memories.spec.mjs:105:3 › en: legacy milestones have no invented dates; complete bond and future journal remain readable (364ms)
  ✓   88 scripts/browser-tests/cat-life-memories.spec.mjs:105:3 › ja: legacy milestones have no invented dates; complete bond and future journal remain readable (413ms)
  ✓   89 scripts/browser-tests/cat-life-motion.spec.mjs:25:40 › 390px: CSP-safe rig actually draws; feeding preserves settlement, focus and canvas through redraw (2.7s)
  ✓   90 scripts/browser-tests/cat-life-motion.spec.mjs:25:40 › 1040px: CSP-safe rig actually draws; feeding preserves settlement, focus and canvas through redraw (2.9s)
  ✓   91 scripts/browser-tests/cat-life-motion.spec.mjs:25:40 › 1280px: CSP-safe rig actually draws; feeding preserves settlement, focus and canvas through redraw (2.9s)
  ✓   92 scripts/browser-tests/cat-life-motion.spec.mjs:55:1 › reduced motion, membership and non-orange/sheltered/dead cats retain their original art (1.6s)
  ✓   93 scripts/browser-tests/cat-life-motion.spec.mjs:76:1 › asset failure keeps a visible image and care still settles (238ms)
  ✓   94 scripts/browser-tests/cat-life-motion.spec.mjs:84:1 › home and room use animated cats; repeated routes and save replacement cannot retain stale canvases (2.7s)
  ✓   95 scripts/browser-tests/cat-life-motion.spec.mjs:103:1 › entering the room during a care reaction resumes the rig when the reaction expires (2.6s)
  ✓   96 scripts/browser-tests/cat-life-music.spec.mjs:34:3 › 390px: approved AAC decodes after gesture, loops and survives all page changes without restarting (670ms)
  ✓   97 scripts/browser-tests/cat-life-music.spec.mjs:49:3 › 390px: mute, volume and hidden/BFCache restoration pause and resume the same decoded track (699ms)
  ✓   98 scripts/browser-tests/cat-life-music.spec.mjs:34:3 › 1280px: approved AAC decodes after gesture, loops and survives all page changes without restarting (701ms)
  ✓   99 scripts/browser-tests/cat-life-music.spec.mjs:49:3 › 1280px: mute, volume and hidden/BFCache restoration pause and resume the same decoded track (702ms)
  ✓  100 scripts/browser-tests/cat-life-music.spec.mjs:76:1 › native decoded loop crosses the 75-second boundary without a silent padding gap (619ms)
  ✓  101 scripts/browser-tests/cat-life-music.spec.mjs:92:1 › delayed asset cannot play after mute; failed requests stay quiet until a fresh gesture (786ms)
  ✓  102 scripts/browser-tests/cat-life-music.spec.mjs:112:1 › existing custom music stays selected, pauses/resumes, and clearing restores the new default (688ms)
  ✓  103 scripts/browser-tests/cat-life-onboarding.spec.mjs:17:1 › 390px first visit: meet, claim once, feed, play and finish real work; progress survives reload (894ms)
  ✓  104 scripts/browser-tests/cat-life-onboarding.spec.mjs:55:1 › a week away retains the second package and care date; welcome-home does not earn a learning day (457ms)
  ✓  105 scripts/browser-tests/cat-life-onboarding.spec.mjs:86:1 › first clinic aid works with no coins, synchronizes with hospital UI and cannot be reused (576ms)
  ✓  106 scripts/browser-tests/cat-life-onboarding.spec.mjs:115:1 › third care day completes at UTC midnight without needing navigation, while free rescue remains (435ms)
  ✓  107 scripts/browser-tests/cat-life-onboarding.spec.mjs:139:1 › return recommendations stay useful for veterans, and three locales fit 390px and desktop (398ms)
  ✓  108 scripts/browser-tests/cat-life-onboarding.spec.mjs:166:1 › focus, visibility and real background updates preserve unsubmitted names and import text (339ms)
  ✓  109 scripts/browser-tests/cat-life-onboarding.spec.mjs:206:1 › an unclaimed third package survives midnight and reload without extending protection or allowing duplicates (487ms)
  ✓  110 scripts/browser-tests/cat-life-onboarding.spec.mjs:234:1 › home rescues overlooked companions first and keeps in-place meals on the care route (294ms)
  ✓  111 scripts/browser-tests/cat-life-release-history.spec.mjs:9:34 › 390px: release history stays folded until requested, preserving focus and expansion on refresh (789ms)
  ✓  112 scripts/browser-tests/cat-life-release-history.spec.mjs:9:34 › 1280px: release history stays folded until requested, preserving focus and expansion on refresh (745ms)
  ✓  113 scripts/browser-tests/cat-life-review-interactions.spec.mjs:64:3 › 390px: rescue successors stay stationary under an edge hover and accept ordinary clicks (2.9s)
  ✓  114 scripts/browser-tests/cat-life-review-interactions.spec.mjs:99:70 › 390px: live sampler rejects move after observing a redraw (1.5s)
  ✓  115 scripts/browser-tests/cat-life-review-interactions.spec.mjs:99:70 › 390px: live sampler rejects hidden after observing a redraw (344ms)
  ✓  116 scripts/browser-tests/cat-life-review-interactions.spec.mjs:99:70 › 390px: live sampler rejects deleted after observing a redraw (329ms)
  ✓  117 scripts/browser-tests/cat-life-review-interactions.spec.mjs:99:70 › 390px: live sampler rejects duplicate after observing a redraw (330ms)
  ✓  118 scripts/browser-tests/cat-life-review-interactions.spec.mjs:122:3 › 390px: expanding ten memories retains visible keyboard focus without moving the control (318ms)
  ✓  119 scripts/browser-tests/cat-life-review-interactions.spec.mjs:64:3 › 1280px: rescue successors stay stationary under an edge hover and accept ordinary clicks (2.9s)
  ✓  120 scripts/browser-tests/cat-life-review-interactions.spec.mjs:99:70 › 1280px: live sampler rejects move after observing a redraw (1.5s)
  ✓  121 scripts/browser-tests/cat-life-review-interactions.spec.mjs:99:70 › 1280px: live sampler rejects hidden after observing a redraw (374ms)
  ✓  122 scripts/browser-tests/cat-life-review-interactions.spec.mjs:99:70 › 1280px: live sampler rejects deleted after observing a redraw (346ms)
  ✓  123 scripts/browser-tests/cat-life-review-interactions.spec.mjs:99:70 › 1280px: live sampler rejects duplicate after observing a redraw (365ms)
  ✓  124 scripts/browser-tests/cat-life-review-interactions.spec.mjs:122:3 › 1280px: expanding ten memories retains visible keyboard focus without moving the control (407ms)
  ✓  125 scripts/browser-tests/cat-life-share.spec.mjs:38:3 › 390px zh-Hant: real PNG, decodable QR, public latest notes and responsive dialog (827ms)
  ✓  126 scripts/browser-tests/cat-life-share.spec.mjs:38:3 › 390px en: real PNG, decodable QR, public latest notes and responsive dialog (823ms)
  ✓  127 scripts/browser-tests/cat-life-share.spec.mjs:38:3 › 390px ja: real PNG, decodable QR, public latest notes and responsive dialog (825ms)
  ✓  128 scripts/browser-tests/cat-life-share.spec.mjs:38:3 › 1040px zh-Hant: real PNG, decodable QR, public latest notes and responsive dialog (847ms)
  ✓  129 scripts/browser-tests/cat-life-share.spec.mjs:38:3 › 1040px en: real PNG, decodable QR, public latest notes and responsive dialog (781ms)
  ✓  130 scripts/browser-tests/cat-life-share.spec.mjs:38:3 › 1040px ja: real PNG, decodable QR, public latest notes and responsive dialog (946ms)
  ✓  131 scripts/browser-tests/cat-life-share.spec.mjs:38:3 › 1280px zh-Hant: real PNG, decodable QR, public latest notes and responsive dialog (827ms)
  ✓  132 scripts/browser-tests/cat-life-share.spec.mjs:38:3 › 1280px en: real PNG, decodable QR, public latest notes and responsive dialog (884ms)
  ✓  133 scripts/browser-tests/cat-life-share.spec.mjs:38:3 › 1280px ja: real PNG, decodable QR, public latest notes and responsive dialog (779ms)
  ✓  134 scripts/browser-tests/cat-life-share.spec.mjs:74:1 › explicit redraw and actual commerce completion keep the image, selection and focused controls (488ms)
  ✓  135 scripts/browser-tests/cat-life-share.spec.mjs:88:79 › failed station-letter.webp can retry without offering a broken PNG (473ms)
  ✓  136 scripts/browser-tests/cat-life-share.spec.mjs:88:79 › failed letter-title.ttf can retry without offering a broken PNG (500ms)
  ✓  137 scripts/browser-tests/cat-life-share.spec.mjs:88:79 › failed qrcode.js can retry without offering a broken PNG (538ms)
  ✓  138 scripts/browser-tests/cat-life-share.spec.mjs:98:1 › closing while generation is pending cannot resurrect a dialog or leak object URLs (607ms)
  ✓  139 scripts/browser-tests/cat-life-share.spec.mjs:120:1 › clipboard failure selects manual copy, success copies the clean public link (490ms)
  ✓  140 scripts/browser-tests/cat-life-share.spec.mjs:132:72 › native share success uses a prepared file and truthful feedback (466ms)
  ✓  141 scripts/browser-tests/cat-life-share.spec.mjs:132:72 › native share cancel uses a prepared file and truthful feedback (462ms)
  ✓  142 scripts/browser-tests/cat-life-share.spec.mjs:132:72 › native share failure uses a prepared file and truthful feedback (464ms)
  ✓  143 scripts/browser-tests/cat-life-share.spec.mjs:132:72 › native share unsupported uses a prepared file and truthful feedback (431ms)
  ✓  144 scripts/browser-tests/cat-life-storybook.spec.mjs:36:1 › keeps the storybook shell coherent across every desktop game page (2.2s)
  ✓  145 scripts/browser-tests/cat-life-storybook.spec.mjs:205:1 › keeps hospital treatment copy and patient profile selection aligned (303ms)
  ✓  146 scripts/browser-tests/cat-life-storybook.spec.mjs:245:1 › fits the storybook shell, cat stage, shop tabs, and More menu at 390px (624ms)
  ✓  147 scripts/browser-tests/cat-life-storybook.spec.mjs:314:1 › aligns the website account action with the language control (224ms)
  ✓  148 scripts/browser-tests/site-mobile-header.spec.mjs:11:1 › keeps the localized mobile homepage navigation in an equal two-by-two grid (119ms)

  148 passed (2.3m)
