✔ initialization and selection never set a media URL or play; one controller per element (0.796042ms)
✔ play is synchronous, but playing state is driven by native events, not Promise resolution (2.045166ms)
✔ A/B/C rapid replacement ignores old play failures and old resource events (0.625792ms)
✔ pausing an unresolved play keeps silence and ignores its later rejection (0.574917ms)
✔ an earlier play attempt cannot overwrite a later resume on the same source (0.396125ms)
✔ buffering only while playback intended; genuine end stops with no automatic next song (0.296542ms)
✔ blocked and unsupported playback produce recoverable, non-payment errors (0.927125ms)
✔ seek uses native metadata and seekable ranges; invalid values cannot corrupt progress (0.388042ms)
✔ pause event queued by media failure does not erase the error state (0.235875ms)
✔ replacement clears progress and preview uses its own independent URL and duration (0.19375ms)
✔ destroy unloads the source, removes listeners and invalidates pending work (0.407542ms)
✔ volume and mute follow native properties; snapshots cannot mutate internal state (0.082083ms)
✔ public catalog adapter canonicalizes media identity and fails closed on malformed policy (0.330333ms)
✔ namespace stays separate from UUID music/native/services; default flag stops before any binding access (12.482625ms)
✔ actual schema columns, ledger and cleanup view are required; probes never install missing schema (34.888917ms)
✔ ledger alone cannot prove the extension view; read failures are fixed 503 errors (58.148541ms)
✔ migration/backfilled home remains empty until explicitly published; no latest-free fallback (33.952583ms)
✔ public fields are allowlisted; platform-only works and locale fallback never spreads metadata (35.403291ms)
✔ draft edits do not replace sealed public snapshots; scheduled, future and archived heads disappear (35.370292ms)
✔ invalid query, duplicate parameters, methods and paths fail before DB/R2 (27.124334ms)
✔ keyset pagination has stable ID tie breaks, title/artist search, bounded limits and filtered-page progress (36.150333ms)
✔ canonical alias lookup returns canonical links without treating old music descendants as already migrated (34.200875ms)
✔ default 20/max 50 are actual SQL page limits and cannot dump the whole catalog (37.889458ms)
✔ duplicate/escaped keys, prototypes and oversized stored metadata are rejected, including related references (32.534541ms)
✔ platform visibility requires actual live verification, provider host and trusted territory; query/header claims cannot override (30.150042ms)
✔ independent guest preview requires current enabled promotion and owned approved resource; no account/full object lookup (30.087833ms)
✔ stopped/draft/future promotions revoke current preview and home; old free featured state is irrelevant (31.159958ms)
✔ rights, source identity and object freshness independently prevent preview delivery (29.570333ms)
✔ a preview copied from the entire full file or referencing another owner cannot pass independent clip proof (30.094458ms)
✔ free_full hint on VIP does not grant access; guest, ordinary, expired and real member responses stay distinct (33.095541ms)
✔ finite account/session revocation and membership DB failures are rechecked on direct HEAD/Range requests (57.304667ms)
✔ legacy flags and current legacy revision still control full media, including time-limited free music (32.5445ms)
✔ authorized audio streams bounded ranges, HEAD and If-Range; no GET on denied HEAD or stale website versions (30.30125ms)
✔ generic asset paths never deliver full/preview files, even to members; public cover and lyric stream only current references (30.092959ms)
✔ object replacement between HEAD and conditional GET cannot leak different bytes (26.847917ms)
✔ an R2 body arriving after the request deadline is cancelled instead of becoming a late response (116.869625ms)
✔ video requires current published parent, matching video/poster rights, dimensions and ready objects (32.178417ms)
✔ game detail preserves the real runtime directory; unregistered stored launch paths cannot become launch promises (27.728ms)
✔ asset IDs colliding across music/media domains are omitted rather than resolved by arrival order (27.679208ms)
✔ published home ignores concurrent drafts and removes revoked promotions/media on each fresh projection (31.253708ms)
music_rate_limit_failure {
  version: 1,
  category: 'catalog',
  stage: 'source',
  reason: 'operation_failed'
}
✔ bounded rate admission distinguishes 429 from service failure and request budgets expire without publication writes (140.238459ms)
✔ existing UUID catalog retains its contract and old qualification metric after the extension is populated (32.693291ms)
✔ production Worker dispatch is default closed; actual empty D1 fails readiness without automatic DDL (421.789292ms)
✔ explicit local fixture migration enables published queries only, with a separate reader binding and actual ledger (1694.810125ms)
✔ native D1 publication pointer coexists with drafts; clip/game/home DTO and actual R2 streaming agree (26.46325ms)
✔ native guest preview is independent; generic assets cannot deliver audio; private full responses use real existing membership (36.243875ms)
✔ actual R2 replacement and rights revocation are visible immediately, including conditional requests and home (43.819ms)
✔ old UUID catalog and real game runtime address still dispatch separately; no new event writes (22.71125ms)
✔ unselected draft remains empty without choosing a free/latest fallback (1.137875ms)
✔ published IDs and revision drive direct destinations, three selections and four clips (0.565042ms)
✔ synthetic configuration needs explicit fixture option and cannot enter a normal consumer (0.358375ms)
✔ draft, mismatched revision, scheduled/future or missing configuration cannot publish (0.816375ms)
✔ promotion must be explicitly enabled, published and refer to a public parent (0.486625ms)
✔ missing, revoked, private, mismatched or duplicate cover references hide the work (0.4215ms)
✔ repeated track IDs are ambiguous and never pick a row by order (0.109667ms)
✔ selectors de-duplicate IDs and exclude the featured work (0.194333ms)
✔ empty optional summary does not hide an otherwise published song or game (0.163917ms)
✔ missing video and missing platforms produce distinct honest states (0.191084ms)
✔ only selected, live, verified and correctly owned platform links survive (0.786042ms)
✔ public link syntax rejects credentials, tokens, scripts, private hosts and fixture paths (1.083833ms)
✔ preview requires enabled, ready, independently typed public and rights-confirmed clip (0.709833ms)
✔ revoking a clip, poster or platform removes the reference on next projection (0.38075ms)
✔ clips require both selection lists, public parent, ready poster and public media (0.550042ms)
✔ game revocation removes its card and related update without starting a runtime (0.111625ms)
✔ a game introduction never occupies the existing cat-life runtime namespace (0.226541ms)
✔ locale routing and translation fallback retain the stable selected IDs (0.289916ms)
✔ allowlist projection never forwards private audio, storage, entitlement or extra fields (0.157167ms)
✔ four locales keep canonical home/music paths and five navigation entries reuse existing services (0.703542ms)
✔ five-entry navigation uses the existing member and about pages (0.968125ms)
✔ language changes retain valid public music selections, discarding private and duplicated parameters (0.308958ms)
✔ future single-song and game routes keep their entity when switching language (0.121459ms)
✔ selected state recognizes descendants and aliases without confusing service paths (0.230625ms)
✔ language links never move the existing game runtime into a localized introduction path (0.099166ms)
✔ policy links retain four existing locale prefixes and reject arbitrary destinations (0.39925ms)
ℹ tests 74
ℹ suites 0
ℹ pass 74
ℹ fail 0
ℹ cancelled 0
ℹ skipped 0
ℹ todo 0
ℹ duration_ms 2424.627542
