✔ operational order prefers only current enabled promotion, keeps stable ties, and preserves legacy no-sort contract (56.515459ms)
✔ latest release uses first global live verified date; unknowns follow, planned/future rows do not rank (34.576167ms)
✔ new cursors bind sort, search and locale while v1 no-sort callers continue to page (32.793542ms)
✔ stale legacy audio hint cannot publish a full source; the hint never contains a private audio URL (28.031958ms)
✔ route boundaries retain aliases and refuse runtime/API namespaces; either flag off preserves the old handler without reading bindings (1.663791ms)
✔ an enabled detail route must prove a published mapping before claiming an unknown or withdrawn address (29.280875ms)
✔ a public full-playback hint is rendered as unchecked access in every language, without ready or entitlement claims (0.413958ms)
✔ public preview adapter controls both versions, and full adapter needs an exact private handshake (0.201541ms)
✔ a selected home summary cannot erase the catalog media contract for the same song (0.074125ms)
✔ shared player retains old UUID default, has no source before explicit play, and resets on promotion source change (0.535916ms)
✔ untrusted custom sources cannot disturb a selected source (0.157583ms)
✔ HTML/JSON escaping preserves readable titles and story without executable markup; missing sections collapse (0.220625ms)
✔ external buttons revalidate provider hosts and never fabricate planned or missing links (0.094709ms)
✔ selected songs remain visible without a featured promotion; an entirely unconfigured catalog stays empty (0.160583ms)
✔ bounded response readers reject deceptive length and invalid UTF-8 and cancel oversized streams (0.48575ms)
ℹ tests 15
ℹ suites 0
ℹ pass 15
ℹ fail 0
ℹ cancelled 0
ℹ skipped 0
ℹ todo 0
ℹ duration_ms 232.785875
