
> landing-site@0.1.0 test:redesign:acceptance
> node --test --test-timeout=90000 scripts/test-station-core-acceptance.mjs scripts/test-station-music-focus.mjs

▶ T21 integrated native Assets/Worker/D1/R2 fixture and collection boundaries
  ✔ isolated current migrations are in order and both cleanup prerequisites are healthy (36.542292ms)
  ✔ A01 pending homepage stays silent while the unrelated synthetic catalog exists (10.56025ms)
  ✔ A02 public DTO permits separate preview but still requires old full-playback access (23.493083ms)
  ✔ A11 registered exact tuple stays local while malicious attribution loses all raw fields (42.579833ms)
  ✔ A12 accepted event retry and ten-second qualification append once through HTTP (25.021459ms)
  ✔ A19 collector outage leaves guest preview and navigation usable (14.227458ms)
  ✔ A17 isolated retirees are real 410 and original runtime is still available (11.870583ms)
  ✔ preview accepts no admin/financial/cloud mutations or rollout headers from the browser (9.908334ms)
  ✔ fixture scenario choices are bounded and do not authorize remote access (0.9835ms)
✔ T21 integrated native Assets/Worker/D1/R2 fixture and collection boundaries (6595.35825ms)
✔ T21 network profile rejects arbitrary proxy/configuration targets (0.371292ms)
✔ full access completion restores the focused button after native disabling (0.659166ms)
✔ late access completion preserves a newer user focus or open dialog (0.169834ms)
✔ detached, disposed, still-disabled and originally unfocused buttons cannot claim focus (0.204166ms)
ℹ tests 14
ℹ suites 0
ℹ pass 14
ℹ fail 0
ℹ cancelled 0
ℹ skipped 0
ℹ todo 0
ℹ duration_ms 6886.8495
