
> landing-site@0.1.0 build
> npm run build:novel-payment-config && astro build


> landing-site@0.1.0 build:novel-payment-config
> node scripts/build-novel-payment-config.mjs

Content directory is missing and ALLOW_EMPTY_SERIAL_CONTENT=1 is set: src/content/serials
Content directory is missing and ALLOW_EMPTY_SERIAL_CONTENT=1 is set: src/content/serialChapters
Generated src/generated/novelPaymentConfig.js
Generated src/generated/protectedSerialContent.js
Generated .generated/protected-serial-content/manifest.json
19:47:52 [content] Syncing content
19:47:52 [WARN] [glob-loader] The base directory "/Users/shaola/Downloads/软件开发/多品牌网站开发相关/station-cat-redesign/src/content/serials/" does not exist.
19:47:52 [WARN] [glob-loader] The base directory "/Users/shaola/Downloads/软件开发/多品牌网站开发相关/station-cat-redesign/src/content/serialChapters/" does not exist.
19:47:52 [content] Synced content
19:47:52 [types] Generated 107ms
19:47:52 [build] output: "static"
19:47:52 [build] mode: "static"
19:47:52 [build] directory: /Users/shaola/Downloads/软件开发/多品牌网站开发相关/station-cat-redesign/dist/
19:47:52 [build] Collecting build info...
19:47:52 [build] ✓ Completed in 124ms.
19:47:52 [build] Building static entrypoints...
19:47:54 [vite] ✓ built in 1.59s
19:47:54 [build] ✓ Completed in 1.61s.

 building client (vite) 
19:47:54 [vite] transforming...
19:47:54 [vite] ✓ 155 modules transformed.
19:47:54 [vite] rendering chunks...
19:47:54 [vite] computing gzip size...
19:47:54 [vite] dist/_astro/musicWavWorker-C01nK5QT.js                                             3.92 kB
19:47:54 [vite] dist/_astro/musicWav.9BdbpA8K.js                                                   0.22 kB │ gzip:  0.20 kB
19:47:54 [vite] dist/_astro/LanguageSwitcher.astro_astro_type_script_index_0_lang.0w10PJ6o.js      0.28 kB │ gzip:  0.22 kB
19:47:54 [vite] dist/_astro/musicResponse.kb_2zO3V.js                                              0.55 kB │ gzip:  0.38 kB
19:47:54 [vite] dist/_astro/pagePaths.Adk3jqEz.js                                                  0.82 kB │ gzip:  0.48 kB
19:47:54 [vite] dist/_astro/routes.aEcEp9VA.js                                                     1.06 kB │ gzip:  0.52 kB
19:47:54 [vite] dist/_astro/readerSessionEvents.w3_YrQMX.js                                        1.24 kB │ gzip:  0.67 kB
19:47:54 [vite] dist/_astro/BrandNavigation.astro_astro_type_script_index_0_lang.K1Wc2ITw.js       1.49 kB │ gzip:  0.65 kB
19:47:54 [vite] dist/_astro/musicWavClient.B5OSgJBY.js                                             1.62 kB │ gzip:  1.03 kB
19:47:54 [vite] dist/_astro/policy.BI0F0d4k.js                                                     1.74 kB │ gzip:  0.67 kB
19:47:54 [vite] dist/_astro/navigation.-iYZuZPj.js                                                 2.08 kB │ gzip:  1.01 kB
19:47:54 [vite] dist/_astro/musicLyrics.By8ik3ey.js                                                2.43 kB │ gzip:  1.25 kB
19:47:54 [vite] dist/_astro/saveStatus.paMg3Qau.js                                                 2.45 kB │ gzip:  1.15 kB
19:47:54 [vite] dist/_astro/musicLocalData.rQlht5YK.js                                             3.51 kB │ gzip:  1.59 kB
19:47:54 [vite] dist/_astro/musicPlayerCatalog.CpHbaAqm.js                                         5.62 kB │ gzip:  1.95 kB
19:47:54 [vite] dist/_astro/musicPlayerCore.BLCSmwrZ.js                                            6.61 kB │ gzip:  2.65 kB
19:47:54 [vite] dist/_astro/membership-refunds.astro_astro_type_script_index_0_lang.D5AVE-_i.js    7.88 kB │ gzip:  3.49 kB
19:47:54 [vite] dist/_astro/musicAdminClient.DZjb8Vic.js                                           8.79 kB │ gzip:  4.60 kB
19:47:54 [vite] dist/_astro/index.astro_astro_type_script_index_0_lang.CAs18f6E.js                 9.32 kB │ gzip:  4.30 kB
19:47:54 [vite] dist/_astro/featured.astro_astro_type_script_index_0_lang.CD52UChh.js              9.91 kB │ gzip:  4.33 kB
19:47:54 [vite] dist/_astro/MemberServices.astro_astro_type_script_index_0_lang.XzYe-rch.js       10.12 kB │ gzip:  3.87 kB
19:47:54 [vite] dist/_astro/musicAlbumBatch.D_0hL1LF.js                                           14.16 kB │ gzip:  5.69 kB
19:47:54 [vite] dist/_astro/memberCopy.C4PFFiz1.js                                                14.27 kB │ gzip:  5.32 kB
19:47:54 [vite] dist/_astro/ClientRouter.astro_astro_type_script_index_0_lang.CDGfc0hd.js         15.36 kB │ gzip:  5.28 kB
19:47:54 [vite] dist/_astro/MusicShell.astro_astro_type_script_index_0_lang.BRAI3qQH.js           16.37 kB │ gzip:  6.17 kB
19:47:54 [vite] dist/_astro/GameShell.astro_astro_type_script_index_0_lang.G5D44Hbl.js            17.32 kB │ gzip:  7.51 kB
19:47:54 [vite] dist/_astro/collections.astro_astro_type_script_index_0_lang.BDNE4DA4.js          26.09 kB │ gzip:  9.69 kB
19:47:54 [vite] dist/_astro/musicPlayerView.xEVvdQ2E.js                                           28.62 kB │ gzip: 11.57 kB
19:47:54 [vite] dist/_astro/musicMessages.CEK1zCWu.js                                             35.42 kB │ gzip: 13.29 kB
19:47:54 [vite] dist/_astro/music.astro_astro_type_script_index_0_lang.Di2tC65X.js                37.61 kB │ gzip: 14.67 kB
19:47:54 [vite] dist/_astro/ReaderLibraryPage.astro_astro_type_script_index_0_lang.BdJIgCIu.js    52.49 kB │ gzip: 17.43 kB
19:47:54 [vite] dist/_astro/articles.astro_astro_type_script_index_0_lang.BcPitxtp.js            139.70 kB │ gzip: 58.17 kB
19:47:54 [vite] dist/_astro/MusicPlayer.astro_astro_type_script_index_0_lang.D-zENOU0.js         169.17 kB │ gzip: 63.41 kB
19:47:54 [vite] ✓ built in 376ms

 generating static routes 
19:47:54 ▶ src/pages/404.astro
19:47:54   └─ /404.html (+4ms) 
19:47:54 ▶ src/pages/about.astro
19:47:54   └─ /about/index.html (+1ms) 
19:47:54 ▶ src/pages/admin/articles.astro
19:47:54   └─ /admin/articles/index.html (+2ms) 
19:47:54 ▶ src/pages/admin/membership-refunds.astro
19:47:54   └─ /admin/membership-refunds/index.html (+0ms) 
19:47:54 ▶ src/pages/admin/music/collections/upload/index.astro
19:47:54   └─ /admin/music/collections/upload/index.html (+1ms) 
19:47:54 ▶ src/pages/admin/music/collections.astro
19:47:54   └─ /admin/music/collections/index.html (+0ms) 
19:47:54 ▶ src/pages/admin/music/featured.astro
19:47:54   └─ /admin/music/featured/index.html (+0ms) 
19:47:54 ▶ src/pages/admin/music.astro
19:47:54   └─ /admin/music/index.html (+1ms) 
19:47:54 ▶ src/pages/admin/waitlist.astro
19:47:54   └─ /admin/waitlist/index.html (+1ms) 
19:47:54 ▶ src/pages/admin.astro
19:47:54   └─ /admin/index.html (+1ms) 
19:47:54 ▶ src/pages/admin-v2/index.astro
19:47:54   └─ /admin-v2/index.html (+4ms) 
19:47:54 ▶ src/pages/android.astro
19:47:54   └─ /android/index.html (+0ms) 
19:47:54 ▶ src/pages/devlog/[slug].astro
19:47:54   ├─ /devlog/2026-05-17-snapcopy-testing/index.html (+1ms) 
19:47:54   ├─ /devlog/2026-05-17-station-cat-homepage/index.html (+0ms) 
19:47:54   ├─ /devlog/2026-05-19-snapcopy-v1-4-devlog/index.html (+0ms) 
19:47:54   ├─ /devlog/2026-05-31-snapcopy-v1-64-devlog/index.html (+0ms) 
19:47:54   ├─ /devlog/2026-06-14-simplecut-pro-user-first-video-editing/index.html (+0ms) 
19:47:54   └─ /devlog/2026-06-21-station-cat-serial-fiction-channel/index.html (+0ms) 
19:47:54 ▶ src/pages/devlog/index.astro
19:47:54   └─ /devlog/index.html (+1ms) 
19:47:54 ▶ src/pages/download.astro
19:47:54   └─ /download/index.html (+0ms) 
19:47:54 ▶ src/pages/en/404.astro
19:47:54   └─ /en/404/index.html (+0ms) 
19:47:54 ▶ src/pages/en/apps/caption-ai/android.astro
19:47:54   └─ /en/apps/caption-ai/android/index.html (+1ms) 
19:47:54 ▶ src/pages/en/apps/caption-ai/download.astro
19:47:54   └─ /en/apps/caption-ai/download/index.html (+1ms) 
19:47:54 ▶ src/pages/en/apps/caption-ai/privacy.astro
19:47:54   └─ /en/apps/caption-ai/privacy/index.html (+0ms) 
19:47:54 ▶ src/pages/en/apps/caption-ai/support.astro
19:47:54   └─ /en/apps/caption-ai/support/index.html (+0ms) 
19:47:54 ▶ src/pages/en/apps/caption-ai/terms.astro
19:47:54   └─ /en/apps/caption-ai/terms/index.html (+0ms) 
19:47:54 ▶ src/pages/en/apps/caption-ai/index.astro
19:47:54   └─ /en/apps/caption-ai/index.html (+1ms) 
19:47:54 ▶ src/pages/en/apps/cat-life-game/index.astro
19:47:54   └─ /en/apps/cat-life-game/index.html (+2ms) 
19:47:54 ▶ src/pages/en/apps/mindbudget/download.astro
19:47:54   └─ /en/apps/mindbudget/download/index.html (+1ms) 
19:47:54 ▶ src/pages/en/apps/mindbudget/privacy.astro
19:47:54   └─ /en/apps/mindbudget/privacy/index.html (+0ms) 
19:47:54 ▶ src/pages/en/apps/mindbudget/support.astro
19:47:54   └─ /en/apps/mindbudget/support/index.html (+1ms) 
19:47:54 ▶ src/pages/en/apps/mindbudget/index.astro
19:47:54   └─ /en/apps/mindbudget/index.html (+1ms) 
19:47:54 ▶ src/pages/en/apps/nodepilot/index.astro
19:47:54   └─ /en/apps/nodepilot/index.html (+1ms) 
19:47:54 ▶ src/pages/en/apps/novelforge-ai/download.astro
19:47:54   └─ /en/apps/novelforge-ai/download/index.html (+1ms) 
19:47:54 ▶ src/pages/en/apps/novelforge-ai/index.astro
19:47:54   └─ /en/apps/novelforge-ai/index.html (+0ms) 
19:47:54 ▶ src/pages/en/apps/privatepinyin/download.astro
19:47:54   └─ /en/apps/privatepinyin/download/index.html (+1ms) 
19:47:54 ▶ src/pages/en/apps/privatepinyin/privacy.astro
19:47:54   └─ /en/apps/privatepinyin/privacy/index.html (+0ms) 
19:47:54 ▶ src/pages/en/apps/privatepinyin/support.astro
19:47:54   └─ /en/apps/privatepinyin/support/index.html (+0ms) 
19:47:54 ▶ src/pages/en/apps/privatepinyin/index.astro
19:47:54   └─ /en/apps/privatepinyin/index.html (+1ms) 
19:47:54 ▶ src/pages/en/apps/simplecut-pro/download.astro
19:47:54   └─ /en/apps/simplecut-pro/download/index.html (+1ms) 
19:47:54 ▶ src/pages/en/apps/simplecut-pro/index.astro
19:47:54   └─ /en/apps/simplecut-pro/index.html (+1ms) 
19:47:54 ▶ src/pages/en/apps/index.astro
19:47:54   └─ /en/apps/index.html (+1ms) 
19:47:54 ▶ src/pages/en/library/index.astro
19:47:54   └─ /en/library/index.html (+2ms) 
19:47:54 ▶ src/pages/en/music/index.astro
19:47:54   └─ /en/music/index.html (+2ms) 
19:47:54 ▶ src/pages/en/points.astro
19:47:54   └─ /en/points/index.html (+1ms) 
19:47:54 ▶ src/pages/en/privacy.astro
19:47:54   └─ /en/privacy/index.html (+0ms) 
19:47:54 ▶ src/pages/en/support.astro
19:47:54   └─ /en/support/index.html (+0ms) 
19:47:54 ▶ src/pages/en/terms.astro
19:47:54   └─ /en/terms/index.html (+0ms) 
19:47:54 ▶ src/pages/en/index.astro
19:47:54   └─ /en/index.html (+1ms) 
19:47:54 ▶ src/pages/games/site-shell/[locale].astro
19:47:54   ├─ /games/site-shell/zh-Hant/index.html (+2ms) 
19:47:54   ├─ /games/site-shell/zh-Hans/index.html (+1ms) 
19:47:54   ├─ /games/site-shell/en/index.html (+1ms) 
19:47:54   └─ /games/site-shell/ja/index.html (+1ms) 
19:47:54 ▶ src/pages/ja/404.astro
19:47:54   └─ /ja/404/index.html (+0ms) 
19:47:54 ▶ src/pages/ja/apps/caption-ai/android.astro
19:47:54   └─ /ja/apps/caption-ai/android/index.html (+1ms) 
19:47:54 ▶ src/pages/ja/apps/caption-ai/download.astro
19:47:54   └─ /ja/apps/caption-ai/download/index.html (+0ms) 
19:47:54 ▶ src/pages/ja/apps/caption-ai/privacy.astro
19:47:54   └─ /ja/apps/caption-ai/privacy/index.html (+0ms) 
19:47:54 ▶ src/pages/ja/apps/caption-ai/support.astro
19:47:54   └─ /ja/apps/caption-ai/support/index.html (+0ms) 
19:47:54 ▶ src/pages/ja/apps/caption-ai/terms.astro
19:47:54   └─ /ja/apps/caption-ai/terms/index.html (+0ms) 
19:47:54 ▶ src/pages/ja/apps/caption-ai/index.astro
19:47:54   └─ /ja/apps/caption-ai/index.html (+1ms) 
19:47:54 ▶ src/pages/ja/apps/cat-life-game/index.astro
19:47:54   └─ /ja/apps/cat-life-game/index.html (+1ms) 
19:47:54 ▶ src/pages/ja/apps/mindbudget/download.astro
19:47:54   └─ /ja/apps/mindbudget/download/index.html (+0ms) 
19:47:54 ▶ src/pages/ja/apps/mindbudget/privacy.astro
19:47:54   └─ /ja/apps/mindbudget/privacy/index.html (+0ms) 
19:47:54 ▶ src/pages/ja/apps/mindbudget/support.astro
19:47:54   └─ /ja/apps/mindbudget/support/index.html (+0ms) 
19:47:54 ▶ src/pages/ja/apps/mindbudget/index.astro
19:47:54   └─ /ja/apps/mindbudget/index.html (+0ms) 
19:47:54 ▶ src/pages/ja/apps/nodepilot/index.astro
19:47:54   └─ /ja/apps/nodepilot/index.html (+0ms) 
19:47:54 ▶ src/pages/ja/apps/novelforge-ai/download.astro
19:47:54   └─ /ja/apps/novelforge-ai/download/index.html (+0ms) 
19:47:54 ▶ src/pages/ja/apps/novelforge-ai/index.astro
19:47:54   └─ /ja/apps/novelforge-ai/index.html (+0ms) 
19:47:54 ▶ src/pages/ja/apps/privatepinyin/download.astro
19:47:54   └─ /ja/apps/privatepinyin/download/index.html (+1ms) 
19:47:54 ▶ src/pages/ja/apps/privatepinyin/privacy.astro
19:47:54   └─ /ja/apps/privatepinyin/privacy/index.html (+0ms) 
19:47:54 ▶ src/pages/ja/apps/privatepinyin/support.astro
19:47:54   └─ /ja/apps/privatepinyin/support/index.html (+0ms) 
19:47:54 ▶ src/pages/ja/apps/privatepinyin/index.astro
19:47:54   └─ /ja/apps/privatepinyin/index.html (+0ms) 
19:47:54 ▶ src/pages/ja/apps/simplecut-pro/download.astro
19:47:54   └─ /ja/apps/simplecut-pro/download/index.html (+2ms) 
19:47:54 ▶ src/pages/ja/apps/simplecut-pro/index.astro
19:47:54   └─ /ja/apps/simplecut-pro/index.html (+0ms) 
19:47:54 ▶ src/pages/ja/apps/index.astro
19:47:54   └─ /ja/apps/index.html (+1ms) 
19:47:54 ▶ src/pages/ja/library/index.astro
19:47:54   └─ /ja/library/index.html (+1ms) 
19:47:54 ▶ src/pages/ja/music/index.astro
19:47:54   └─ /ja/music/index.html (+1ms) 
19:47:54 ▶ src/pages/ja/points.astro
19:47:54   └─ /ja/points/index.html (+1ms) 
19:47:54 ▶ src/pages/ja/privacy.astro
19:47:54   └─ /ja/privacy/index.html (+0ms) 
19:47:54 ▶ src/pages/ja/terms.astro
19:47:54   └─ /ja/terms/index.html (+0ms) 
19:47:54 ▶ src/pages/ja/index.astro
19:47:54   └─ /ja/index.html (+1ms) 
19:47:54 ▶ src/pages/member/site-shell/[locale].astro
19:47:54   ├─ /member/site-shell/zh-Hant/index.html (+2ms) 
19:47:54   ├─ /member/site-shell/zh-Hans/index.html (+1ms) 
19:47:54   ├─ /member/site-shell/en/index.html (+1ms) 
19:47:54   └─ /member/site-shell/ja/index.html (+1ms) 
19:47:54 ▶ src/pages/music/site-shell/[locale].astro
19:47:54   ├─ /music/site-shell/zh-Hant/index.html (+1ms) 
19:47:54   ├─ /music/site-shell/zh-Hans/index.html (+1ms) 
19:47:54   ├─ /music/site-shell/en/index.html (+1ms) 
19:47:54   └─ /music/site-shell/ja/index.html (+1ms) 
19:47:54 ▶ src/pages/music/index.astro
19:47:54   └─ /music/index.html (+1ms) 
19:47:54 ▶ src/pages/novel/[bookId]/chapter/[chapterId].astro
The collection "serials" does not exist or is empty. Please check your content config file for errors.
The collection "serialChapters" does not exist or is empty. Please check your content config file for errors.
19:47:54 ▶ src/pages/novel/[bookId]/index.astro
The collection "serials" does not exist or is empty. Please check your content config file for errors.
19:47:54 ▶ src/pages/novel/index.astro
19:47:54   └─ /novel/index.htmlThe collection "serials" does not exist or is empty. Please check your content config file for errors.
 (+1ms) 
19:47:54 ▶ src/pages/zh-hans/404.astro
19:47:54   └─ /zh-hans/404/index.html (+0ms) 
19:47:54 ▶ src/pages/zh-hans/apps/caption-ai/android.astro
19:47:54   └─ /zh-hans/apps/caption-ai/android/index.html (+1ms) 
19:47:54 ▶ src/pages/zh-hans/apps/caption-ai/download.astro
19:47:54   └─ /zh-hans/apps/caption-ai/download/index.html (+0ms) 
19:47:54 ▶ src/pages/zh-hans/apps/caption-ai/privacy.astro
19:47:54   └─ /zh-hans/apps/caption-ai/privacy/index.html (+0ms) 
19:47:54 ▶ src/pages/zh-hans/apps/caption-ai/support.astro
19:47:54   └─ /zh-hans/apps/caption-ai/support/index.html (+0ms) 
19:47:54 ▶ src/pages/zh-hans/apps/caption-ai/terms.astro
19:47:54   └─ /zh-hans/apps/caption-ai/terms/index.html (+0ms) 
19:47:54 ▶ src/pages/zh-hans/apps/caption-ai/index.astro
19:47:54   └─ /zh-hans/apps/caption-ai/index.html (+0ms) 
19:47:54 ▶ src/pages/zh-hans/apps/cat-life-game/index.astro
19:47:54   └─ /zh-hans/apps/cat-life-game/index.html (+1ms) 
19:47:54 ▶ src/pages/zh-hans/apps/mindbudget/download.astro
19:47:54   └─ /zh-hans/apps/mindbudget/download/index.html (+0ms) 
19:47:54 ▶ src/pages/zh-hans/apps/mindbudget/privacy.astro
19:47:54   └─ /zh-hans/apps/mindbudget/privacy/index.html (+0ms) 
19:47:54 ▶ src/pages/zh-hans/apps/mindbudget/support.astro
19:47:54   └─ /zh-hans/apps/mindbudget/support/index.html (+0ms) 
19:47:54 ▶ src/pages/zh-hans/apps/mindbudget/index.astro
19:47:54   └─ /zh-hans/apps/mindbudget/index.html (+0ms) 
19:47:54 ▶ src/pages/zh-hans/apps/nodepilot/index.astro
19:47:54   └─ /zh-hans/apps/nodepilot/index.html (+0ms) 
19:47:54 ▶ src/pages/zh-hans/apps/novelforge-ai/download.astro
19:47:54   └─ /zh-hans/apps/novelforge-ai/download/index.html (+0ms) 
19:47:54 ▶ src/pages/zh-hans/apps/novelforge-ai/index.astro
19:47:54   └─ /zh-hans/apps/novelforge-ai/index.html (+0ms) 
19:47:54 ▶ src/pages/zh-hans/apps/privatepinyin/download.astro
19:47:54   └─ /zh-hans/apps/privatepinyin/download/index.html (+0ms) 
19:47:54 ▶ src/pages/zh-hans/apps/privatepinyin/privacy.astro
19:47:54   └─ /zh-hans/apps/privatepinyin/privacy/index.html (+0ms) 
19:47:54 ▶ src/pages/zh-hans/apps/privatepinyin/support.astro
19:47:54   └─ /zh-hans/apps/privatepinyin/support/index.html (+0ms) 
19:47:54 ▶ src/pages/zh-hans/apps/privatepinyin/index.astro
19:47:54   └─ /zh-hans/apps/privatepinyin/index.html (+0ms) 
19:47:54 ▶ src/pages/zh-hans/apps/simplecut-pro/download.astro
19:47:54   └─ /zh-hans/apps/simplecut-pro/download/index.html (+0ms) 
19:47:54 ▶ src/pages/zh-hans/apps/simplecut-pro/index.astro
19:47:54   └─ /zh-hans/apps/simplecut-pro/index.html (+0ms) 
19:47:54 ▶ src/pages/zh-hans/apps/index.astro
19:47:54   └─ /zh-hans/apps/index.html (+1ms) 
19:47:54 ▶ src/pages/zh-hans/library/index.astro
19:47:54   └─ /zh-hans/library/index.html (+1ms) 
19:47:54 ▶ src/pages/zh-hans/music/index.astro
19:47:54   └─ /zh-hans/music/index.html (+1ms) 
19:47:54 ▶ src/pages/zh-hans/points.astro
19:47:54   └─ /zh-hans/points/index.html (+1ms) 
19:47:54 ▶ src/pages/zh-hans/privacy.astro
19:47:54   └─ /zh-hans/privacy/index.html (+0ms) 
19:47:54 ▶ src/pages/zh-hans/terms.astro
19:47:54   └─ /zh-hans/terms/index.html (+0ms) 
19:47:54 ▶ src/pages/zh-hans/index.astro
19:47:54   └─ /zh-hans/index.html (+1ms) 
19:47:54 ▶ src/pages/zh-hant/404.astro
19:47:54   └─ /zh-hant/404/index.html (+0ms) 
19:47:54 ▶ src/pages/zh-hant/apps/caption-ai/android.astro
19:47:54   └─ /zh-hant/apps/caption-ai/android/index.html (+2ms) 
19:47:54 ▶ src/pages/zh-hant/apps/caption-ai/download.astro
19:47:54   └─ /zh-hant/apps/caption-ai/download/index.html (+0ms) 
19:47:54 ▶ src/pages/zh-hant/apps/caption-ai/privacy.astro
19:47:54   └─ /zh-hant/apps/caption-ai/privacy/index.html (+0ms) 
19:47:54 ▶ src/pages/zh-hant/apps/caption-ai/support.astro
19:47:54   └─ /zh-hant/apps/caption-ai/support/index.html (+0ms) 
19:47:54 ▶ src/pages/zh-hant/apps/caption-ai/terms.astro
19:47:54   └─ /zh-hant/apps/caption-ai/terms/index.html (+0ms) 
19:47:54 ▶ src/pages/zh-hant/apps/caption-ai/index.astro
19:47:54   └─ /zh-hant/apps/caption-ai/index.html (+0ms) 
19:47:54 ▶ src/pages/zh-hant/apps/cat-life-game/index.astro
19:47:54   └─ /zh-hant/apps/cat-life-game/index.html (+1ms) 
19:47:54 ▶ src/pages/zh-hant/apps/mindbudget/download.astro
19:47:54   └─ /zh-hant/apps/mindbudget/download/index.html (+0ms) 
19:47:54 ▶ src/pages/zh-hant/apps/mindbudget/privacy.astro
19:47:54   └─ /zh-hant/apps/mindbudget/privacy/index.html (+0ms) 
19:47:54 ▶ src/pages/zh-hant/apps/mindbudget/support.astro
19:47:54   └─ /zh-hant/apps/mindbudget/support/index.html (+0ms) 
19:47:54 ▶ src/pages/zh-hant/apps/mindbudget/index.astro
19:47:54   └─ /zh-hant/apps/mindbudget/index.html (+0ms) 
19:47:54 ▶ src/pages/zh-hant/apps/nodepilot/index.astro
19:47:54   └─ /zh-hant/apps/nodepilot/index.html (+0ms) 
19:47:54 ▶ src/pages/zh-hant/apps/novelforge-ai/download.astro
19:47:54   └─ /zh-hant/apps/novelforge-ai/download/index.html (+0ms) 
19:47:54 ▶ src/pages/zh-hant/apps/novelforge-ai/index.astro
19:47:54   └─ /zh-hant/apps/novelforge-ai/index.html (+0ms) 
19:47:54 ▶ src/pages/zh-hant/apps/privatepinyin/download.astro
19:47:54   └─ /zh-hant/apps/privatepinyin/download/index.html (+0ms) 
19:47:54 ▶ src/pages/zh-hant/apps/privatepinyin/privacy.astro
19:47:54   └─ /zh-hant/apps/privatepinyin/privacy/index.html (+0ms) 
19:47:54 ▶ src/pages/zh-hant/apps/privatepinyin/support.astro
19:47:54   └─ /zh-hant/apps/privatepinyin/support/index.html (+0ms) 
19:47:54 ▶ src/pages/zh-hant/apps/privatepinyin/index.astro
19:47:54   └─ /zh-hant/apps/privatepinyin/index.html (+0ms) 
19:47:54 ▶ src/pages/zh-hant/apps/simplecut-pro/download.astro
19:47:54   └─ /zh-hant/apps/simplecut-pro/download/index.html (+0ms) 
19:47:54 ▶ src/pages/zh-hant/apps/simplecut-pro/index.astro
19:47:54   └─ /zh-hant/apps/simplecut-pro/index.html (+0ms) 
19:47:54 ▶ src/pages/zh-hant/apps/index.astro
19:47:54   └─ /zh-hant/apps/index.html (+1ms) 
19:47:54 ▶ src/pages/zh-hant/library/index.astro
19:47:54   └─ /zh-hant/library/index.html (+1ms) 
19:47:54 ▶ src/pages/zh-hant/points.astro
19:47:54   └─ /zh-hant/points/index.html (+0ms) 
19:47:54 ▶ src/pages/zh-hant/privacy.astro
19:47:54   └─ /zh-hant/privacy/index.html (+0ms) 
19:47:54 ▶ src/pages/zh-hant/terms.astro
19:47:54   └─ /zh-hant/terms/index.html (+0ms) 
19:47:54 ▶ src/pages/[locale]/devlog/[slug].astro
19:47:54   ├─ /en/devlog/2026-05-17-snapcopy-testing/index.html (+1ms) 
19:47:54   ├─ /zh-hans/devlog/2026-05-17-SnapCopy-testflight-beta.md/index.html (+1ms) 
19:47:54   ├─ /ja/devlog/2026-05-17-snapcopy-testing/index.html (+1ms) 
19:47:54   ├─ /en/devlog/2026-05-17-station-cat-homepage/index.html (+0ms) 
19:47:54   ├─ /ja/devlog/2026-05-17-station-cat-homepage/index.html (+0ms) 
19:47:54   ├─ /zh-hans/devlog/2026-05-17-station-cat-homepage/index.html (+0ms) 
19:47:54   ├─ /en/devlog/2026-05-19-snapcopy-v1-4-devlog/index.html (+0ms) 
19:47:54   ├─ /zh-hans/devlog/2026-05-17-snapcopy-testing/index.html (+0ms) 
19:47:54   ├─ /ja/devlog/2026-05-19-snapcopy-v1-4-devlog/index.html (+0ms) 
19:47:54   ├─ /zh-hans/devlog/2026-05-19-snapcopy-v1-4-devlog/index.html (+0ms) 
19:47:54   ├─ /zh-hans/devlog/2026-05-31-snapcopy-v1-64-devlog/index.html (+0ms) 
19:47:54   ├─ /ja/devlog/2026-05-31-snapcopy-v1-64-devlog/index.html (+0ms) 
19:47:54   ├─ /en/devlog/2026-06-14-simplecut-pro-user-first-video-editing/index.html (+0ms) 
19:47:54   ├─ /ja/devlog/2026-06-14-simplecut-pro-user-first-video-editing/index.html (+0ms) 
19:47:54   ├─ /en/devlog/2026-05-31-snapcopy-v1-64-devlog/index.html (+0ms) 
19:47:54   └─ /zh-hans/devlog/2026-06-14-simplecut-pro-user-first-video-editing/index.html (+0ms) 
19:47:54 ▶ src/pages/[locale]/devlog/index.astro
19:47:54   ├─ /zh-hans/devlog/index.html (+1ms) 
19:47:54   ├─ /en/devlog/index.html (+1ms) 
19:47:54   └─ /ja/devlog/index.html (+1ms) 
19:47:54 ▶ src/pages/index.astro
19:47:54   └─ /index.html (+1ms) 
19:47:54 ✓ Completed in 164ms.

 generating optimized images 
19:47:54   ▶ /_astro/vip-badge.C99Fh2OO_2mebGa.webp (reused cache entry) (+0ms) (1/3)
19:47:54   ▶ /_astro/vip-badge.C99Fh2OO_na9Ih.webp (reused cache entry) (+0ms) (2/3)
19:47:54   ▶ /_astro/vip-badge.C99Fh2OO_N0rVQ.webp (reused cache entry) (+0ms) (3/3)
19:47:54 ✓ Completed in 1ms.

19:47:54 [build] 165 page(s) built in 2.33s
19:47:54 [build] Complete!

> landing-site@0.1.0 postbuild
> node scripts/generate-static-redirects.mjs && node scripts/generate-sitemap.mjs && node scripts/test-built-site-foundation.mjs

Static trailing-slash redirects are resolved by the Worker after asset lookup.
Generated 4 localized 404.html fallbacks.
Generated sitemap.xml with 115 public routes and lastmod 2026-10-08.
Built site foundation tests passed.
Built music notices and scoped footer links passed for all four locales.
Built music launch entry checks passed for all four locales.
