
> landing-site@0.1.0 build:redesign:preview
> astro build --config scripts/fixtures/station-redesign/astro.config.mjs

19:51:35 [content] Syncing content
19:51:36 [content] Synced content
19:51:36 [types] Generated 12ms
19:51:36 [build] output: "static"
19:51:36 [build] mode: "static"
19:51:36 [build] directory: /Users/shaola/Downloads/软件开发/多品牌网站开发相关/station-cat-redesign/.generated/station-redesign-preview/
19:51:36 [build] Collecting build info...
19:51:36 [build] ✓ Completed in 19ms.
19:51:36 [build] Building static entrypoints...
19:51:36 [vite] ✓ built in 827ms
19:51:36 [build] ✓ Completed in 838ms.

 building client (vite) 
19:51:36 [vite] transforming...
19:51:36 [vite] ✓ 35 modules transformed.
19:51:36 [vite] rendering chunks...
19:51:36 [vite] computing gzip size...
19:51:36 [vite] .generated/station-redesign-preview/_astro/BrandNavigation.astro_astro_type_script_index_0_lang.DUx-6lX3.js    1.46 kB │ gzip: 0.63 kB
19:51:36 [vite] .generated/station-redesign-preview/_astro/routes.ZSLcpnYL.js                                                  1.67 kB │ gzip: 0.76 kB
19:51:36 [vite] .generated/station-redesign-preview/_astro/StationBrandHome.astro_astro_type_script_index_0_lang.BY129h6U.js  24.17 kB │ gzip: 9.56 kB
19:51:36 [vite] ✓ built in 32ms

 generating static routes 
19:51:36 ▶ scripts/fixtures/station-redesign/site/pages/index.astro
19:51:36   └─ /index.html (+6ms) 
19:51:36 ▶ scripts/fixtures/station-redesign/site/pages/[...path].astro
19:51:36   ├─ /about/index.html (+2ms) 
19:51:36   ├─ /zh-hans/index.html (+1ms) 
19:51:36   ├─ /en/index.html (+1ms) 
19:51:36   ├─ /ja/index.html (+1ms) 
19:51:36   ├─ /home-preview/pending/index.html (+1ms) 
19:51:36   ├─ /home-preview/complete/index.html (+2ms) 
19:51:36   ├─ /home-preview/no-video/index.html (+1ms) 
19:51:36   ├─ /home-preview/no-platform/index.html (+1ms) 
19:51:36   ├─ /home-preview/preview-enabled/index.html (+1ms) 
19:51:36   ├─ /home-preview/revoked/index.html (+1ms) 
19:51:36   ├─ /visual/index.html (+1ms) 
19:51:36   ├─ /music/tracks/quiet-night/index.html (+1ms) 
19:51:36   ├─ /music/tracks/little-light/index.html (+1ms) 
19:51:36   ├─ /music/tracks/kinder-days/index.html (+1ms) 
19:51:36   ├─ /zh-hans/home-preview/pending/index.html (+1ms) 
19:51:36   ├─ /zh-hans/home-preview/complete/index.html (+1ms) 
19:51:36   ├─ /zh-hans/home-preview/no-video/index.html (+1ms) 
19:51:36   ├─ /zh-hans/home-preview/no-platform/index.html (+1ms) 
19:51:36   ├─ /zh-hans/home-preview/preview-enabled/index.html (+1ms) 
19:51:36   ├─ /zh-hans/home-preview/revoked/index.html (+1ms) 
19:51:36   ├─ /zh-hans/visual/index.html (+1ms) 
19:51:36   ├─ /zh-hans/music/tracks/quiet-night/index.html (+1ms) 
19:51:36   ├─ /zh-hans/music/tracks/little-light/index.html (+1ms) 
19:51:36   ├─ /zh-hans/music/tracks/kinder-days/index.html (+1ms) 
19:51:36   ├─ /en/home-preview/pending/index.html (+3ms) 
19:51:36   ├─ /en/home-preview/complete/index.html (+1ms) 
19:51:36   ├─ /en/home-preview/no-video/index.html (+1ms) 
19:51:36   ├─ /en/home-preview/no-platform/index.html (+1ms) 
19:51:36   ├─ /en/home-preview/preview-enabled/index.html (+1ms) 
19:51:36   ├─ /en/home-preview/revoked/index.html (+1ms) 
19:51:36   ├─ /en/visual/index.html (+1ms) 
19:51:36   ├─ /en/music/tracks/quiet-night/index.html (+1ms) 
19:51:36   ├─ /en/music/tracks/little-light/index.html (+1ms) 
19:51:36   ├─ /en/music/tracks/kinder-days/index.html (+1ms) 
19:51:36   ├─ /ja/home-preview/pending/index.html (+1ms) 
19:51:36   ├─ /ja/home-preview/complete/index.html (+1ms) 
19:51:36   ├─ /ja/home-preview/no-video/index.html (+1ms) 
19:51:36   ├─ /ja/home-preview/no-platform/index.html (+1ms) 
19:51:36   ├─ /ja/home-preview/preview-enabled/index.html (+1ms) 
19:51:36   ├─ /ja/home-preview/revoked/index.html (+1ms) 
19:51:36   ├─ /ja/visual/index.html (+1ms) 
19:51:36   ├─ /ja/music/tracks/quiet-night/index.html (+1ms) 
19:51:36   ├─ /ja/music/tracks/little-light/index.html (+1ms) 
19:51:36   ├─ /ja/music/tracks/kinder-days/index.html (+1ms) 
19:51:36   ├─ /__home-fixture/platform/netease/index.html (+1ms) 
19:51:36   ├─ /__home-fixture/platform/qishui/index.html (+1ms) 
19:51:36   ├─ /__home-fixture/platform/apple_music/index.html (+1ms) 
19:51:36   ├─ /__home-fixture/platform/youtube/index.html (+1ms) 
19:51:36   ├─ /__home-fixture/platform/spotify/index.html (+1ms) 
19:51:36   ├─ /music/index.html (+1ms) 
19:51:36   ├─ /games/index.html (+1ms) 
19:51:36   ├─ /games/cat-life-game/index.html (+1ms) 
19:51:36   ├─ /music/tracks/sample-song/index.html (+1ms) 
19:51:36   ├─ /library/index.html (+1ms) 
19:51:36   ├─ /privacy/index.html (+1ms) 
19:51:36   ├─ /terms/index.html (+1ms) 
19:51:36   ├─ /zh-hant/music/index.html (+1ms) 
19:51:36   ├─ /zh-hant/games/index.html (+1ms) 
19:51:36   ├─ /zh-hant/games/cat-life-game/index.html (+1ms) 
19:51:36   ├─ /zh-hant/music/tracks/sample-song/index.html (+2ms) 
19:51:36   ├─ /zh-hant/library/index.html (+1ms) 
19:51:36   ├─ /zh-hant/privacy/index.html (+1ms) 
19:51:36   ├─ /zh-hant/terms/index.html (+1ms) 
19:51:36   ├─ /zh-hans/music/index.html (+1ms) 
19:51:36   ├─ /zh-hans/games/index.html (+1ms) 
19:51:36   ├─ /zh-hans/games/cat-life-game/index.html (+1ms) 
19:51:36   ├─ /zh-hans/music/tracks/sample-song/index.html (+1ms) 
19:51:36   ├─ /zh-hans/library/index.html (+1ms) 
19:51:36   ├─ /zh-hans/privacy/index.html (+1ms) 
19:51:36   ├─ /zh-hans/terms/index.html (+1ms) 
19:51:36   ├─ /en/music/index.html (+1ms) 
19:51:36   ├─ /en/games/index.html (+1ms) 
19:51:36   ├─ /en/games/cat-life-game/index.html (+1ms) 
19:51:36   ├─ /en/music/tracks/sample-song/index.html (+0ms) 
19:51:36   ├─ /en/library/index.html (+1ms) 
19:51:36   ├─ /en/privacy/index.html (+1ms) 
19:51:36   ├─ /en/terms/index.html (+1ms) 
19:51:36   ├─ /ja/music/index.html (+1ms) 
19:51:36   ├─ /ja/games/index.html (+1ms) 
19:51:36   ├─ /ja/games/cat-life-game/index.html (+1ms) 
19:51:36   ├─ /ja/music/tracks/sample-song/index.html (+1ms) 
19:51:36   ├─ /ja/library/index.html (+1ms) 
19:51:36   ├─ /ja/privacy/index.html (+1ms) 
19:51:36   └─ /ja/terms/index.html (+1ms) 
19:51:36 ✓ Completed in 83ms.

19:51:36 [build] 85 page(s) built in 992ms
19:51:36 [build] Complete!
