✔ independent fresh schema, no account seeds, one-time migration and integrity (2.213ms)
✔ new drafts default VIP; explicit free publication stays free while editing (3.458042ms)
✔ foreign keys/kind guards reject cross-track publication/media and evidence-as-audio (2.2065ms)
✔ sealed revisions, assets, rights, evidence and public slug are retained and immutable (1.502792ms)
✔ database policy combinations, JSON and integer dates fail closed (2.427041ms)
✔ completed uploads cannot reopen; append-only audits and scoped mutation uniqueness (3.554667ms)
✔ strict UTC and exact millisecond early-access end boundary (0.592417ms)
✔ unknown policies and implicit variants never authorize full playback (0.430625ms)
✔ policy editing retains historical early window and versions actual changes (0.284042ms)
✔ real database rows project four locales with original fallback and no private fields (8.478292ms)
✔ ETag changes at natural expiry without a database write; remains stable otherwise (3.740084ms)
✔ malformed published records cannot poison catalog; preview metadata fails closed (4.484042ms)
✔ collections filter hidden tracks, preserve order and cannot unlock VIP (8.350666ms)
✔ 500-track limit, deterministic order and ETag, duplicate rejection (17.776167ms)
✔ OR REPLACE cannot bypass immutable publication, assets or append-only audit (2.505709ms)
✔ private evidence belongs to the same draft; unvalidated files cannot be sealed (2.925209ms)
✔ analytics models reject arbitrary attributes and cannot become a VIP ledger (1.60675ms)
✔ limited free ends at its exact deadline and cannot create a permanent free promise (0.198458ms)
✔ media route and input are exact; disabled public flag touches no database or storage (17.196042ms)
✔ preview and free full stream without membership lookup and use only their canonical object (6.607334ms)
✔ VIP denial and service failures never touch R2 or reveal media metadata (4.658708ms)
✔ published version, lifecycle and dedicated preview guards run before R2 (0.944416ms)
✔ single byte, open, suffix, clipped and oversized suffix ranges return exact 206 bytes (1.63225ms)
✔ invalid and multi-ranges are ignored; authorized out-of-range is 416 after object validation (2.737334ms)
✔ If-Range accepts only matching strong ETag or fresh HTTP date; other validators never produce 304 (1.627792ms)
✔ HEAD ignores Range, returns full headers and cancels storage body (0.367667ms)
✔ changed, missing or malformed storage stays a private generic 503 (1.584083ms)
✔ range parser boundaries and production wiring keep a versioned non-generic route (2.113708ms)
✔ anonymous and invalid cookies never query private data; claims cannot grant VIP (16.556167ms)
✔ duplicate reader cookies match the existing first-cookie rule, never fall through to a later valid token (7.265375ms)
✔ invalid clocks and budgets return private 503 instead of throwing or granting access (3.801542ms)
✔ query rejection after timeout is consumed, and a clock throwing after lookup never leaks (64.545583ms)
✔ trusted session hash + joined account + real membership only; absolutely no writes (4.2815ms)
✔ expired, revoked, missing and future sessions fail; restricted accounts do not get an upsell (2.250792ms)
✔ membership [start,end) milliseconds, SQL UTC, future and equal-period boundaries (1.713417ms)
✔ unknown level, corrupt dates and purported lifetime never become VIP or a purchase prompt (2.220917ms)
✔ duplicate grants, mismatched owner and malformed query results are unavailable (1.681416ms)
✔ missing binding/table/session API and database errors return 503, not none (2.729583ms)
✔ timeout denies; late completion cannot mutate result or database (53.693458ms)
✔ query completion time is used; session expiry bounds capability recheck (1.587459ms)
✔ no cross-request cache: logout, account switch, expiry, renewal and disable take effect (1.392291ms)
✔ balances and work-specific grants cannot enable or disable site-wide membership (1.685791ms)
✔ capabilities use real localized paths and minimal fields; VIP flag defaults closed (3.273ms)
✔ free full and independent preview bypass membership DB even when broken or VIP delivery disabled (1.619208ms)
✔ VIP full differentiates unauthenticated, none, expired, restricted, unavailable and disabled (2.140625ms)
✔ content/version/variant guards run first; unknown policy cannot fall back to full (1.005875ms)
✔ early access exact expiry honors both post-period policies without a write (1.408417ms)
✔ HEAD/Range/conditional headers cannot bypass eligibility; every response is private no-store (2.245625ms)
✔ real redemption and manual refund functions change next read; remaining renewal is preserved (4.284334ms)
✔ route matching, methods, inputs and the public flag fail before database or storage access (21.735208ms)
✔ catalog is anonymous, localized and conditional while hiding corrupt tracks and empty collections (26.417458ms)
✔ natural policy expiry changes the catalog projection and ETag without a catalogVersion write (11.063625ms)
✔ catalog publishes anonymous effective-play totals, refreshes its ETag and degrades without blocking music (12.192458ms)
✔ track detail adds the public story and collection detail preserves order without changing access (12.432291ms)
✔ direct collection lookup is not limited by the 500-item catalog window (32.1735ms)
✔ VIP cover and lyrics stay anonymous while full audio access remains protected (14.297833ms)
✔ changed storage and database failures stay generic and never disclose private identifiers (9.597041ms)
✔ capabilities and access are wired as private UI hints and never act as media grants (11.452917ms)
✔ production worker wiring keeps public content separate from the versioned audio handler (1.483ms)
✔ display cover is small, shares cached encoding, and revalidates browser bytes without a body (23.02075ms)
✔ warm cache and If-None-Match cannot bypass shutdown, downlisting, version, storage or DB failures (24.1845ms)
✔ display selector is bounded and applies only to cover routes (17.353917ms)
✔ missing display files and newly uploaded covers fall back to the original without runtime encoding (19.306917ms)
✔ album display cover stays tied to the live album version and independent cover (19.2265ms)
✔ display route cannot expose the generated files directly or import an image encoder (0.650416ms)
✖ native static assets serve a small cover while direct and escaped asset paths stay private (126.036042ms)
✔ atomic source and global budgets admit exactly their limits under competing requests (31.574209ms)
✔ denied source attempts consume no global slots; independent categories and next minute work (10.114166ms)
music_rate_limit_failure {
  version: 1,
  category: 'catalog',
  stage: 'source',
  reason: 'operation_failed'
}
music_rate_limit_failure {
  version: 1,
  category: 'catalog',
  stage: 'source',
  reason: 'operation_failed'
}
music_rate_limit_failure {
  version: 1,
  category: 'catalog',
  stage: 'source',
  reason: 'operation_failed'
}
music_rate_limit_failure {
  version: 1,
  category: 'catalog',
  stage: 'source',
  reason: 'operation_failed'
}
music_rate_limit_failure {
  version: 1,
  category: 'catalog',
  stage: 'source',
  reason: 'operation_failed'
}
music_rate_limit_failure {
  version: 1,
  category: 'catalog',
  stage: 'source',
  reason: 'operation_failed'
}
music_rate_limit_failure {
  version: 1,
  category: 'catalog',
  stage: 'source',
  reason: 'operation_failed'
}
music_rate_limit_failure {
  version: 1,
  category: 'catalog',
  stage: 'source',
  reason: 'operation_failed'
}
music_rate_limit_failure {
  version: 1,
  category: 'catalog',
  stage: 'configuration',
  reason: 'operation_failed'
}
music_rate_limit_failure {
  version: 1,
  category: 'catalog',
  stage: 'configuration',
  reason: 'operation_failed'
}
music_rate_limit_failure {
  version: 1,
  category: 'catalog',
  stage: 'configuration',
  reason: 'operation_failed'
}
✔ only window-scoped HMAC source keys are stored; canonical IPv6 cannot split a quota (12.462417ms)
✔ missing source, forged forwarded headers, malformed limits or secrets fail before database writes (11.601709ms)
music_rate_limit_failure {
  version: 1,
  category: 'catalog',
  stage: 'database',
  reason: 'operation_failed'
}
music_rate_limit_failure {
  version: 1,
  category: 'catalog',
  stage: 'database',
  reason: 'operation_failed'
}
music_rate_limit_failure {
  version: 1,
  category: 'catalog',
  stage: 'database',
  reason: 'operation_failed'
}
✔ global counter faults roll back the source increment and never authorize a request (19.194792ms)
✔ bounded pruning removes only old counters; quiet-period retention does not require a new cron (12.147416ms)
music_rate_limit_failure {
  version: 1,
  category: 'catalog',
  stage: 'database',
  reason: 'operation_failed'
}
music_rate_limit_failure {
  version: 1,
  category: 'catalog',
  stage: 'database',
  reason: 'deadline_exceeded'
}
✔ limiter failures and timeouts are 503 with no fallback allowance and consume late rejection (14.944917ms)
✔ failure logs distinguish deadlines using fixed fields without serializing private failures (17.304459ms)
✔ logging failures cannot change 503 or touch protected media (11.102875ms)
✔ default D1 budget admits a confirmed result after 1.5s but denies at 5s without retry (10.566459ms)
✔ closed public flag causes zero database reads and writes, including rate counters (0.780417ms)
✔ catalog, artwork, access and all audio methods enforce limits before catalog, member or R2 reads (14.162541ms)
✔ diagnostics require Access and return aggregate readiness without identities, keys or mutations (11.895708ms)
✔ successful catalog, conditional 304 and HEAD share a budget without positive cache expansion (11.720333ms)
✔ share source/global budgets are independent from artwork, atomic and expire normally (39.097375ms)
music_rate_limit_failure {
  version: 1,
  category: 'share',
  stage: 'database',
  reason: 'operation_failed'
}
music_rate_limit_failure {
  version: 1,
  category: 'share',
  stage: 'database',
  reason: 'operation_failed'
}
✔ missing or broken share counters fail closed without affecting ordinary artwork (9.588792ms)
✔ unselected draft remains empty without choosing a free/latest fallback (2.105708ms)
✔ published IDs and revision drive direct destinations, three selections and four clips (1.075041ms)
✔ synthetic configuration needs explicit fixture option and cannot enter a normal consumer (0.691208ms)
✔ draft, mismatched revision, scheduled/future or missing configuration cannot publish (1.457541ms)
✔ promotion must be explicitly enabled, published and refer to a public parent (1.124958ms)
✔ missing, revoked, private, mismatched or duplicate cover references hide the work (1.111333ms)
✔ repeated track IDs are ambiguous and never pick a row by order (0.265417ms)
✔ selectors de-duplicate IDs and exclude the featured work (0.45975ms)
✔ empty optional summary does not hide an otherwise published song or game (0.341916ms)
✔ missing video and missing platforms produce distinct honest states (0.365417ms)
✔ only selected, live, verified and correctly owned platform links survive (1.4415ms)
✔ public link syntax rejects credentials, tokens, scripts, private hosts and fixture paths (1.2855ms)
✔ preview requires enabled, ready, independently typed public and rights-confirmed clip (0.719208ms)
✔ revoking a clip, poster or platform removes the reference on next projection (0.090333ms)
✔ clips require both selection lists, public parent, ready poster and public media (1.556708ms)
✔ game revocation removes its card and related update without starting a runtime (0.2815ms)
✔ a game introduction never occupies the existing cat-life runtime namespace (0.522334ms)
✔ locale routing and translation fallback retain the stable selected IDs (0.333709ms)
✔ allowlist projection never forwards private audio, storage, entitlement or extra fields (0.149542ms)
✔ four locales keep canonical home/music paths and five navigation entries reuse existing services (0.915833ms)
✔ five-entry navigation uses the existing member and about pages (0.629625ms)
✔ language changes retain valid public music selections, discarding private and duplicated parameters (0.419209ms)
✔ future single-song and game routes keep their entity when switching language (0.1835ms)
✔ selected state recognizes descendants and aliases without confusing service paths (0.174375ms)
✔ language links never move the existing game runtime into a localized introduction path (0.207916ms)
✔ policy links retain four existing locale prefixes and reject arbitrary destinations (0.318875ms)
ℹ tests 108
ℹ suites 0
ℹ pass 107
ℹ fail 1
ℹ cancelled 0
ℹ skipped 0
ℹ todo 0
ℹ duration_ms 601.4135

✖ failing tests:

test at scripts/test-music-public.mjs:425:1
✖ native static assets serve a small cover while direct and escaped asset paths stay private (126.036042ms)
  Error: listen EPERM: operation not permitted 127.0.0.1
      at Server.setupListenHandle [as _listen2] (node:net:1986:21)
      at listenInCluster (node:net:2065:12)
      at node:net:2274:7
      at process.processTicksAndRejections (node:internal/process/task_queues:90:21) {
    code: 'EPERM',
    errno: -1,
    syscall: 'listen',
    address: '127.0.0.1'
  }
