
> landing-site@0.1.0 test:redesign:acceptance
> node --test --test-timeout=90000 scripts/test-station-core-acceptance.mjs scripts/test-station-music-focus.mjs

▶ T21 integrated native Assets/Worker/D1/R2 fixture and collection boundaries
  ✔ isolated current migrations are in order and both cleanup prerequisites are healthy (37.788959ms)
  ✔ A01 pending homepage stays silent while the unrelated synthetic catalog exists (10.699541ms)
  ✔ A02 public DTO permits separate preview but still requires old full-playback access (23.191666ms)
  ✔ A11 registered exact tuple stays local while malicious attribution loses all raw fields (39.972916ms)
  ✔ A12 accepted event retry and ten-second qualification append once through HTTP (19.002ms)
  ✔ A19 collector outage leaves guest preview and navigation usable (13.058167ms)
  ✔ A17 isolated retirees are real 410 and original runtime is still available (9.259667ms)
  ✔ preview accepts no admin/financial/cloud mutations or rollout headers from the browser (6.398917ms)
  ✔ fixture scenario choices are bounded and do not authorize remote access (1.215292ms)
✔ T21 integrated native Assets/Worker/D1/R2 fixture and collection boundaries (5790.716167ms)
✔ T21 network profile rejects arbitrary proxy/configuration targets (0.168917ms)
✔ full access completion restores the focused button after native disabling (0.367458ms)
✔ late access completion preserves a newer user focus or open dialog (0.060333ms)
✔ detached, disposed, still-disabled and originally unfocused buttons cannot claim focus (0.076625ms)
ℹ tests 14
ℹ suites 0
ℹ pass 14
ℹ fail 0
ℹ cancelled 0
ℹ skipped 0
ℹ todo 0
ℹ duration_ms 5968.972958
