
> landing-site@0.1.0 test:redesign:campaigns
> node --test --test-timeout=90000 scripts/test-station-campaigns.mjs scripts/test-station-attribution-session.mjs scripts/test-station-campaign-runtime.mjs

✔ same visit retains its first Campaign while new lawful landing changes only later snapshots (0.7545ms)
✔ pause-like activity and same Campaign retain context; clean internal navigation and lyrics carry no query (0.099875ms)
✔ refresh resumes only a bounded valid session in same storage, no long lived or cross-device ID (0.131709ms)
✔ 30 minutes of inactivity, future clock, or corrupt state starts a new visit and forgets old context (0.109042ms)
✔ unknown landing changes current context without poisoning first valid source or serializing URL values (0.11275ms)
✔ blocked reads or writes and absent storage use in-memory identifiers with explicit scope limits (0.10275ms)
✔ privacy withdrawal stops ID allocation, clears state, and re-enabling starts a fresh visit (0.301333ms)
✔ normalized browser context whitelists registered-shaped IDs and never trusts arbitrary dimensions (0.043416ms)
▶ actual Worker: Access, native transactions, registered landing and attribution isolation
  ✔ authorization precedes mutations; one flag, CSRF and editor cannot activate (32.535834ms)
  ✔ 0015 ledger mismatch closes new API and never writes or installs schema (19.990458ms)
  ✔ native original receipt replay creates one active row and guarded alias (32.882458ms)
  ✔ attribution schema failure becomes unknown and leaves content available instead of replaying old dimensions (30.398916ms)
  ✔ actual Astro single page accepts registered tuple and keeps canonical/language links clean (12.521791ms)
  ✔ mapped UUID share and alias normalize to the same composed URL; no open redirect (19.202ms)
  ✔ unknown, repeated, too long and mixed inputs normalize to bounded unknown with no injected dimensions (36.585ms)
  ✔ direct, external referrer and disabled attribution distinguish only known categories (12.44225ms)
  ✔ concurrent native status updates preserve one edit version and invalidate old src and URL (18.821042ms)
  ✔ stopping promotion blocks fresh activation; no new events, memberships, audio grants or old route retirement (26.994208ms)
✔ actual Worker: Access, native transactions, registered landing and attribution isolation (4192.598167ms)
✔ 0015 requires both actual columns and migration ledger, does not provision or backfill (18.562583ms)
✔ either missing admin or campaign switch rejects writes before binding reads (2.802542ms)
✔ same registered clip on two channels creates independent immutable dimensions and exact links (34.812375ms)
✔ four languages use canonical destinations and caller cannot set host, redirect, path or content (42.983375ms)
✔ QR independently decodes to exactly the copy URL with quiet zone and no intermediate redirect (167.52125ms)
✔ legacy src is explicit and globally unique; old arbitrary source is unknown (31.192917ms)
✔ exact UTM tuple and song ownership required; forged channels or borrowed material are unknown (33.22425ms)
✔ duplicate, mixed, encoded control, unknown UTM and oversize queries never produce arbitrary dimensions (32.52825ms)
✔ direct entry and explicit disabled resolver use no database, preserve no raw referrer/query (0.121292ms)
✔ draft links cannot be copied or resolved; activation freshly rechecks promotion and current resources (31.335458ms)
✔ stopped promotion, missing object, revoked clip rights and removed associations invalidate fresh resolution (26.550958ms)
✔ archived Campaign cannot attribute its old URL or src but history and alias are retained (27.964458ms)
✔ original lost acknowledgement and same command replay once without duplicate Campaigns or audit records (24.72875ms)
✔ concurrent status changes accept one CAS; a concurrent rights change rejects creation transaction (25.090583ms)
✔ immutable link dimensions reject direct rewrite and existing unverified records are never silently activated (25.712708ms)
✔ bounded admin list exposes current effective links and cursor without credentials or media storage details (44.441ms)
ℹ tests 35
ℹ suites 0
ℹ pass 35
ℹ fail 0
ℹ cancelled 0
ℹ skipped 0
ℹ todo 0
ℹ duration_ms 4373.046542
