18:43:54 [content] Syncing content
18:43:54 [content] Synced content
18:43:54 [types] Generated 18ms
18:43:54 [build] output: "static"
18:43:54 [build] mode: "static"
18:43:54 [build] directory: /Users/shaola/Downloads/软件开发/多品牌网站开发相关/station-cat-redesign/.generated/station-clip-home-preview/
18:43:54 [build] Collecting build info...
18:43:54 [build] ✓ Completed in 27ms.
18:43:54 [build] Building static entrypoints...
18:43:55 [vite] ✓ built in 1.29s
18:43:55 [build] ✓ Completed in 1.31s.

 building client (vite) 
18:43:55 [vite] transforming...
18:43:55 [vite] ✓ 39 modules transformed.
18:43:55 [vite] rendering chunks...
18:43:55 [vite] computing gzip size...
18:43:55 [vite] .generated/station-clip-home-preview/_astro/BrandNavigation.astro_astro_type_script_index_0_lang.BrJj5Ure.js      1.53 kB │ gzip:  0.66 kB
18:43:55 [vite] .generated/station-clip-home-preview/_astro/StationBrandLayout.astro_astro_type_script_index_0_lang.DA3ChMHJ.js   1.54 kB │ gzip:  0.72 kB
18:43:55 [vite] .generated/station-clip-home-preview/_astro/routes.BY-pTpGp.js                                                    1.72 kB │ gzip:  0.79 kB
18:43:55 [vite] .generated/station-clip-home-preview/_astro/analyticsControls.CD5hl7BZ.js                                        11.30 kB │ gzip:  4.60 kB
18:43:55 [vite] .generated/station-clip-home-preview/_astro/StationBrandHome.astro_astro_type_script_index_0_lang.C-zQ1NSQ.js    26.00 kB │ gzip: 10.10 kB
18:43:55 [vite] ✓ built in 51ms

 generating static routes 
18:43:55 ▶ scripts/fixtures/station-clips/site/pages/[locale].astro
18:43:55   ├─ /zh-Hant/index.html (+8ms) 
18:43:55   ├─ /zh-Hans/index.html (+5ms) 
18:43:55   ├─ /en/index.html (+2ms) 
18:43:55   └─ /ja/index.html (+2ms) 
18:43:55 ✓ Completed in 21ms.

18:43:55 [build] 4 page(s) built in 1.41s
18:43:55 [build] Complete!
