
> landing-site@0.1.0 test:redesign:home
> node --test scripts/test-station-redesign-home.mjs

✔ unselected draft remains empty without choosing a free/latest fallback (1.619417ms)
✔ published IDs and revision drive direct destinations, three selections and four clips (0.834958ms)
✔ synthetic configuration needs explicit fixture option and cannot enter a normal consumer (0.390542ms)
✔ draft, mismatched revision, scheduled/future or missing configuration cannot publish (0.372584ms)
✔ promotion must be explicitly enabled, published and refer to a public parent (0.500458ms)
✔ missing, revoked, private, mismatched or duplicate cover references hide the work (0.43725ms)
✔ repeated track IDs are ambiguous and never pick a row by order (0.1025ms)
✔ selectors de-duplicate IDs and exclude the featured work (0.187125ms)
✔ empty optional summary does not hide an otherwise published song or game (0.32ms)
✔ missing video and missing platforms produce distinct honest states (0.204834ms)
✔ only selected, live, verified and correctly owned platform links survive (0.498875ms)
✔ public link syntax rejects credentials, tokens, scripts, private hosts and fixture paths (1.266709ms)
✔ preview requires enabled, ready, independently typed public and rights-confirmed clip (0.835417ms)
✔ revoking a clip, poster or platform removes the reference on next projection (0.077042ms)
✔ clips require both selection lists, public parent, ready poster and public media (0.504541ms)
✔ game revocation removes its card and related update without starting a runtime (0.112958ms)
✔ a game introduction never occupies the existing cat-life runtime namespace (0.223ms)
✔ locale routing and translation fallback retain the stable selected IDs (0.279042ms)
✔ allowlist projection never forwards private audio, storage, entitlement or extra fields (0.148916ms)
ℹ tests 19
ℹ suites 0
ℹ pass 19
ℹ fail 0
ℹ cancelled 0
ℹ skipped 0
ℹ todo 0
ℹ duration_ms 45.872334
