
> landing-site@0.1.0 build:redesign:member
> astro build --config scripts/fixtures/station-member/astro.config.mjs

18:43:58 [content] Syncing content
18:43:58 [content] Synced content
18:43:58 [types] Generated 32ms
18:43:58 [build] output: "static"
18:43:58 [build] mode: "static"
18:43:58 [build] directory: /Users/shaola/Downloads/软件开发/多品牌网站开发相关/station-cat-redesign/.generated/station-member-preview/
18:43:58 [build] Collecting build info...
18:43:58 [build] ✓ Completed in 48ms.
18:43:58 [build] Building static entrypoints...
18:44:00 [vite] ✓ built in 1.61s
18:44:00 [build] ✓ Completed in 1.64s.

 building client (vite) 
18:44:00 [vite] transforming...
18:44:00 [vite] ✓ 75 modules transformed.
18:44:00 [vite] rendering chunks...
18:44:00 [vite] computing gzip size...
18:44:00 [vite] .generated/station-member-preview/_astro/LanguageSwitcher.astro_astro_type_script_index_0_lang.0w10PJ6o.js     0.28 kB │ gzip:  0.22 kB
18:44:00 [vite] .generated/station-member-preview/_astro/musicResponse.kb_2zO3V.js                                             0.55 kB │ gzip:  0.38 kB
18:44:00 [vite] .generated/station-member-preview/_astro/pagePaths.Adk3jqEz.js                                                 0.82 kB │ gzip:  0.48 kB
18:44:00 [vite] .generated/station-member-preview/_astro/routes.Cqv8BySH.js                                                    1.11 kB │ gzip:  0.55 kB
18:44:00 [vite] .generated/station-member-preview/_astro/readerSessionEvents.w3_YrQMX.js                                       1.24 kB │ gzip:  0.67 kB
18:44:00 [vite] .generated/station-member-preview/_astro/navigation.D604fbwK.js                                                1.27 kB │ gzip:  0.64 kB
18:44:00 [vite] .generated/station-member-preview/_astro/BrandNavigation.astro_astro_type_script_index_0_lang.BJJQvYqb.js      1.56 kB │ gzip:  0.69 kB
18:44:00 [vite] .generated/station-member-preview/_astro/StationBrandLayout.astro_astro_type_script_index_0_lang.r7vnqqPU.js   1.57 kB │ gzip:  0.75 kB
18:44:00 [vite] .generated/station-member-preview/_astro/saveStatus.paMg3Qau.js                                                2.45 kB │ gzip:  1.15 kB
18:44:00 [vite] .generated/station-member-preview/_astro/musicLocalData.BSRJFoKV.js                                            3.50 kB │ gzip:  1.58 kB
18:44:00 [vite] .generated/station-member-preview/_astro/MemberServices.astro_astro_type_script_index_0_lang.BYV6fi6o.js      10.12 kB │ gzip:  3.87 kB
18:44:00 [vite] .generated/station-member-preview/_astro/analyticsControls.CpRJNGDq.js                                        11.59 kB │ gzip:  4.61 kB
18:44:00 [vite] .generated/station-member-preview/_astro/memberCopy.C4PFFiz1.js                                               14.27 kB │ gzip:  5.32 kB
18:44:00 [vite] .generated/station-member-preview/_astro/ClientRouter.astro_astro_type_script_index_0_lang.CDGfc0hd.js        15.36 kB │ gzip:  5.28 kB
18:44:00 [vite] .generated/station-member-preview/_astro/GameShell.astro_astro_type_script_index_0_lang.DW7Vqy7K.js           17.65 kB │ gzip:  7.68 kB
18:44:00 [vite] .generated/station-member-preview/_astro/MusicShell.astro_astro_type_script_index_0_lang.DljZM2GZ.js          19.00 kB │ gzip:  7.15 kB
18:44:00 [vite] .generated/station-member-preview/_astro/musicPlayerView.4EPPl2jl.js                                          36.19 kB │ gzip: 13.88 kB
18:44:00 [vite] .generated/station-member-preview/_astro/ReaderLibraryPage.astro_astro_type_script_index_0_lang.lNWlcD0T.js   87.84 kB │ gzip: 31.20 kB
18:44:00 [vite] ✓ built in 143ms

 generating static routes 
18:44:00 ▶ scripts/fixtures/station-member/site/src/pages/games/site-shell/[lang].astro
18:44:00   ├─ /games/site-shell/zh-Hant/index.html (+5ms) 
18:44:00   ├─ /games/site-shell/zh-Hans/index.html (+1ms) 
18:44:00   ├─ /games/site-shell/en/index.html (+2ms) 
18:44:00   └─ /games/site-shell/ja/index.html (+1ms) 
18:44:00 ▶ scripts/fixtures/station-member/site/src/pages/music/site-shell/[lang].astro
18:44:00   ├─ /music/site-shell/zh-Hant/index.html (+1ms) 
18:44:00   ├─ /music/site-shell/zh-Hans/index.html (+1ms) 
18:44:00   ├─ /music/site-shell/en/index.html (+1ms) 
18:44:00   └─ /music/site-shell/ja/index.html (+1ms) 
18:44:00 ▶ scripts/fixtures/station-member/site/src/pages/member/site-shell/[lang].astro
18:44:00   ├─ /member/site-shell/zh-Hant/index.html (+4ms) 
18:44:00   ├─ /member/site-shell/zh-Hans/index.html (+2ms) 
18:44:00   ├─ /member/site-shell/en/index.html (+2ms) 
18:44:00   └─ /member/site-shell/ja/index.html (+2ms) 
18:44:00 ✓ Completed in 32ms.

 generating optimized images 
18:44:00   ▶ /_astro/vip-badge.C99Fh2OO_2mebGa.webp (reused cache entry) (+0ms) (1/3)
18:44:00   ▶ /_astro/vip-badge.C99Fh2OO_na9Ih.webp (reused cache entry) (+0ms) (2/3)
18:44:00   ▶ /_astro/vip-badge.C99Fh2OO_N0rVQ.webp (reused cache entry) (+0ms) (3/3)
18:44:00 ✓ Completed in 1ms.

18:44:00 [build] 12 page(s) built in 1.90s
18:44:00 [build] Complete!
