
> landing-site@0.1.0 test:redesign:member
> node --test --test-timeout=90000 scripts/test-station-member-readouts.mjs scripts/test-station-member-runtime.mjs

✔ opening Member reads v2/v1 without writing, migrating, adopting or leaking stored playback secrets (0.824709ms)
✔ damaged, future and inaccessible local music are distinct from a genuinely empty library (0.115708ms)
✔ current data takes precedence over legacy without overwriting either copy (0.055833ms)
✔ identity, cloud presence and game items require the confirmed same account (0.28ms)
✔ order projection preserves anonymous historical access and reports refund/reversal before old delivery (0.109417ms)
✔ guest readout probes only the guest slot and never reads cloud/private native music (10.058041ms)
✔ confirmed account probes its own local slot, never claims the guest slot, and errors do not become missing saves (0.366917ms)
✔ late read responses after an account change cannot revive identity, saves or items even when abort is ignored (2.796791ms)
✔ returned different owner clears the whole readout rather than borrowing permissions (0.245083ms)
✔ failed identity never probes a slot, and a later explicit retry recovers (0.191542ms)
✔ historical order authentication, missing and service failure remain distinct (0.404584ms)
✔ late historical order result is dropped and aborted when session changes or page is disposed (0.4965ms)
✔ oversized service bodies fail closed instead of displaying partial records (0.284292ms)
✔ reader presentation epoch rejects late responses, other-account credits and invalid session shapes (0.098834ms)
✔ closed member rollout does not touch bindings, methods, redirects or content flags (0.978792ms)
✔ enabled shell failures are private, retryable and do not read D1 (0.415542ms)
✔ private reader policy preserves status, cookies, existing vary and exact response body (0.278417ms)
✔ all Member readout states have complete four-language messages (0.084541ms)
✔ reader database failures return a private retryable response without stack or SQL details (0.105875ms)
✔ zh-Hant: actual opt-in shell retains account forms and manual music return without token metadata (3923.104583ms)
✔ zh-Hans: actual opt-in shell retains account forms and manual music return without token metadata (4.597791ms)
✔ en: actual opt-in shell retains account forms and manual music return without token metadata (4.407833ms)
✔ ja: actual opt-in shell retains account forms and manual music return without token metadata (8.2815ms)
✔ flag-off uses the original Member page; internal templates stay hidden; wrong method and missing assets fail closed (9.797375ms)
✔ actual reader HTTP permissions and cache policy for visitor (7.447541ms)
✔ actual reader HTTP permissions and cache policy for account 1 (13.826792ms)
✔ actual reader HTTP permissions and cache policy for account 2 (12.253167ms)
✔ actual reader HTTP permissions and cache policy for account 3 (12.809917ms)
✔ historical novel/game purchases do not grant current membership or a new music entitlement (7.352041ms)
✔ original historical order token keeps visitor, owner and other-account access distinctions (5.990625ms)
✔ a local login/logout still uses the original cookie contract and identity (11.8885ms)
✔ missing reader schema does not become a successful authenticated/empty service result (5.943625ms)
ℹ tests 32
ℹ suites 0
ℹ pass 32
ℹ fail 0
ℹ cancelled 0
ℹ skipped 0
ℹ todo 0
ℹ duration_ms 4200.172375
