
> landing-site@0.1.0 test:mobile:production
> node --test --test-timeout=120000 scripts/test-mobile-production.mjs scripts/test-mobile-production-association.mjs scripts/test-mobile-production-service.mjs && python3 scripts/test-mobile-production-migrations.py

✔ clean-checkout association stays unavailable and does not disclose identity or redirect (2.579958ms)
✔ association denies alternate hosts, paths, queries and writes before configuration (0.683ms)
✔ website assets cannot shadow the native browser or association gates (4.680333ms)
✔ production GET/HEAD require current markers once per request and publish only exact routes (1.173958ms)
✔ R2 association stays scoped to its staging app and two root music paths (0.509209ms)
▶ shared link cases match serialized AASA exact paths, independently of client query validation
  ✔ production-music-track (0.05275ms)
  ✔ production-music-collection (0.027833ms)
  ✔ production-music--track (0.032416ms)
  ✔ production-music--collection (0.049666ms)
  ✔ production-en-music-track (0.049917ms)
  ✔ production-en-music-collection (0.028125ms)
  ✔ production-en-music--track (0.021084ms)
  ✔ production-en-music--collection (0.020625ms)
  ✔ production-ja-music-track (0.01775ms)
  ✔ production-ja-music-collection (0.018375ms)
  ✔ production-ja-music--track (0.025292ms)
  ✔ production-ja-music--collection (0.017209ms)
  ✔ production-zh-hans-music-track (0.014666ms)
  ✔ production-zh-hans-music-collection (0.013875ms)
  ✔ production-zh-hans-music--track (0.013709ms)
  ✔ production-zh-hans-music--collection (0.012625ms)
  ✔ production-zh-hant-music-track (0.0135ms)
  ✔ production-zh-hant-music-collection (0.019958ms)
  ✔ production-zh-hant-music--track (0.015167ms)
  ✔ production-zh-hant-music--collection (0.014ms)
  ✔ production-callback (0.018959ms)
  ✔ production-callback-trailing-slash (0.0125ms)
  ✔ production-empty-selection (0.011542ms)
  ✔ production-invalid-track (0.011458ms)
  ✔ production-empty-collection (0.011417ms)
  ✔ production-duplicate-track (0.011125ms)
  ✔ production-mixed-selection (0.020542ms)
  ✔ production-identity-query (0.011125ms)
  ✔ production-unknown-query (0.010916ms)
  ✔ production-fragment (0.011125ms)
  ✔ production-nested-music (0.015125ms)
  ✔ production-case-music (0.014666ms)
  ✔ production-encoded-music (0.013667ms)
  ✔ production-encoded-slash (0.012208ms)
  ✔ production-unlisted-locale (0.016083ms)
  ✔ production-case-locale (0.014292ms)
  ✔ production-home (0.011375ms)
  ✔ production-reader (0.011417ms)
  ✔ production-admin (0.013ms)
  ✔ production-public-api (0.019209ms)
  ✔ production-other-environment (0.01225ms)
  ✔ production-unassociated-host (0.012292ms)
  ✔ production-lookalike-host (0.021375ms)
  ✔ r2-music-track (0.011917ms)
  ✔ r2-music-collection (0.010625ms)
  ✔ r2-music--track (0.010625ms)
  ✔ r2-music--collection (0.010625ms)
  ✔ r2-callback (0.010708ms)
  ✔ r2-callback-trailing-slash (0.011ms)
  ✔ r2-empty-selection (0.02075ms)
  ✔ r2-invalid-track (0.010416ms)
  ✔ r2-empty-collection (0.010334ms)
  ✔ r2-duplicate-track (0.010292ms)
  ✔ r2-mixed-selection (0.0105ms)
  ✔ r2-identity-query (0.010292ms)
  ✔ r2-unknown-query (0.013917ms)
  ✔ r2-fragment (0.010666ms)
  ✔ r2-nested-music (0.0105ms)
  ✔ r2-case-music (0.010292ms)
  ✔ r2-encoded-music (0.015292ms)
  ✔ r2-encoded-slash (0.013666ms)
  ✔ r2-unlisted-locale (0.0105ms)
  ✔ r2-case-locale (0.0105ms)
  ✔ r2-home (0.010708ms)
  ✔ r2-reader (0.015625ms)
  ✔ r2-admin (0.012875ms)
  ✔ r2-public-api (0.011ms)
  ✔ r2-localized-en (0.012917ms)
  ✔ r2-localized-ja (0.011417ms)
  ✔ r2-localized-zh-hans (0.010542ms)
  ✔ r2-localized-zh-hant (0.010375ms)
  ✔ r2-other-environment (0.024167ms)
  ✔ r2-unassociated-host (0.010042ms)
  ✔ r2-lookalike-host (0.011375ms)
✔ shared link cases match serialized AASA exact paths, independently of client query validation (2.466417ms)
✔ canonical track and album cases are generated by the actual website share helper in all four locales (0.25975ms)
✔ private readiness is complete, owner-only, loopback-scoped and removed on idempotent close (36.323917ms)
✔ invalid output directories and preexisting readiness cannot be adopted or overwritten (10.088042ms)
✔ every control and forwarding route requires exactly one correct proof (24.0815ms)
✔ forwarding never redirects and preserves raw body, status, Cookie and Location (8.536417ms)
✔ only canonical production native URLs and supported methods enter the fixture (24.722625ms)
✔ header allowlist blocks proof, host, forwarding metadata, aliases and injection (11.768917ms)
✔ JSON/base64 shape and input byte budget are enforced before dispatch (11.045042ms)
✔ response and evidence budgets fail with categories, never input or exception text (10.180583ms)
✔ unfinished request bodies and stalled fixture responses have an absolute deadline (5006.950667ms)
✔ the lifetime request budget bounds evidence and blocks additional dispatches (167.275542ms)
✔ CLI starts the real production fixture without outbound requests and shuts down cleanly (4316.336209ms)
✔ production candidate preserves website boundaries and is closed with empty origins and no result secret (3866.3165ms)
✔ candidate rejects all known isolated resources, wrong account and mismatched proof (0.98325ms)
✔ closed, wrong-profile, bad host/callback and isolated key requests reject before data bindings (3.784ms)
✔ production deletion prepare/confirm/status never access a data binding even when flag is true (0.251958ms)
✔ isolated configuration rejects case and trailing-dot aliases of reserved production hosts before bindings (0.502041ms)
✔ private writer is create-only and rejects checkout paths and symlink destinations (3.911083ms)
✔ all 37 website migrations retain all 50 existing table definitions beside native and marker tables (7.945167ms)
✔ production-shaped runtime validates each binding exactly once; exposes honest capabilities (12.236458ms)
✔ ready production AASA GET and HEAD use the same binding proof and expose only the production App ID (34.279833ms)
✔ missing, changed and swapped binding proof fail before native writes and are rechecked next request (55.526083ms)
✔ production password/PKCE/refresh use existing account and never translate website cookies (60.243084ms)
✔ production TOTP remains mandatory and consumed codes cannot replay (67.894792ms)
✔ production native registration cannot claim an existing magic-link account or its membership and points (108.894167ms)
✔ production native registration creates only a fresh account, without issuing a website or native session (52.234083ms)
✔ production registration atomically rejects a legacy account created between its read and write (43.135375ms)
✔ failed production credential insertion rolls back its newly inserted account (38.880792ms)
✔ website registration cannot bypass the ownership guard for a legacy account even with native auth disabled (105.362208ms)
✔ fresh website registration retains the authenticated response and HttpOnly Cookie contract (43.772083ms)
✔ website registration also rejects a legacy account created between its read and atomic write (42.81075ms)
✔ existing website password session survives native login and the two credential types never substitute for each other (79.622333ms)
✔ TOTP password reset preserves account and membership but invalidates previous web and native credentials (139.062792ms)
✔ production maintenance cannot advance a deletion outbox (33.547208ms)
✔ production catalog and R2 grants retain free/VIP access and sync remains account-scoped (187.305417ms)
ℹ tests 115
ℹ suites 0
ℹ pass 115
ℹ fail 0
ℹ cancelled 0
ℹ skipped 0
ℹ todo 0
ℹ duration_ms 9672.893916
............
----------------------------------------------------------------------
Ran 12 tests in 0.482s

OK
