
> landing-site@0.1.0 test:redesign:reports
> node --test --test-timeout=90000 scripts/test-station-reports.mjs scripts/test-station-report-client.mjs scripts/test-station-report-boundaries.mjs scripts/test-station-report-runtime.mjs

✔ midnight in-flight event blocks both manual and daily snapshots until its append completes (66.218959ms)
✔ expired in-flight batch is fenced before sealing and cannot append late or receive a success (47.715167ms)
✔ a delayed registration and an older collector are rejected at the database boundary after sealing (45.5685ms)
✔ 0018 invalidates unsealed archives but retains platform figures, their receipts and raw events (59.335917ms)
✔ successful platform insertion then a 401 preserves the command across reload and prevents a duplicate (52.692084ms)
▶ post-write identity or local journal failure preserves pending operations in both workspaces
  ✔ content: 401 (0.3745ms)
  ✔ content: 403 (0.10475ms)
  ✔ content: actor (0.227209ms)
  ✔ content: storage (0.111083ms)
  ✔ reports: 401 (0.103ms)
  ✔ reports: 403 (0.068042ms)
  ✔ reports: actor (0.0585ms)
  ✔ reports: storage (0.051459ms)
✔ post-write identity or local journal failure preserves pending operations in both workspaces (1.582542ms)
✔ a terminal authorization error during recovery cannot clear an earlier acknowledged operation (0.131459ms)
✔ report journal is separate and reload retries only the exact original platform command (2.187541ms)
✔ pending reports cannot launch another write or replay an old content publication (0.194459ms)
✔ changed actor and unavailable storage stop report writes before requests (0.101834ms)
✔ expired original operation remains pending for explicit reconciliation (0.121041ms)
✔ slow old report does not verify/repaint over a newer window (0.131584ms)
✔ changed actor or query errors do not return a report; dispose discards in-flight work (0.1045ms)
✔ zero and missing values remain distinct, and source names are unambiguous (7.573708ms)
✔ native minute-only datetime values produce the canonical UTC format accepted by the server (0.613125ms)
✔ report requests retain same-origin/no-store controls and reject arbitrary paths (9.635208ms)
▶ actual Worker, verified Access and native D1 report transactions
  ✔ forged/expired Access and email headers cannot read report data (9.582208ms)
  ✔ report/content/version-off gates return 503 without installing schema or writes (13.561083ms)
  ✔ actual native report reproduces the sample math and private cache policy (8.915084ms)
  ✔ duplicate query, unknown dimensions and wrong methods fail without data (4.78ms)
  ✔ 0017 ledger deletion fails closed and schema is not auto-created (18.406334ms)
  ✔ 0018 sealing ledger must be confirmed independently (17.962667ms)
  ✔ same-origin write gate and read-only editor protect native inserts (11.259ms)
  ✔ retention-off blocks writes, aggregation-off blocks capture without blocking reads (6.054458ms)
  ✔ original native operation retry creates one manual record, not click-derived plays (10.603375ms)
  ✔ stale/native edit conflict cannot alter an imported identity (10.239416ms)
  ✔ expired keys cannot insert again when no operation receipt remains (26.723625ms)
  ✔ closed native capture is idempotent and audit excludes report payload (19.56325ms)
  ✔ real successful POST followed by verified Access 401 recovers the original key without a second row (32.947ms)
  ✔ real built admin shell is noindex and existing content workspace links it (4.858584ms)
✔ actual Worker, verified Access and native D1 report transactions (6266.830458ms)
▶ native D1 transaction fences delayed appends against manual window sealing
  ✔ active flight drains before immutable capture (437.832125ms)
  ✔ expired flight cannot commit after sealing (379.582625ms)
✔ native D1 transaction fences delayed appends against manual window sealing (6703.412875ms)
✔ strict UTC half-open windows, bounded dimensions, namespaced sources and leap-year expiry (0.899333ms)
✔ disabled/version-off reports never touch bindings or install tables (0.346375ms)
✔ exact 0016/0017/0018 ledgers and columns required, without demanding R2 or public page flags (99.725166ms)
✔ fixed arithmetic: four views, three session/song pairs, five clicks, two converted pairs (48.8085ms)
✔ platform filter keeps visit/preview denominator and limits click numerator only (61.358125ms)
✔ same session across two songs remains two pairs; orphan clicks do not fabricate conversion (52.937958ms)
✔ cross-window visits, absent visits and known material attribution remain separate (50.075959ms)
✔ a later visit or a visit exactly thirty minutes earlier cannot link a click (57.875167ms)
✔ server receipt time controls windows; legacy/non-consented dictionaries never mix (53.249542ms)
✔ real zero independent totals, missing rates, no ready confirmation and absent external data (49.470125ms)
✔ invalid entity ownership rejected; archived publication does not erase historical stats (48.80975ms)
✔ DTO never emits visitor identifiers, raw receipts, URLs, accounts or credentials (47.008083ms)
✔ manual platform zero, provenance, window mismatch and withdrawn state stay independent (50.741417ms)
✔ manual data requires platform declaration and known bounded source, count and observed time (45.277083ms)
✔ stable idempotency replays only same actor/command; revisions and identity require CAS (45.860167ms)
✔ zero-write fault rolls back external row, audit and operation receipt as one D1 transaction (43.358041ms)
✔ snapshot saves exact closed window; retry does not duplicate, mutable and personal JSON rejected (44.710666ms)
✔ dedicated audits and operation receipts contain metadata, not report values/source payload (46.452292ms)
✔ stale or disabled retention closes manual writes and snapshot capture (43.486208ms)
✔ daily archives retain no visitor IDs; cross-day counts can add but session conversions cannot (93.7625ms)
✔ exact saved multi-day query can restore its original rate after raw event expiry (46.193625ms)
✔ unbuilt historical day is unavailable, while completed absent intersections are known zero (91.4865ms)
✔ controlled calendar expiry works with reports/aggregation off and leaves old domain untouched (44.869542ms)
✔ bounded scheduler resumes a cursor and rejects expired raw source rather than skipping it (44.309667ms)
✔ maintenance has independent off gates and bounded first-run statement count (47.897208ms)
✔ query budget rejects rather than silently truncates accepted events (0.162792ms)
✔ migration names alone do not admit an incomplete raw-event schema (50.105083ms)
✔ a repeated session/song pair across UTC days cannot become two total visit sessions (112.976333ms)
✔ expiry cleanup never turns an uncertain original operation into a second insertion (45.812125ms)
ℹ tests 71
ℹ suites 0
ℹ pass 71
ℹ fail 0
ℹ cancelled 0
ℹ skipped 0
ℹ todo 0
ℹ duration_ms 13160.663291
