
> landing-site@0.1.0 test:redesign:uploads
> node --test --test-timeout=90000 scripts/test-station-media-uploads.mjs scripts/test-station-media-client.mjs scripts/test-station-media-runtime.mjs

✔ client only admits bounded supported files and treats extension as a local hint (0.587666ms)
✔ ordinary upload persists each phase before its mutation and uses three stable keys (1.156ms)
✔ lost reservation receipt is recovered with the original key after a reload, without duplicate assets (0.5505ms)
✔ lost PUT receipt is only queried/confirmed after reload, never resent to the stored object (0.290667ms)
✔ transient confirmation failure preserves its key and retries the same asset (0.3155ms)
✔ another file cannot resume a reserved upload, while a confirmed rejection allows a fresh version (0.579709ms)
✔ a session switch after reservation blocks body upload without rebinding the journal to another actor (0.241458ms)
✔ unavailable or malformed local recovery storage prevents mutations and is not silently reset (0.06875ms)
✔ actual Worker Access JWT checks signature, issuer, audience, expiry and allowed email before bindings (1200.186125ms)
✔ default flags stay closed, empty/wrong bindings fail safely, and cross-origin/DELETE cannot mutate (14.924916ms)
✔ native streaming PUT and confirmation measures MP4, uses version key, and identical body retries do not overwrite (65.899375ms)
✔ native image body and measured game screenshot dimensions use a separate owner and file (22.49275ms)
✔ another allowed administrator cannot read/write/confirm an upload reserved by this actor (14.661583ms)
✔ native interrupted short body fails without releasing charge or overwriting the next version (47.527042ms)
✔ corrupt video with its own matching digest is rejected after upload and remains private/charged (29.030917ms)
✔ wrong MIME is refused before the writer, and a short native stream is rejected and retained (18.429542ms)
✔ 0013 preserves native legacy full MP3 and separate derived preview uploads without granting promotion or rights (65.879958ms)
✔ real pinned H.264/AAC fixture has measured duration and SPS dimensions across tiny stream boundaries (15.046959ms)
✔ valid tail-moov file relocates every chunk offset and keeps the same measurement (1.160625ms)
✔ forged containers, missing/truncated payloads, oversized metadata and unsupported fragmentation fail (0.691083ms)
✔ duration, table counts, offsets, external data references and false pixel dimensions are rejected (0.83925ms)
✔ missing 0013 schema or stale quota view closes uploads without modifying old rows (18.015791ms)
✔ reservations require a matching editable owner and reject format/size/hash/key injection before writes (16.029375ms)
✔ reserve idempotency recovers a lost D1 acknowledgement, scopes actor, and rejects changed input (13.8185ms)
✔ shared quota counts old audio, album covers, new media and failed/unknown reservations atomically (13.909791ms)
✔ legacy station media without a receipt is charged once, unknown size at full limit (12.625084ms)
✔ migration prevents identity replacement, another writer, incomplete ready state and physical deletion (13.422541ms)
✔ complete measures immutable R2 bytes, reports validating during I/O, stores audit once and never approves or publishes (22.071292ms)
✔ two concurrent confirmations with distinct keys produce one ready asset and one completion audit (17.5625ms)
✔ real JPEG/PNG/WebP images measure dimensions for posters and game screenshots (30.206292ms)
✔ wrong hash, corrupt structure and stored identity reject, remain charged and never delete (21.572958ms)
✔ a storage outage leaves recoverable validating state, and retry completes the same object (17.414834ms)
✔ timeout disposes a late R2 body and never commits ready state (39.38575ms)
✔ historical sealed revisions retain ready assets and their reserved charge (14.903375ms)
✔ disabled flag combinations return before touching bindings, and writes require same origin (9.578625ms)
✔ owners and sessions paginate equal timestamps without skipping ties or exposing another actor (25.959583ms)
ℹ tests 36
ℹ suites 0
ℹ pass 36
ℹ fail 0
ℹ cancelled 0
ℹ skipped 0
ℹ todo 0
ℹ duration_ms 1655.2435
