
> landing-site@0.1.0 test:redesign:player
> node --test --test-timeout=90000 scripts/test-station-music-session.mjs scripts/test-music-player.mjs scripts/test-music-queue.mjs scripts/test-music-lyrics-local.mjs scripts/test-music-library.mjs scripts/test-music-analytics-client.mjs scripts/test-music-access-lifecycle.mjs

✔ initial reads do not load media; one lifecycle per audio controller (3.086542ms)
✔ invalid capability timestamps and inconsistent authorization fail closed (0.136958ms)
✔ capabilities failure preserves free full and explicit preview without VIP full (0.796708ms)
✔ free catalog becomes available while the independent capability request is unresolved (2.652167ms)
✔ expiry unloads protected full, preserves only in-memory full position and ignores late play rejection (1.860625ms)
✔ renewal at expiry remains paused and can resume only after a new user action (1.134416ms)
✔ a blocked timer cannot let a user play with an expired hint (0.928209ms)
✔ account invalidation is immediate, rejects stale successful reads, and never inherits a previous full source (0.864916ms)
✔ account changes leave free full and previews playing, while clearing old hints (0.702708ms)
✔ upgrade does not switch an active preview; explicit full starts at zero (0.310333ms)
✔ foreground events coalesce, pause protected full and do not resume after checking (0.984ms)
✔ page hidden does not interrupt ordinary playback; bfcache restore rechecks (0.684959ms)
✔ fresh free policy permits full after expiry without assuming VIP is permanent (0.559375ms)
✔ known free-to-VIP policy or version changes unload the previous resource (0.547833ms)
✔ full media failure makes one access probe and handles 401/AUTH_REQUIRED without advancing (0.534916ms)
✔ full media failure makes one access probe and handles 403/MEMBERSHIP_EXPIRED without advancing (0.513333ms)
✔ full media failure makes one access probe and handles 403/ACCOUNT_RESTRICTED without advancing (1.059ms)
✔ full media failure makes one access probe and handles 503/MEMBERSHIP_UNAVAILABLE without advancing (0.673792ms)
✔ full media failure makes one access probe and handles 409/VERSION_CONFLICT without advancing (0.375583ms)
✔ full media failure makes one access probe and handles 410/TRACK_UNAVAILABLE without advancing (0.347958ms)
✔ healthy access preserves bounded three-failure media recovery, not a payment prompt (0.971833ms)
✔ a preview error plus full access 403 stays a media error and never prompts payment (0.304375ms)
✔ stale access denial cannot unload a later selected song; stale success cannot resume after pause (0.477791ms)
✔ destroy aborts requests, timers and subscriptions without later playback or refresh (0.17875ms)
✔ session notifications contain no identity, deduplicate transports and release listeners (0.253459ms)
✔ session mutation signals invalidate before the request and settle on success or uncertainty (0.309375ms)
✔ missing session-change completion can be recovered by explicit recheck (0.259083ms)
✔ known unavailable versions stay out of subsequent full queue traversal until catalog refresh (1.064833ms)
✔ long-lived hints use bounded timer chunks instead of overflowing into a refresh loop (0.553458ms)
✔ an access timeout stops full playback without another probe or queue advance (0.661417ms)
✔ notification transport failures cannot block the underlying account request (0.145208ms)
✔ a stale access denial cannot affect a new failed attempt on the same source generation (0.488583ms)
✔ limited-free expiry unloads anonymous full and stale catalog cannot restart it or create a timer loop (0.506583ms)
✔ limited-free full requires a usable server clock but ordinary free tracks still play (0.195625ms)
✔ promotion expiry immediately publishes VIP display state even when both refreshes fail (0.478041ms)
✔ default anonymous collection creates only a session id and never conditions playback (11.634417ms)
✔ operator-off, storage failure and GPC keep collection off without affecting the player (0.874458ms)
✔ playing milestones use actual accumulated time; pause/resume and refresh keep one play session (0.683167ms)
✔ click/loading, seeks, stalls, buffering, paused late playing and long gaps do not qualify (0.974458ms)
✔ natural preview completion stays preview and paused queued ended cannot complete (0.819958ms)
✔ reentrant queue advance and single repeat each create a new play session after measuring ended (0.907ms)
✔ withdraw clears session and queued/in-flight retries, retaining unrelated local preferences (0.887375ms)
✔ 100-event memory cap, 20-event batches and at most two retries are finite (2.880292ms)
✔ manual opt-out persists; re-enable measures from that point; expiry and GPC stop collection (0.920666ms)
✔ integration stays outside audio authorization, local preference schema and member transactions (1.18575ms)
✔ CTA starts a bounded keepalive request before navigation; page teardown never schedules a retry (1.120167ms)
✔ explicit play-all restart on the same loaded source differs from pause/resume (0.929875ms)
✔ browse normalization retains only static notice anchors, never a return or credential fragment (0.347083ms)
✔ every HTML path, alias, slashless and nested asset path is gated with zero binding reads (5.401542ms)
✔ alias and slashless redirects preserve only unique valid public identifiers (0.303958ms)
✔ enabled HTML streams assets but is never positively cached; HEAD and method handling (0.361125ms)
✔ music routes run before asset fallthrough, stay out of sitemap, and use explicit language mapping (4.920458ms)
✔ 500-track catalog is bounded, rejects duplicate IDs and unsafe fields, and canonicalizes covers (0.182542ms)
✔ search NFKC/case normalization, tag OR/group AND, access and stable latest order (5.811166ms)
✔ collections preserve administrator order and cannot grant full access or inject private fields (0.304ms)
✔ featured catalog is bounded, references public rows only and orders free picks without granting access (0.269792ms)
✔ 50-row presentation does not truncate play-all and browsing never rewrites the queue (2.222834ms)
✔ album category separates playlists and opens ordered songs without changing playback (1.348334ms)
✔ all UI dictionary entries have four translations and preserve placeholders (0.485375ms)
✔ native asset router cannot serve encoded music HTML before the closed gate (202.468333ms)
✔ metadata-only published album stays browsable with no available tracks (0.179208ms)
✔ LRC supports multi-tags, centiseconds/milliseconds, stable order, duplicate times and signed offset (0.86ms)
✔ TXT and malformed LRC stay inert text; limits include UTF-8, line and expanded-tag budgets (2.40125ms)
✔ lyrics requests reconstruct a versioned same-origin URL and reject wrong content, bad UTF-8 and streaming overflow (14.81425ms)
✔ catalog validates lyric metadata and never imports identity, lyrics URLs or asset keys (0.129ms)
✔ v2 allowlist keeps favorites, strips identity/URLs, and separates versions and variants with 30-day expiry (0.273083ms)
✔ legacy migrates only validated ID lists and settings; original stays exportable and old full progress cannot authorize (0.201541ms)
✔ corrupt/unknown local schemas are retained and never overwritten; disabled storage remains usable in memory (0.173042ms)
✔ quota errors do not throw or delete disk records; favorite/recent limits and unavailable IDs survive (3.113625ms)
✔ saved/recent order intersects playlist and access filters without mutating stored IDs (0.126583ms)
✔ restoration resolves fresh catalog IDs, stays paused without src/play, then seeks only after user play and metadata (1.936792ms)
✔ saved VIP full never restores into preview or grants playback; changed version does not reuse progress (0.3125ms)
✔ a collection landing keeps its selection instead of restoring an unrelated saved current song (0.140042ms)
✔ explicit user choice before initial reads finish wins over saved current/queue/settings (0.188833ms)
✔ early volume or queue preferences win; matching preview progress stays paused and variant-bound (0.25475ms)
✔ a successful foreground retry can restore after the initial catalog failed, without trusting saved VIP hints (2.002416ms)
✔ progress writes at five seconds, pause and pagehide; recently played requires native playing (0.396291ms)
✔ restored positions are discarded on source selection and cannot override already-loaded media (0.491833ms)
✔ instrumental/missing lyrics do not fetch; progress never retries errors, explicit retry works and destruction rejects late responses (3.127ms)
✔ late lyric A never overwrites B; manual scrolling suspends follow and another song never highlights (3.086083ms)
✔ inline player lyrics load on opening while paused, stay quiet, and cancel on close (0.446834ms)
✔ initialization and selection never set a media URL or play; one controller per element (0.805292ms)
✔ play is synchronous, but playing state is driven by native events, not Promise resolution (2.575042ms)
✔ A/B/C rapid replacement ignores old play failures and old resource events (0.510792ms)
✔ pausing an unresolved play keeps silence and ignores its later rejection (0.294541ms)
✔ an earlier play attempt cannot overwrite a later resume on the same source (0.295041ms)
✔ buffering only while playback intended; genuine end stops with no automatic next song (0.195791ms)
✔ blocked and unsupported playback produce recoverable, non-payment errors (0.399417ms)
✔ seek uses native metadata and seekable ranges; invalid values cannot corrupt progress (0.156166ms)
✔ pause event queued by media failure does not erase the error state (0.084458ms)
✔ replacement clears progress and preview uses its own independent URL and duration (0.118333ms)
✔ destroy unloads the source, removes listeners and invalidates pending work (0.482167ms)
✔ volume and mute follow native properties; snapshots cannot mutate internal state (0.086834ms)
✔ public catalog adapter canonicalizes media identity and fails closed on malformed policy (0.312292ms)
✔ queue settings and catalog never load audio; one queue per controller (1.382458ms)
✔ list playback freezes order/access metadata and tolerates subsequent browse reorder (2.379542ms)
✔ current row toggles pause without replacing the queue or losing position (0.323792ms)
✔ play-all, next and natural advance filter VIP without spending the failure budget (0.274875ms)
✔ qualified VIP permits full queue playback; later known eligibility narrows next selection (0.433833ms)
✔ explicit preview naturally stops in every repeat mode; manual next chooses full free track (0.244791ms)
✔ all VIP and empty queues stop with explanation even with repeat/shuffle enabled (0.136667ms)
✔ previous rewinds only above three seconds and preserves pause; exactly three selects previous (0.217208ms)
✔ repeat one applies only at natural full end; manual next escapes and repeat-all wraps (0.177584ms)
✔ shuffle draws a finite round without repeats and crosses rounds without adjacent duplicates (0.221833ms)
✔ shuffle previous uses history, next retraces forward; disabling returns to original index (0.148458ms)
✔ new catalog availability/version affects future play without replacing snapshot order (0.10675ms)
✔ dedupe, 500 cap and append leave the current audio untouched (3.098ms)
✔ removing pending does not affect sound; current removal requires an explicit action (0.581791ms)
✔ removing the only playing entry cannot repeat it and clearing invalidates pending audio (5.349625ms)
✔ third consecutive full failure stops; a new user play resets the budget (0.410292ms)
✔ exhausted one-song shuffle stops after one failure; denied autoplay is not a skip loop (0.580458ms)
✔ preview failures do not automatically launch another preview or full song (0.198709ms)
✔ failure reset needs continuous real progress, not seek jumps, pauses or brief playing events (0.296708ms)
✔ late A/B failures cannot advance the final C queue or spend its failure budget (1.119458ms)
✔ destroyed queue removes auto-advance without owning or replacing the audio element (0.307291ms)
✔ small native seeks also interrupt the ten-second success window (0.251458ms)
✔ known removal of the active catalog item unloads it without replacing the queue (0.15675ms)
✔ passive selection does not erase the previous actual shuffle history (0.179542ms)
✔ queued ended/error after user pause must not silently resume the queue (0.178542ms)
✔ mode changes and remove-and-stop do not reset an existing failure budget (0.12475ms)
✔ manual repeat-all wrap and play-all restart a sole eligible song instead of retaining its position (0.097167ms)
✔ previous with no current selection does not start an arbitrary repeat-all entry (0.054542ms)
✔ a current playing entry always remains pausable after eligibility changes (0.0855ms)
✔ game handoff unloads real preview audio, locks background intents and returns paused at the same position (2.770833ms)
✔ game handoff cancels a pending real private handshake; late responses and new checks cannot prepare audio (11.893708ms)
✔ one audio/controller stays current when views subscribe and detach; viewing B never selects B (0.253041ms)
✔ start requires native playing; duplicate playing, seek, buffering and pause/resume keep one ID/event (2.546833ms)
✔ natural end is silent until explicit replay, which creates a new ID/start (0.209375ms)
✔ rapid A/B/C source switches and late native play failures cannot start or overwrite old tracks (0.556167ms)
✔ late A permission response is ignored after B, even when fetch ignores abort (0.404209ms)
✔ switching to preview cancels private check; late ready cannot replace playback (0.224333ms)
✔ 401/403, stale grant, missing resource and malformed handshake never assign full src (0.710416ms)
✔ blocked play stays paused without start/recent; user retry begins once (0.45375ms)
✔ native resource error is recoverable; a late pause cannot hide it (0.140584ms)
✔ full pause unloads buffer; fresh handshake and explicit click resume position with same playback ID (0.296458ms)
✔ account invalidation unloads full audio and cancels pending grants; it cannot confer access (0.278583ms)
✔ refresh restore queries current public DTO and keeps selection paused without source/start (0.342042ms)
✔ full refresh restores public selector only and requires a new private grant plus explicit play (0.2075ms)
✔ restoration response cannot replace a new user selection (0.150125ms)
✔ changed public revisions reset saved position; withdrawn/preview-disabled selectors stay empty (0.980625ms)
✔ close/destroy cancels old check; BFCache suspension keeps paused selection and unloads media (0.159167ms)
✔ corrupt, oversized, future-schema and inaccessible storage preserve originals while playback works (0.195833ms)
✔ selector contains only bounded public fields; legacy positions/queue are unchanged (0.174417ms)
✔ known locale metadata updates display only; known publication/promotion changes unload current selection (0.18175ms)
✔ full natural replay rechecks access, stays silent during check, and starts a new ID (0.204ms)
✔ invalid native position cannot make optional persistence interrupt playback (0.046875ms)
✔ leaving or refreshing after natural end restores at zero rather than an unplayable end position (0.077709ms)
✔ a saved position at the decoded native end starts at zero despite rounded DTO duration (0.1305ms)
✔ an explicit newer promotion source switches instead of toggling the old preview (0.095875ms)
ℹ tests 149
ℹ suites 0
ℹ pass 149
ℹ fail 0
ℹ cancelled 0
ℹ skipped 0
ℹ todo 0
ℹ duration_ms 428.768625
