
> landing-site@0.1.0 test:redesign:routes
> node --test scripts/test-station-redesign-routes.mjs

✔ four locales keep canonical home/music paths and five navigation entries reuse existing services (0.609625ms)
✔ five-entry navigation uses the existing member and about pages (0.327917ms)
✔ language changes retain valid public music selections, discarding private and duplicated parameters (0.242541ms)
✔ future single-song and game routes keep their entity when switching language (0.108125ms)
✔ selected state recognizes descendants and aliases without confusing service paths (0.076667ms)
✔ language links never move the existing game runtime into a localized introduction path (0.039042ms)
✔ policy links retain four existing locale prefixes and reject arbitrary destinations (0.14625ms)
ℹ tests 7
ℹ suites 0
ℹ pass 7
ℹ fail 0
ℹ cancelled 0
ℹ skipped 0
ℹ todo 0
ℹ duration_ms 38.157375

> landing-site@0.1.0 test:redesign:home
> node --test scripts/test-station-redesign-home.mjs

✔ unselected draft remains empty without choosing a free/latest fallback (1.270875ms)
✔ published IDs and revision drive direct destinations, three selections and four clips (0.520417ms)
✔ synthetic configuration needs explicit fixture option and cannot enter a normal consumer (0.329584ms)
✔ draft, mismatched revision, scheduled/future or missing configuration cannot publish (0.344292ms)
✔ promotion must be explicitly enabled, published and refer to a public parent (0.483458ms)
✔ missing, revoked, private, mismatched or duplicate cover references hide the work (0.498458ms)
✔ repeated track IDs are ambiguous and never pick a row by order (0.10725ms)
✔ selectors de-duplicate IDs and exclude the featured work (0.191875ms)
✔ empty optional summary does not hide an otherwise published song or game (0.164208ms)
✔ missing video and missing platforms produce distinct honest states (0.221417ms)
✔ only selected, live, verified and correctly owned platform links survive (0.486292ms)
✔ public link syntax rejects credentials, tokens, scripts, private hosts and fixture paths (0.947833ms)
✔ preview requires enabled, ready, independently typed public and rights-confirmed clip (0.768542ms)
✔ revoking a clip, poster or platform removes the reference on next projection (0.086959ms)
✔ clips require both selection lists, public parent, ready poster and public media (0.517791ms)
✔ game revocation removes its card and related update without starting a runtime (0.108833ms)
✔ a game introduction never occupies the existing cat-life runtime namespace (0.226125ms)
✔ locale routing and translation fallback retain the stable selected IDs (0.274916ms)
✔ allowlist projection never forwards private audio, storage, entitlement or extra fields (0.135542ms)
ℹ tests 19
ℹ suites 0
ℹ pass 19
ℹ fail 0
ℹ cancelled 0
ℹ skipped 0
ℹ todo 0
ℹ duration_ms 47.608916

> landing-site@0.1.0 test:redesign:player
> node --test --test-timeout=90000 scripts/test-station-music-session.mjs scripts/test-music-player.mjs scripts/test-music-queue.mjs scripts/test-music-lyrics-local.mjs scripts/test-music-library.mjs scripts/test-music-analytics-client.mjs scripts/test-music-access-lifecycle.mjs

✔ initial reads do not load media; one lifecycle per audio controller (4.358834ms)
✔ invalid capability timestamps and inconsistent authorization fail closed (0.139333ms)
✔ capabilities failure preserves free full and explicit preview without VIP full (0.999125ms)
✔ free catalog becomes available while the independent capability request is unresolved (2.092583ms)
✔ expiry unloads protected full, preserves only in-memory full position and ignores late play rejection (2.000209ms)
✔ renewal at expiry remains paused and can resume only after a new user action (1.135042ms)
✔ a blocked timer cannot let a user play with an expired hint (0.680917ms)
✔ account invalidation is immediate, rejects stale successful reads, and never inherits a previous full source (1.223208ms)
✔ account changes leave free full and previews playing, while clearing old hints (0.677667ms)
✔ upgrade does not switch an active preview; explicit full starts at zero (0.306958ms)
✔ foreground events coalesce, pause protected full and do not resume after checking (1.121875ms)
✔ page hidden does not interrupt ordinary playback; bfcache restore rechecks (0.768ms)
✔ fresh free policy permits full after expiry without assuming VIP is permanent (0.567666ms)
✔ known free-to-VIP policy or version changes unload the previous resource (0.353125ms)
✔ full media failure makes one access probe and handles 401/AUTH_REQUIRED without advancing (0.612416ms)
✔ full media failure makes one access probe and handles 403/MEMBERSHIP_EXPIRED without advancing (0.484875ms)
✔ full media failure makes one access probe and handles 403/ACCOUNT_RESTRICTED without advancing (0.590125ms)
✔ full media failure makes one access probe and handles 503/MEMBERSHIP_UNAVAILABLE without advancing (0.711083ms)
✔ full media failure makes one access probe and handles 409/VERSION_CONFLICT without advancing (0.304292ms)
✔ full media failure makes one access probe and handles 410/TRACK_UNAVAILABLE without advancing (0.252667ms)
✔ healthy access preserves bounded three-failure media recovery, not a payment prompt (0.846708ms)
✔ a preview error plus full access 403 stays a media error and never prompts payment (0.362625ms)
✔ stale access denial cannot unload a later selected song; stale success cannot resume after pause (0.517459ms)
✔ destroy aborts requests, timers and subscriptions without later playback or refresh (0.165292ms)
✔ session notifications contain no identity, deduplicate transports and release listeners (0.128875ms)
✔ session mutation signals invalidate before the request and settle on success or uncertainty (0.153625ms)
✔ missing session-change completion can be recovered by explicit recheck (0.207083ms)
✔ known unavailable versions stay out of subsequent full queue traversal until catalog refresh (1.209667ms)
✔ long-lived hints use bounded timer chunks instead of overflowing into a refresh loop (0.504791ms)
✔ an access timeout stops full playback without another probe or queue advance (0.435583ms)
✔ notification transport failures cannot block the underlying account request (0.1285ms)
✔ a stale access denial cannot affect a new failed attempt on the same source generation (0.401542ms)
✔ limited-free expiry unloads anonymous full and stale catalog cannot restart it or create a timer loop (0.357875ms)
✔ limited-free full requires a usable server clock but ordinary free tracks still play (0.241ms)
✔ promotion expiry immediately publishes VIP display state even when both refreshes fail (0.576791ms)
✔ default anonymous collection creates only a session id and never conditions playback (18.833084ms)
✔ operator-off, storage failure and GPC keep collection off without affecting the player (1.794458ms)
✔ playing milestones use actual accumulated time; pause/resume and refresh keep one play session (1.740791ms)
✔ click/loading, seeks, stalls, buffering, paused late playing and long gaps do not qualify (1.764833ms)
✔ natural preview completion stays preview and paused queued ended cannot complete (1.677458ms)
✔ reentrant queue advance and single repeat each create a new play session after measuring ended (1.575083ms)
✔ withdraw clears session and queued/in-flight retries, retaining unrelated local preferences (0.816542ms)
✔ 100-event memory cap, 20-event batches and at most two retries are finite (2.929792ms)
✔ manual opt-out persists; re-enable measures from that point; expiry and GPC stop collection (0.934ms)
✔ integration stays outside audio authorization, local preference schema and member transactions (1.247542ms)
✔ CTA starts a bounded keepalive request before navigation; page teardown never schedules a retry (0.443792ms)
✔ explicit play-all restart on the same loaded source differs from pause/resume (0.435417ms)
✔ browse normalization retains only static notice anchors, never a return or credential fragment (0.353125ms)
✔ every HTML path, alias, slashless and nested asset path is gated with zero binding reads (5.616875ms)
✔ alias and slashless redirects preserve only unique valid public identifiers (0.325ms)
✔ enabled HTML streams assets but is never positively cached; HEAD and method handling (0.409959ms)
✔ music routes run before asset fallthrough, stay out of sitemap, and use explicit language mapping (4.940583ms)
✔ 500-track catalog is bounded, rejects duplicate IDs and unsafe fields, and canonicalizes covers (0.18175ms)
✔ search NFKC/case normalization, tag OR/group AND, access and stable latest order (4.838583ms)
✔ collections preserve administrator order and cannot grant full access or inject private fields (0.32375ms)
✔ featured catalog is bounded, references public rows only and orders free picks without granting access (0.302708ms)
✔ 50-row presentation does not truncate play-all and browsing never rewrites the queue (2.475958ms)
✔ album category separates playlists and opens ordered songs without changing playback (1.577959ms)
✔ all UI dictionary entries have four translations and preserve placeholders (0.532042ms)
✖ native asset router cannot serve encoded music HTML before the closed gate (126.37925ms)
✔ metadata-only published album stays browsable with no available tracks (0.384667ms)
✔ LRC supports multi-tags, centiseconds/milliseconds, stable order, duplicate times and signed offset (0.9115ms)
✔ TXT and malformed LRC stay inert text; limits include UTF-8, line and expanded-tag budgets (1.660334ms)
✔ lyrics requests reconstruct a versioned same-origin URL and reject wrong content, bad UTF-8 and streaming overflow (12.976333ms)
✔ catalog validates lyric metadata and never imports identity, lyrics URLs or asset keys (0.130792ms)
✔ v2 allowlist keeps favorites, strips identity/URLs, and separates versions and variants with 30-day expiry (0.496959ms)
✔ legacy migrates only validated ID lists and settings; original stays exportable and old full progress cannot authorize (0.223417ms)
✔ corrupt/unknown local schemas are retained and never overwritten; disabled storage remains usable in memory (0.179083ms)
✔ quota errors do not throw or delete disk records; favorite/recent limits and unavailable IDs survive (3.176625ms)
✔ saved/recent order intersects playlist and access filters without mutating stored IDs (0.212541ms)
✔ restoration resolves fresh catalog IDs, stays paused without src/play, then seeks only after user play and metadata (2.058125ms)
✔ saved VIP full never restores into preview or grants playback; changed version does not reuse progress (0.334541ms)
✔ a collection landing keeps its selection instead of restoring an unrelated saved current song (0.141917ms)
✔ explicit user choice before initial reads finish wins over saved current/queue/settings (0.195ms)
✔ early volume or queue preferences win; matching preview progress stays paused and variant-bound (0.242375ms)
✔ a successful foreground retry can restore after the initial catalog failed, without trusting saved VIP hints (1.553375ms)
✔ progress writes at five seconds, pause and pagehide; recently played requires native playing (0.845458ms)
✔ restored positions are discarded on source selection and cannot override already-loaded media (0.175375ms)
✔ instrumental/missing lyrics do not fetch; progress never retries errors, explicit retry works and destruction rejects late responses (2.873125ms)
✔ late lyric A never overwrites B; manual scrolling suspends follow and another song never highlights (1.793167ms)
✔ inline player lyrics load on opening while paused, stay quiet, and cancel on close (0.476916ms)
✔ initialization and selection never set a media URL or play; one controller per element (1.452ms)
✔ play is synchronous, but playing state is driven by native events, not Promise resolution (5.221833ms)
✔ A/B/C rapid replacement ignores old play failures and old resource events (0.800208ms)
✔ pausing an unresolved play keeps silence and ignores its later rejection (0.332791ms)
✔ an earlier play attempt cannot overwrite a later resume on the same source (0.426666ms)
✔ buffering only while playback intended; genuine end stops with no automatic next song (0.329791ms)
✔ blocked and unsupported playback produce recoverable, non-payment errors (0.616459ms)
✔ seek uses native metadata and seekable ranges; invalid values cannot corrupt progress (0.202333ms)
✔ pause event queued by media failure does not erase the error state (0.104125ms)
✔ replacement clears progress and preview uses its own independent URL and duration (0.126166ms)
✔ destroy unloads the source, removes listeners and invalidates pending work (0.465375ms)
✔ volume and mute follow native properties; snapshots cannot mutate internal state (0.088208ms)
✔ public catalog adapter canonicalizes media identity and fails closed on malformed policy (0.3425ms)
✔ queue settings and catalog never load audio; one queue per controller (2.506333ms)
✔ list playback freezes order/access metadata and tolerates subsequent browse reorder (3.841375ms)
✔ current row toggles pause without replacing the queue or losing position (0.474833ms)
✔ play-all, next and natural advance filter VIP without spending the failure budget (0.314833ms)
✔ qualified VIP permits full queue playback; later known eligibility narrows next selection (0.230709ms)
✔ explicit preview naturally stops in every repeat mode; manual next chooses full free track (0.25425ms)
✔ all VIP and empty queues stop with explanation even with repeat/shuffle enabled (0.137958ms)
✔ previous rewinds only above three seconds and preserves pause; exactly three selects previous (0.207ms)
✔ repeat one applies only at natural full end; manual next escapes and repeat-all wraps (0.1845ms)
✔ shuffle draws a finite round without repeats and crosses rounds without adjacent duplicates (0.226583ms)
✔ shuffle previous uses history, next retraces forward; disabling returns to original index (0.152083ms)
✔ new catalog availability/version affects future play without replacing snapshot order (0.109125ms)
✔ dedupe, 500 cap and append leave the current audio untouched (3.173583ms)
✔ removing pending does not affect sound; current removal requires an explicit action (0.226833ms)
✔ removing the only playing entry cannot repeat it and clearing invalidates pending audio (2.410083ms)
✔ third consecutive full failure stops; a new user play resets the budget (0.196458ms)
✔ exhausted one-song shuffle stops after one failure; denied autoplay is not a skip loop (0.384667ms)
✔ preview failures do not automatically launch another preview or full song (0.137792ms)
✔ failure reset needs continuous real progress, not seek jumps, pauses or brief playing events (0.17175ms)
✔ late A/B failures cannot advance the final C queue or spend its failure budget (0.834084ms)
✔ destroyed queue removes auto-advance without owning or replacing the audio element (0.107625ms)
✔ small native seeks also interrupt the ten-second success window (0.101625ms)
✔ known removal of the active catalog item unloads it without replacing the queue (0.070709ms)
✔ passive selection does not erase the previous actual shuffle history (0.07125ms)
✔ queued ended/error after user pause must not silently resume the queue (0.077709ms)
✔ mode changes and remove-and-stop do not reset an existing failure budget (0.086875ms)
✔ manual repeat-all wrap and play-all restart a sole eligible song instead of retaining its position (0.078666ms)
✔ previous with no current selection does not start an arbitrary repeat-all entry (0.048042ms)
✔ a current playing entry always remains pausable after eligibility changes (0.071417ms)
✔ game handoff unloads real preview audio, locks background intents and returns paused at the same position (2.43225ms)
✔ game handoff cancels a pending real private handshake; late responses and new checks cannot prepare audio (15.096875ms)
✔ one audio/controller stays current when views subscribe and detach; viewing B never selects B (0.256375ms)
✔ start requires native playing; duplicate playing, seek, buffering and pause/resume keep one ID/event (2.860375ms)
✔ natural end is silent until explicit replay, which creates a new ID/start (0.242375ms)
✔ rapid A/B/C source switches and late native play failures cannot start or overwrite old tracks (0.462541ms)
✔ late A permission response is ignored after B, even when fetch ignores abort (0.555333ms)
✔ switching to preview cancels private check; late ready cannot replace playback (0.23125ms)
✔ 401/403, stale grant, missing resource and malformed handshake never assign full src (1.026417ms)
✔ blocked play stays paused without start/recent; user retry begins once (0.509ms)
✔ native resource error is recoverable; a late pause cannot hide it (0.159417ms)
✔ full pause unloads buffer; fresh handshake and explicit click resume position with same playback ID (0.311625ms)
✔ account invalidation unloads full audio and cancels pending grants; it cannot confer access (0.195958ms)
✔ refresh restore queries current public DTO and keeps selection paused without source/start (0.218875ms)
✔ full refresh restores public selector only and requires a new private grant plus explicit play (0.169916ms)
✔ restoration response cannot replace a new user selection (0.116ms)
✔ changed public revisions reset saved position; withdrawn/preview-disabled selectors stay empty (0.736583ms)
✔ close/destroy cancels old check; BFCache suspension keeps paused selection and unloads media (0.174ms)
✔ corrupt, oversized, future-schema and inaccessible storage preserve originals while playback works (0.194292ms)
✔ selector contains only bounded public fields; legacy positions/queue are unchanged (0.185166ms)
✔ known locale metadata updates display only; known publication/promotion changes unload current selection (0.184ms)
✔ full natural replay rechecks access, stays silent during check, and starts a new ID (0.174958ms)
✔ invalid native position cannot make optional persistence interrupt playback (0.040917ms)
✔ leaving or refreshing after natural end restores at zero rather than an unplayable end position (0.07525ms)
✔ a saved position at the decoded native end starts at zero despite rounded DTO duration (0.126416ms)
✔ an explicit newer promotion source switches instead of toggling the old preview (0.096125ms)
ℹ tests 149
ℹ suites 0
ℹ pass 148
ℹ fail 1
ℹ cancelled 0
ℹ skipped 0
ℹ todo 0
ℹ duration_ms 374.223167

✖ failing tests:

test at scripts/test-music-library.mjs:147:1
✖ native asset router cannot serve encoded music HTML before the closed gate (126.37925ms)
  Error: listen EPERM: operation not permitted 127.0.0.1
      at Server.setupListenHandle [as _listen2] (node:net:1986:21)
      at listenInCluster (node:net:2065:12)
      at node:net:2274:7
      at process.processTicksAndRejections (node:internal/process/task_queues:90:21) {
    code: 'EPERM',
    errno: -1,
    syscall: 'listen',
    address: '127.0.0.1'
  }
