
> landing-site@0.1.0 test:redesign:player
> node --test --test-timeout=90000 scripts/test-station-music-session.mjs scripts/test-music-player.mjs scripts/test-music-queue.mjs scripts/test-music-lyrics-local.mjs scripts/test-music-library.mjs scripts/test-music-analytics-client.mjs scripts/test-music-access-lifecycle.mjs

✔ initial reads do not load media; one lifecycle per audio controller (3.67175ms)
✔ invalid capability timestamps and inconsistent authorization fail closed (0.142084ms)
✔ capabilities failure preserves free full and explicit preview without VIP full (0.858708ms)
✔ free catalog becomes available while the independent capability request is unresolved (3.630542ms)
✔ expiry unloads protected full, preserves only in-memory full position and ignores late play rejection (2.626958ms)
✔ renewal at expiry remains paused and can resume only after a new user action (1.53275ms)
✔ a blocked timer cannot let a user play with an expired hint (2.717917ms)
✔ account invalidation is immediate, rejects stale successful reads, and never inherits a previous full source (1.834667ms)
✔ account changes leave free full and previews playing, while clearing old hints (0.807291ms)
✔ upgrade does not switch an active preview; explicit full starts at zero (0.722209ms)
✔ foreground events coalesce, pause protected full and do not resume after checking (1.020625ms)
✔ page hidden does not interrupt ordinary playback; bfcache restore rechecks (0.793667ms)
✔ fresh free policy permits full after expiry without assuming VIP is permanent (0.906875ms)
✔ known free-to-VIP policy or version changes unload the previous resource (0.395041ms)
✔ full media failure makes one access probe and handles 401/AUTH_REQUIRED without advancing (0.538625ms)
✔ full media failure makes one access probe and handles 403/MEMBERSHIP_EXPIRED without advancing (0.658708ms)
✔ full media failure makes one access probe and handles 403/ACCOUNT_RESTRICTED without advancing (0.3645ms)
✔ full media failure makes one access probe and handles 503/MEMBERSHIP_UNAVAILABLE without advancing (0.880875ms)
✔ full media failure makes one access probe and handles 409/VERSION_CONFLICT without advancing (0.272125ms)
✔ full media failure makes one access probe and handles 410/TRACK_UNAVAILABLE without advancing (0.433166ms)
✔ healthy access preserves bounded three-failure media recovery, not a payment prompt (0.740333ms)
✔ a preview error plus full access 403 stays a media error and never prompts payment (0.607875ms)
✔ stale access denial cannot unload a later selected song; stale success cannot resume after pause (0.576875ms)
✔ destroy aborts requests, timers and subscriptions without later playback or refresh (0.425167ms)
✔ session notifications contain no identity, deduplicate transports and release listeners (0.280583ms)
✔ session mutation signals invalidate before the request and settle on success or uncertainty (0.306791ms)
✔ missing session-change completion can be recovered by explicit recheck (0.375708ms)
✔ known unavailable versions stay out of subsequent full queue traversal until catalog refresh (1.845708ms)
✔ long-lived hints use bounded timer chunks instead of overflowing into a refresh loop (0.860916ms)
✔ an access timeout stops full playback without another probe or queue advance (1.072958ms)
✔ notification transport failures cannot block the underlying account request (0.26375ms)
✔ a stale access denial cannot affect a new failed attempt on the same source generation (0.809709ms)
✔ limited-free expiry unloads anonymous full and stale catalog cannot restart it or create a timer loop (0.534125ms)
✔ limited-free full requires a usable server clock but ordinary free tracks still play (0.497875ms)
✔ promotion expiry immediately publishes VIP display state even when both refreshes fail (0.898458ms)
✔ default anonymous collection creates only a session id and never conditions playback (18.037458ms)
✔ operator-off, storage failure and GPC keep collection off without affecting the player (1.078958ms)
✔ playing milestones use actual accumulated time; pause/resume and refresh keep one play session (1.383583ms)
✔ click/loading, seeks, stalls, buffering, paused late playing and long gaps do not qualify (1.505791ms)
✔ natural preview completion stays preview and paused queued ended cannot complete (1.699458ms)
✔ reentrant queue advance and single repeat each create a new play session after measuring ended (1.543584ms)
✔ withdraw clears session and queued/in-flight retries, retaining unrelated local preferences (1.1345ms)
✔ 100-event memory cap, 20-event batches and at most two retries are finite (3.689541ms)
✔ manual opt-out persists; re-enable measures from that point; expiry and GPC stop collection (0.8035ms)
✔ integration stays outside audio authorization, local preference schema and member transactions (0.901125ms)
✔ CTA starts a bounded keepalive request before navigation; page teardown never schedules a retry (0.37275ms)
✔ explicit play-all restart on the same loaded source differs from pause/resume (0.36ms)
✔ browse normalization retains only static notice anchors, never a return or credential fragment (0.444208ms)
✔ every HTML path, alias, slashless and nested asset path is gated with zero binding reads (4.722958ms)
✔ alias and slashless redirects preserve only unique valid public identifiers (0.346167ms)
✔ enabled HTML streams assets but is never positively cached; HEAD and method handling (0.423ms)
✔ music routes run before asset fallthrough, stay out of sitemap, and use explicit language mapping (3.12ms)
✔ 500-track catalog is bounded, rejects duplicate IDs and unsafe fields, and canonicalizes covers (0.209ms)
✔ search NFKC/case normalization, tag OR/group AND, access and stable latest order (5.893458ms)
✔ collections preserve administrator order and cannot grant full access or inject private fields (0.572417ms)
✔ featured catalog is bounded, references public rows only and orders free picks without granting access (0.45925ms)
✔ 50-row presentation does not truncate play-all and browsing never rewrites the queue (3.543375ms)
✔ album category separates playlists and opens ordered songs without changing playback (2.600083ms)
✔ all UI dictionary entries have four translations and preserve placeholders (0.625042ms)
✔ native asset router cannot serve encoded music HTML before the closed gate (258.013541ms)
✔ metadata-only published album stays browsable with no available tracks (0.385292ms)
✔ LRC supports multi-tags, centiseconds/milliseconds, stable order, duplicate times and signed offset (0.925042ms)
✔ TXT and malformed LRC stay inert text; limits include UTF-8, line and expanded-tag budgets (3.833792ms)
✔ lyrics requests reconstruct a versioned same-origin URL and reject wrong content, bad UTF-8 and streaming overflow (14.281792ms)
✔ catalog validates lyric metadata and never imports identity, lyrics URLs or asset keys (0.142667ms)
✔ v2 allowlist keeps favorites, strips identity/URLs, and separates versions and variants with 30-day expiry (0.288375ms)
✔ legacy migrates only validated ID lists and settings; original stays exportable and old full progress cannot authorize (0.215875ms)
✔ corrupt/unknown local schemas are retained and never overwritten; disabled storage remains usable in memory (0.182125ms)
✔ quota errors do not throw or delete disk records; favorite/recent limits and unavailable IDs survive (3.281375ms)
✔ saved/recent order intersects playlist and access filters without mutating stored IDs (0.114625ms)
✔ restoration resolves fresh catalog IDs, stays paused without src/play, then seeks only after user play and metadata (1.840291ms)
✔ saved VIP full never restores into preview or grants playback; changed version does not reuse progress (0.342625ms)
✔ a collection landing keeps its selection instead of restoring an unrelated saved current song (0.131584ms)
✔ explicit user choice before initial reads finish wins over saved current/queue/settings (0.183416ms)
✔ early volume or queue preferences win; matching preview progress stays paused and variant-bound (0.241042ms)
✔ a successful foreground retry can restore after the initial catalog failed, without trusting saved VIP hints (1.683833ms)
✔ progress writes at five seconds, pause and pagehide; recently played requires native playing (0.46175ms)
✔ restored positions are discarded on source selection and cannot override already-loaded media (0.08ms)
✔ instrumental/missing lyrics do not fetch; progress never retries errors, explicit retry works and destruction rejects late responses (2.931541ms)
✔ late lyric A never overwrites B; manual scrolling suspends follow and another song never highlights (2.925333ms)
✔ inline player lyrics load on opening while paused, stay quiet, and cancel on close (0.484166ms)
✔ initialization and selection never set a media URL or play; one controller per element (1.629083ms)
✔ play is synchronous, but playing state is driven by native events, not Promise resolution (5.418458ms)
✔ A/B/C rapid replacement ignores old play failures and old resource events (0.720417ms)
✔ pausing an unresolved play keeps silence and ignores its later rejection (0.676458ms)
✔ an earlier play attempt cannot overwrite a later resume on the same source (0.492208ms)
✔ buffering only while playback intended; genuine end stops with no automatic next song (0.170792ms)
✔ blocked and unsupported playback produce recoverable, non-payment errors (0.6605ms)
✔ seek uses native metadata and seekable ranges; invalid values cannot corrupt progress (0.366042ms)
✔ pause event queued by media failure does not erase the error state (0.1915ms)
✔ replacement clears progress and preview uses its own independent URL and duration (0.269833ms)
✔ destroy unloads the source, removes listeners and invalidates pending work (1.799208ms)
✔ volume and mute follow native properties; snapshots cannot mutate internal state (0.216ms)
✔ public catalog adapter canonicalizes media identity and fails closed on malformed policy (0.668542ms)
✔ queue settings and catalog never load audio; one queue per controller (3.438667ms)
✔ list playback freezes order/access metadata and tolerates subsequent browse reorder (2.702208ms)
✔ current row toggles pause without replacing the queue or losing position (0.327334ms)
✔ play-all, next and natural advance filter VIP without spending the failure budget (0.271834ms)
✔ qualified VIP permits full queue playback; later known eligibility narrows next selection (0.223167ms)
✔ explicit preview naturally stops in every repeat mode; manual next chooses full free track (0.26125ms)
✔ all VIP and empty queues stop with explanation even with repeat/shuffle enabled (0.149875ms)
✔ previous rewinds only above three seconds and preserves pause; exactly three selects previous (0.206292ms)
✔ repeat one applies only at natural full end; manual next escapes and repeat-all wraps (0.191417ms)
✔ shuffle draws a finite round without repeats and crosses rounds without adjacent duplicates (0.377625ms)
✔ shuffle previous uses history, next retraces forward; disabling returns to original index (0.185584ms)
✔ new catalog availability/version affects future play without replacing snapshot order (0.114125ms)
✔ dedupe, 500 cap and append leave the current audio untouched (2.0375ms)
✔ removing pending does not affect sound; current removal requires an explicit action (0.20075ms)
✔ removing the only playing entry cannot repeat it and clearing invalidates pending audio (2.370417ms)
✔ third consecutive full failure stops; a new user play resets the budget (0.160958ms)
✔ exhausted one-song shuffle stops after one failure; denied autoplay is not a skip loop (0.697083ms)
✔ preview failures do not automatically launch another preview or full song (0.085417ms)
✔ failure reset needs continuous real progress, not seek jumps, pauses or brief playing events (0.134334ms)
✔ late A/B failures cannot advance the final C queue or spend its failure budget (1.027667ms)
✔ destroyed queue removes auto-advance without owning or replacing the audio element (0.096666ms)
✔ small native seeks also interrupt the ten-second success window (0.104875ms)
✔ known removal of the active catalog item unloads it without replacing the queue (0.071042ms)
✔ passive selection does not erase the previous actual shuffle history (0.072042ms)
✔ queued ended/error after user pause must not silently resume the queue (0.075583ms)
✔ mode changes and remove-and-stop do not reset an existing failure budget (0.077625ms)
✔ manual repeat-all wrap and play-all restart a sole eligible song instead of retaining its position (0.080083ms)
✔ previous with no current selection does not start an arbitrary repeat-all entry (0.046625ms)
✔ a current playing entry always remains pausable after eligibility changes (0.072542ms)
✔ one audio/controller stays current when views subscribe and detach; viewing B never selects B (3.205834ms)
✔ start requires native playing; duplicate playing, seek, buffering and pause/resume keep one ID/event (3.887834ms)
✔ natural end is silent until explicit replay, which creates a new ID/start (0.492417ms)
✔ rapid A/B/C source switches and late native play failures cannot start or overwrite old tracks (1.399167ms)
✔ late A permission response is ignored after B, even when fetch ignores abort (17.246541ms)
✔ switching to preview cancels private check; late ready cannot replace playback (0.302125ms)
✔ 401/403, stale grant, missing resource and malformed handshake never assign full src (0.77525ms)
✔ blocked play stays paused without start/recent; user retry begins once (1.151625ms)
✔ native resource error is recoverable; a late pause cannot hide it (0.201791ms)
✔ full pause unloads buffer; fresh handshake and explicit click resume position with same playback ID (0.728916ms)
✔ account invalidation unloads full audio and cancels pending grants; it cannot confer access (0.35175ms)
✔ refresh restore queries current public DTO and keeps selection paused without source/start (0.729667ms)
✔ full refresh restores public selector only and requires a new private grant plus explicit play (0.430333ms)
✔ restoration response cannot replace a new user selection (0.201ms)
✔ changed public revisions reset saved position; withdrawn/preview-disabled selectors stay empty (0.340834ms)
✔ close/destroy cancels old check; BFCache suspension keeps paused selection and unloads media (0.17ms)
✔ corrupt, oversized, future-schema and inaccessible storage preserve originals while playback works (0.200292ms)
✔ selector contains only bounded public fields; legacy positions/queue are unchanged (0.306667ms)
✔ known locale metadata updates display only; known publication/promotion changes unload current selection (0.220333ms)
✔ full natural replay rechecks access, stays silent during check, and starts a new ID (0.692459ms)
✔ invalid native position cannot make optional persistence interrupt playback (0.050583ms)
✔ leaving or refreshing after natural end restores at zero rather than an unplayable end position (0.085833ms)
✔ a saved position at the decoded native end starts at zero despite rounded DTO duration (0.153416ms)
✔ an explicit newer promotion source switches instead of toggling the old preview (0.095834ms)
ℹ tests 147
ℹ suites 0
ℹ pass 147
ℹ fail 0
ℹ cancelled 0
ℹ skipped 0
ℹ todo 0
ℹ duration_ms 500.425042
