
> landing-site@0.1.0 test:redesign:content-admin
> node --test --test-timeout=90000 scripts/test-station-content-admin.mjs scripts/test-station-content-client.mjs scripts/test-station-content-admin-runtime.mjs

▶ actual Worker Access, native D1/R2, flags and guarded publication workflow
  ✔ forged and expired identities never reach the content binding (14.192375ms)
  ✔ admin flag must be explicit; wrong or unmigrated MUSIC_DB closes without writes (18.177625ms)
  ✔ CSRF, methods, query ambiguity and editor publish restrictions remain server side (7.981083ms)
  ✔ register, approve and publish through actual native transactions, replaying the original receipt (29.028917ms)
  ✔ one concurrent save wins; stale mutation and publication never change current pointer (15.034709ms)
  ✔ promotion and homepage are separate; stop updates fresh public no-store response (31.787583ms)
  ✔ real fixture MP4 and image uploads become controlled clip/game publications, with current rights rechecked (108.75725ms)
  ✔ bounded schedule run disabled by either flag and never falls back to a production binding (3.567834ms)
  ✔ HEAD and admin recovery responses are private and cannot leak raw auth or media identities (5.349583ms)
✔ actual Worker Access, native D1/R2, flags and guarded publication workflow (1944.867333ms)
✔ 0014 ledger and actual schema are required; missing schema does not backfill or write (16.950375ms)
✔ default-off content namespace checks the flag before bindings after admin authorization (7.79275ms)
✔ website registration never publishes, changes old policies or generates promotions (19.101541ms)
✔ new website song keeps the original music workspace editable without granting full audio (14.758458ms)
✔ unready or unapproved cover blocks publication with a concrete field, then old operation replays once (16.627666ms)
✔ concurrent saves accept one revision and leave the published version untouched (15.481584ms)
✔ a concurrent rights block invalidates the final publication batch and does not seal its draft (15.304292ms)
✔ current bound R2 object identity is checked, and failure does not write a public version (13.93725ms)
✔ publishing site_audio_mode cannot turn a VIP legacy record into a free grant (15.405333ms)
✔ platform verification is independent of song publication and validates the provider target (15.651833ms)
✔ promotion preview requires an owned independent ready clip and rights; disabling clears every reference (20.027917ms)
✔ cross-owner previews and clips cannot be bound to a promotion (15.761333ms)
✔ homepage reads current enabled promotion; stopping it and taking the song down removes fresh references (20.617209ms)
✔ rollback copies the sealed snapshot to a new immutable version, then revalidates current resources (16.478ms)
✔ two publishers cannot seal competing versions; a late failed batch rolls back audit and pointer (15.007208ms)
✔ scheduled validation failure retains editable draft and a bounded reason without public exposure (84.121875ms)
✔ scheduled success is idempotent and actor privilege is rechecked, while disabled scheduler reads nothing (91.000541ms)
✔ editing cancels an approved schedule atomically and leaves the existing published revision visible (17.1985ms)
✔ editor may save drafts but cannot publish, approve rights or edit a live platform (17.57325ms)
✔ game draft cannot occupy the runtime directory; preflight refuses missing screenshots and invented runtime (15.286792ms)
✔ content lists and asset choices are bounded, preserve ID ordering and do not expose storage keys (14.431875ms)
✔ lost acknowledgement survives reload and only replays the original body, revision and operation key (1.222459ms)
✔ pending operation prevents a new publication and refresh never sends writes (0.416375ms)
✔ actor changes before a write prevent it and keep the old actor journal scoped (0.190792ms)
✔ a late acknowledgement after actor change remains recoverable and is not applied to a new editor (0.141166ms)
✔ unavailable or malformed journal closes writes before a request (0.091375ms)
✔ a terminal revision conflict clears only its own pending command; bounded routes reject injection (0.920083ms)
ℹ tests 37
ℹ suites 0
ℹ pass 37
ℹ fail 0
ℹ cancelled 0
ℹ skipped 0
ℹ todo 0
ℹ duration_ms 2094.286792
