
> landing-site@0.1.0 test:redesign:games
> node --test --test-timeout=90000 scripts/test-station-game-saves.mjs scripts/test-station-game-pages.mjs scripts/test-station-game-client.mjs scripts/test-station-game-runtime.mjs

✔ entry missing offers only the appropriate action without writes (15.28425ms)
✔ entry valid offers only the appropriate action without writes (8.376334ms)
✔ entry corrupt offers only the appropriate action without writes (4.111125ms)
✔ entry unsupported offers only the appropriate action without writes (3.498791ms)
✔ member missing is local-only evidence; unreadable storage is not a new game (7.141042ms)
✔ late successful session cannot re-enable launch after a newer failed check or disposal (3.921334ms)
✔ zh-Hant: canonical catalog, safe detail and reserved runtime (9.100417ms)
✔ zh-Hans: canonical catalog, safe detail and reserved runtime (0.174291ms)
✔ en: canonical catalog, safe detail and reserved runtime (0.085666ms)
✔ ja: canonical catalog, safe detail and reserved runtime (0.074542ms)
✔ closed page ownership before method, query and binding: {} (0.526625ms)
✔ closed page ownership before method, query and binding: {"STATION_GAME_PAGES_ENABLED":"true"} (0.277333ms)
✔ closed page ownership before method, query and binding: {"STATION_CONTENT_PUBLIC_ENABLED":"true"} (0.611666ms)
✔ closed page ownership before method, query and binding: {"STATION_GAME_PAGES_ENABLED":"true","STATION_CONTENT_PUBLIC_ENABLED":"false"} (0.468459ms)
✔ internal shells are never directly published and unknown descendants remain with existing handler (1.034208ms)
✔ rendered DTO is escaped, has no unconfirmed continue button and unregistered launch paths cannot navigate (0.297334ms)
✔ zh-Hant: actual Worker/D1/R2 renders catalog, intro, language links and original runtime (3748.381167ms)
✔ zh-Hans: actual Worker/D1/R2 renders catalog, intro, language links and original runtime (13.347458ms)
✔ en: actual Worker/D1/R2 renders catalog, intro, language links and original runtime (11.317417ms)
✔ ja: actual Worker/D1/R2 renders catalog, intro, language links and original runtime (9.426166ms)
✔ half-enabled rollout does not own new game paths; registered runtime remains reachable under every mode (6.091ms)
✔ actual Worker only enables same-origin runtime framing for gated valid launch requests (6.900791ms)
✔ canonical alias/no-slash redirects, unmapped detail and method/query errors (11.638084ms)
✔ screenshots are actual prior runtime capture bytes and go through controlled assets with revocation (26.458209ms)
✔ read-only classifier: corrupt (4.913541ms)
✔ read-only classifier: unsupported (3.379292ms)
✔ read-only classifier: missing (3.223167ms)
✔ read-only classifier: valid (3.734375ms)
✔ empty strings, empty objects, null, arrays, incomplete state and malformed cats are corrupt, never missing (10.716667ms)
✔ unavailable storage is distinct from missing and cannot be created (3.249917ms)
✔ legacy schema 0, 1 and 2 are detected without writes and migrate real progress only when loaded (20.688458ms)
✔ legacy empty cat arrays retain currency and volume through the established repair migration (19.09575ms)
✔ corrupt is preserved through load, create, save, autosave and rejected import (4.695083ms)
✔ unsupported is preserved through load, create, save, autosave and rejected import (3.1335ms)
✔ fresh game writes only a missing slot and a quota error does not report a successful save (3.10025ms)
✔ valid slot changed by another tab is not overwritten, including another compatible save (9.755584ms)
✔ explicit recovery backs up exact damaged bytes then imports compatible progress (6.104209ms)
✔ backup denial, backup verification failure and target race all refuse replacement (19.069334ms)
✔ guest claim and account slot selection are read-only and never use a cached ID as authentication (6.419167ms)
✔ actual main startup and lifecycle retain corrupt guest (4.595334ms)
✔ actual main startup and lifecycle retain future guest (3.935375ms)
✔ actual main startup and lifecycle retain unreadable storage (3.50925ms)
✔ actual main startup and lifecycle retain corrupt member (3.151083ms)
✔ actual main startup and lifecycle retain unknown session (5.98ms)
✔ actual account activation refuses corrupt destination and never copies member A to missing member B (10.138792ms)
✔ existing duplicate cat identities use the established repair migration without rewriting during detection (6.037167ms)
✔ explicit restore refuses an already-observed target changed before file selection completes (10.5125ms)
✔ original export Blob contains exact input bytes and causes no save writes (3.105042ms)
✔ actual cloud client rechecks session after-cloud-read (9.634875ms)
✔ actual cloud client rechecks session before-upload (12.3965ms)
✔ actual cloud client rechecks session same-account (8.710875ms)
✔ malformed known progress blocks are preserved instead of being normalised into fresh defaults (23.545042ms)
ℹ tests 52
ℹ suites 0
ℹ pass 52
ℹ fail 0
ℹ cancelled 0
ℹ skipped 0
ℹ todo 0
ℹ duration_ms 3998.977458
