
> landing-site@0.1.0 test:redesign:migration
> node scripts/build-station-legacy-inventory.mjs --check && node --test --test-timeout=90000 scripts/test-station-route-migrations.mjs scripts/test-station-route-runtime.mjs

Pinned legacy inventory verified: 71 retired static entries, 25 download roots; HTTP not inferred.
✔ missing STATION_ROUTE_MIGRATIONS_ENABLED preserves legacy dispatch without binding/method inspection (8.50875ms)
✔ missing STATION_CONTENT_PUBLIC_ENABLED preserves legacy dispatch without binding/method inspection (0.231166ms)
✔ missing STATION_MUSIC_PAGES_ENABLED preserves legacy dispatch without binding/method inspection (0.111959ms)
✔ missing STATION_GAME_PAGES_ENABLED preserves legacy dispatch without binding/method inspection (0.107167ms)
✔ missing STATION_MEMBER_PAGES_ENABLED preserves legacy dispatch without binding/method inspection (0.101542ms)
✔ migration path normalization excludes nested encodings and control/query injection (0.117083ms)
✔ service priority retains runtime resources, accounts, downloads and policies (0.135416ms)
✔ chapter aliases preserve the actual root/en reading address (0.087ms)
✔ localized about applies only to the migration profile; canonical has four corresponding entities (0.320083ms)
✔ proposal soft associations cannot authorize a runtime redirect or credential transfer (0.180292ms)
✔ preview hosts never enable indexing even with the search switch (0.053083ms)
✔ upstream Assets routing is a separate release dependency, not implicit in runtime flags (0.221292ms)
✔ zh-Hant: new home/about and music/game navigation use actual Worker + native Assets (4231.033709ms)
✔ en: new home/about and music/game navigation use actual Worker + native Assets (39.414042ms)
✔ ja: new home/about and music/game navigation use actual Worker + native Assets (39.1505ms)
✔ zh-Hans: new home/about and music/game navigation use actual Worker + native Assets (37.024209ms)
✔ all inventoried retired static introductions exit directly; policy/download exceptions stay services (127.52825ms)
✔ dynamic retirees, missing paths and encoded descendants never become a soft 200 or unrelated redirect (14.754375ms)
✔ mapped UUID/slug shares reach the same published entity; unpublished mappings remain unavailable (67.163ms)
✔ novel bookmarks keep root/en addresses, require login and preserve old purchase checks (20.318208ms)
✔ service methods, auth boundaries, AASA and runtime bytes remain owned by their original handlers (46.612791ms)
✔ search sitemap enumerates every shard beyond the first page and excludes old/private/runtime routes (65.503625ms)
✔ index activation requires the production host; production sitemap/robots do not hide retirees from crawlers (3.499958ms)
music_rate_limit_failure {
  version: 1,
  category: 'catalog',
  stage: 'source',
  reason: 'operation_failed'
}
music_rate_limit_failure {
  version: 1,
  category: 'catalog',
  stage: 'source',
  reason: 'operation_failed'
}
✔ unpublished home stays empty, synthetic configuration remains explicit and resource failure fails closed (31.152333ms)
ℹ tests 24
ℹ suites 0
ℹ pass 24
ℹ fail 0
ℹ cancelled 0
ℹ skipped 0
ℹ todo 0
ℹ duration_ms 4888.245209
