
> landing-site@0.1.0 test:mobile:production
> node --test --test-timeout=120000 scripts/test-mobile-production.mjs scripts/test-mobile-production-association.mjs scripts/test-mobile-production-service.mjs && python3 scripts/test-mobile-production-migrations.py

✔ clean-checkout association stays unavailable and does not disclose identity or redirect (2.013ms)
✔ association denies alternate hosts, paths, queries and writes before configuration (0.658917ms)
✔ website assets cannot shadow the native browser or association gates (4.643166ms)
✔ production GET/HEAD require current markers once per request and publish only exact routes (1.169792ms)
✔ R2 association stays scoped to its staging app and two root music paths (0.502625ms)
▶ shared link cases match serialized AASA exact paths, independently of client query validation
  ✔ production-music-track (0.052ms)
  ✔ production-music-collection (0.026583ms)
  ✔ production-music--track (0.030625ms)
  ✔ production-music--collection (0.04775ms)
  ✔ production-en-music-track (0.049667ms)
  ✔ production-en-music-collection (0.027459ms)
  ✔ production-en-music--track (0.029375ms)
  ✔ production-en-music--collection (0.018833ms)
  ✔ production-ja-music-track (0.016584ms)
  ✔ production-ja-music-collection (0.019333ms)
  ✔ production-ja-music--track (0.024958ms)
  ✔ production-ja-music--collection (0.017ms)
  ✔ production-zh-hans-music-track (0.015375ms)
  ✔ production-zh-hans-music-collection (0.013792ms)
  ✔ production-zh-hans-music--track (0.013958ms)
  ✔ production-zh-hans-music--collection (0.013041ms)
  ✔ production-zh-hant-music-track (0.013583ms)
  ✔ production-zh-hant-music-collection (0.020125ms)
  ✔ production-zh-hant-music--track (0.014083ms)
  ✔ production-zh-hant-music--collection (0.018375ms)
  ✔ production-callback (0.021834ms)
  ✔ production-callback-trailing-slash (0.012625ms)
  ✔ production-empty-selection (0.013125ms)
  ✔ production-invalid-track (0.011416ms)
  ✔ production-empty-collection (0.011375ms)
  ✔ production-duplicate-track (0.0115ms)
  ✔ production-mixed-selection (0.020291ms)
  ✔ production-identity-query (0.011125ms)
  ✔ production-unknown-query (0.011083ms)
  ✔ production-fragment (0.011167ms)
  ✔ production-nested-music (0.013875ms)
  ✔ production-case-music (0.014583ms)
  ✔ production-encoded-music (0.013708ms)
  ✔ production-encoded-slash (0.012458ms)
  ✔ production-unlisted-locale (0.015958ms)
  ✔ production-case-locale (0.014458ms)
  ✔ production-home (0.011291ms)
  ✔ production-reader (0.011208ms)
  ✔ production-admin (0.013167ms)
  ✔ production-public-api (0.017708ms)
  ✔ production-other-environment (0.011ms)
  ✔ production-unassociated-host (0.011ms)
  ✔ production-lookalike-host (0.022833ms)
  ✔ r2-music-track (0.012208ms)
  ✔ r2-music-collection (0.011ms)
  ✔ r2-music--track (0.010708ms)
  ✔ r2-music--collection (0.010333ms)
  ✔ r2-callback (0.010583ms)
  ✔ r2-callback-trailing-slash (0.01125ms)
  ✔ r2-empty-selection (0.020792ms)
  ✔ r2-invalid-track (0.010333ms)
  ✔ r2-empty-collection (0.010166ms)
  ✔ r2-duplicate-track (0.010291ms)
  ✔ r2-mixed-selection (0.010708ms)
  ✔ r2-identity-query (0.010709ms)
  ✔ r2-unknown-query (0.014459ms)
  ✔ r2-fragment (0.011542ms)
  ✔ r2-nested-music (0.01075ms)
  ✔ r2-case-music (0.01075ms)
  ✔ r2-encoded-music (0.015166ms)
  ✔ r2-encoded-slash (0.013667ms)
  ✔ r2-unlisted-locale (0.010584ms)
  ✔ r2-case-locale (0.010333ms)
  ✔ r2-home (0.010792ms)
  ✔ r2-reader (0.015583ms)
  ✔ r2-admin (0.011083ms)
  ✔ r2-public-api (0.010542ms)
  ✔ r2-localized-en (0.010916ms)
  ✔ r2-localized-ja (0.011875ms)
  ✔ r2-localized-zh-hans (0.010292ms)
  ✔ r2-localized-zh-hant (0.010208ms)
  ✔ r2-other-environment (0.0115ms)
  ✔ r2-unassociated-host (0.009958ms)
  ✔ r2-lookalike-host (0.010125ms)
✔ shared link cases match serialized AASA exact paths, independently of client query validation (2.403667ms)
✔ canonical track and album cases are generated by the actual website share helper in all four locales (0.248208ms)
✔ private readiness is complete, owner-only, loopback-scoped and removed on idempotent close (26.258791ms)
✔ invalid output directories and preexisting readiness cannot be adopted or overwritten (6.246583ms)
✔ every control and forwarding route requires exactly one correct proof (17.233333ms)
✔ forwarding never redirects and preserves raw body, status, Cookie and Location (6.644916ms)
✔ only canonical production native URLs and supported methods enter the fixture (20.30925ms)
✔ header allowlist blocks proof, host, forwarding metadata, aliases and injection (10.942792ms)
✔ JSON/base64 shape and input byte budget are enforced before dispatch (10.119083ms)
✔ response and evidence budgets fail with categories, never input or exception text (10.181625ms)
✔ unfinished request bodies and stalled fixture responses have an absolute deadline (5009.160458ms)
✔ the lifetime request budget bounds evidence and blocks additional dispatches (154.30625ms)
✔ CLI starts the real production fixture without outbound requests and shuts down cleanly (4851.214125ms)
✔ production candidate preserves website boundaries and is closed with empty origins and no result secret (4223.907916ms)
✔ candidate rejects all known isolated resources, wrong account and mismatched proof (0.903042ms)
✔ closed, wrong-profile, bad host/callback and isolated key requests reject before data bindings (5.241333ms)
✔ production deletion prepare/confirm/status never access a data binding even when flag is true (0.338708ms)
✔ isolated configuration rejects case and trailing-dot aliases of reserved production hosts before bindings (0.677333ms)
✔ private writer is create-only and rejects checkout paths and symlink destinations (4.721334ms)
✔ all 37 website migrations retain all 50 existing table definitions beside native and marker tables (7.776625ms)
✔ production-shaped runtime validates each binding exactly once; exposes honest capabilities (12.8635ms)
✔ ready production AASA GET and HEAD use the same binding proof and expose only the production App ID (31.151291ms)
✔ missing, changed and swapped binding proof fail before native writes and are rechecked next request (55.606834ms)
✔ production password/PKCE/refresh use existing account and never translate website cookies (54.68275ms)
✔ production TOTP remains mandatory and consumed codes cannot replay (64.094667ms)
✔ production native registration cannot claim an existing magic-link account or its membership and points (103.889542ms)
✔ production native registration creates only a fresh account, without issuing a website or native session (56.162041ms)
✔ production registration atomically rejects a legacy account created between its read and write (45.182125ms)
✔ failed production credential insertion rolls back its newly inserted account (39.6445ms)
✔ website registration cannot bypass the ownership guard for a legacy account even with native auth disabled (103.877208ms)
✔ fresh website registration retains the authenticated response and HttpOnly Cookie contract (44.352375ms)
✔ website registration also rejects a legacy account created between its read and atomic write (40.782042ms)
✔ existing website password session survives native login and the two credential types never substitute for each other (75.776417ms)
✔ TOTP password reset preserves account and membership but invalidates previous web and native credentials (136.87775ms)
✔ production maintenance cannot advance a deletion outbox (32.786917ms)
✔ production catalog and R2 grants retain free/VIP access and sync remains account-scoped (181.905375ms)
ℹ tests 115
ℹ suites 0
ℹ pass 115
ℹ fail 0
ℹ cancelled 0
ℹ skipped 0
ℹ todo 0
ℹ duration_ms 10168.618375
............
----------------------------------------------------------------------
Ran 12 tests in 0.479s

OK
