
> landing-site@0.1.0 test:mobile:music
> node --test --test-timeout=90000 scripts/test-mobile-music.mjs

✔ isolated gates stay closed unless explicitly enabled; config accurately reports music (2899.967334ms)
✔ free catalog/search/detail project no storage keys or credentials; pagination rejects stale cursor (64.978084ms)
✔ free grant and separate preview stream GET HEAD Range with object identity checks (84.8775ms)
✔ VIP grants require same account AND same session on every request, never Cookie fallback (140.819375ms)
✔ invalid Bearer does not silently become anonymous, even for free/preview/catalog (32.980833ms)
✔ free and preview remain public; non-VIP cannot mint full VIP grant (54.853833ms)
✔ expiry, revocation, blocked account, password changes deny before R2 (303.678417ms)
✔ membership expiry, VIP delivery off, publication withdrawn are checked every Range (116.526917ms)
✔ limited free expires at boundary; old grant cannot deliver free bytes afterwards (1645.738333ms)
✔ token rotation in same session retains grant binding; old bearer fails (94.639625ms)
✔ entitlements are music projection only and do not mutate site membership (53.941333ms)
✔ missing membership DB table fails closed without R2 access (87.017417ms)
✔ lyrics retain Unicode, offset, multi-timestamps and audio version (56.740833ms)
✔ album order and pagination use only visible published members (93.520292ms)
✔ replaced storage object is rejected; malformed mode and version never authorize (36.990458ms)
✔ featured preserves configured primary/secondary/collection order and never invents empty recommendations (297.675458ms)
✔ rotation fixture uses real refresh route and preserves family absolute expiry (62.152958ms)
✔ offline permits are isolated, revision-bound permanent-free full audio only (116.984875ms)
ℹ tests 18
ℹ suites 0
ℹ pass 18
ℹ fail 0
ℹ cancelled 0
ℹ skipped 0
ℹ todo 0
ℹ duration_ms 6382.887916
