
> landing-site@0.1.0 test:redesign:reports
> node --test --test-timeout=90000 scripts/test-station-reports.mjs scripts/test-station-report-client.mjs scripts/test-station-report-boundaries.mjs scripts/test-station-report-runtime.mjs

✔ midnight in-flight event blocks both manual and daily snapshots until its append completes (56.920416ms)
✔ expired in-flight batch is fenced before sealing and cannot append late or receive a success (39.830709ms)
✔ a delayed registration and an older collector are rejected at the database boundary after sealing (38.574625ms)
✔ 0018 invalidates unsealed archives but retains platform figures, their receipts and raw events (52.472209ms)
✔ successful platform insertion then a 401 preserves the command across reload and prevents a duplicate (41.251458ms)
▶ post-write identity or local journal failure preserves pending operations in both workspaces
  ✔ content: 401 (0.167333ms)
  ✔ content: 403 (0.070125ms)
  ✔ content: actor (0.065209ms)
  ✔ content: storage (0.078667ms)
  ✔ reports: 401 (0.120542ms)
  ✔ reports: 403 (0.057125ms)
  ✔ reports: actor (0.05625ms)
  ✔ reports: storage (0.04375ms)
✔ post-write identity or local journal failure preserves pending operations in both workspaces (1.007791ms)
✔ a terminal authorization error during recovery cannot clear an earlier acknowledged operation (0.107083ms)
✔ report journal is separate and reload retries only the exact original platform command (1.663125ms)
✔ pending reports cannot launch another write or replay an old content publication (0.176375ms)
✔ changed actor and unavailable storage stop report writes before requests (0.094041ms)
✔ expired original operation remains pending for explicit reconciliation (0.118042ms)
✔ slow old report does not verify/repaint over a newer window (0.117167ms)
✔ changed actor or query errors do not return a report; dispose discards in-flight work (0.101125ms)
✔ zero and missing values remain distinct, and source names are unambiguous (7.041334ms)
✔ native minute-only datetime values produce the canonical UTC format accepted by the server (0.648916ms)
✔ report requests retain same-origin/no-store controls and reject arbitrary paths (11.719ms)
▶ actual Worker, verified Access and native D1 report transactions
  ✔ forged/expired Access and email headers cannot read report data (20.98225ms)
  ✔ report/content/version-off gates return 503 without installing schema or writes (19.102125ms)
  ✔ actual native report reproduces the sample math and private cache policy (9.534458ms)
  ✔ duplicate query, unknown dimensions and wrong methods fail without data (5.318625ms)
  ✔ 0017 ledger deletion fails closed and schema is not auto-created (18.333875ms)
  ✔ 0018 sealing ledger must be confirmed independently (17.812167ms)
  ✔ same-origin write gate and read-only editor protect native inserts (10.7605ms)
  ✔ retention-off blocks writes, aggregation-off blocks capture without blocking reads (5.3415ms)
  ✔ original native operation retry creates one manual record, not click-derived plays (10.077ms)
  ✔ stale/native edit conflict cannot alter an imported identity (8.478ms)
  ✔ expired keys cannot insert again when no operation receipt remains (21.45825ms)
  ✔ closed native capture is idempotent and audit excludes report payload (15.666666ms)
  ✔ real successful POST followed by verified Access 401 recovers the original key without a second row (23.305833ms)
  ✔ real built admin shell is noindex and existing content workspace links it (4.753708ms)
✔ actual Worker, verified Access and native D1 report transactions (8068.301291ms)
▶ native D1 transaction fences delayed appends against manual window sealing
  ✔ active flight drains before immutable capture (589.071083ms)
  ✔ expired flight cannot commit after sealing (499.865459ms)
✔ native D1 transaction fences delayed appends against manual window sealing (8554.291417ms)
✔ strict UTC half-open windows, bounded dimensions, namespaced sources and leap-year expiry (0.782625ms)
✔ disabled/version-off reports never touch bindings or install tables (0.289333ms)
✔ exact 0016/0017/0018 ledgers and columns required, without demanding R2 or public page flags (84.961083ms)
✔ fixed arithmetic: four views, three session/song pairs, five clicks, two converted pairs (40.006084ms)
✔ platform filter keeps visit/preview denominator and limits click numerator only (46.934666ms)
✔ same session across two songs remains two pairs; orphan clicks do not fabricate conversion (43.131292ms)
✔ cross-window visits, absent visits and known material attribution remain separate (39.039625ms)
✔ a later visit or a visit exactly thirty minutes earlier cannot link a click (39.9115ms)
✔ server receipt time controls windows; legacy/non-consented dictionaries never mix (42.725208ms)
✔ real zero independent totals, missing rates, no ready confirmation and absent external data (39.942916ms)
✔ invalid entity ownership rejected; archived publication does not erase historical stats (38.237333ms)
✔ DTO never emits visitor identifiers, raw receipts, URLs, accounts or credentials (37.692417ms)
✔ manual platform zero, provenance, window mismatch and withdrawn state stay independent (39.910292ms)
✔ manual data requires platform declaration and known bounded source, count and observed time (40.084083ms)
✔ stable idempotency replays only same actor/command; revisions and identity require CAS (38.051125ms)
✔ zero-write fault rolls back external row, audit and operation receipt as one D1 transaction (37.606709ms)
✔ snapshot saves exact closed window; retry does not duplicate, mutable and personal JSON rejected (38.265833ms)
✔ dedicated audits and operation receipts contain metadata, not report values/source payload (39.824875ms)
✔ stale or disabled retention closes manual writes and snapshot capture (37.848958ms)
✔ daily archives retain no visitor IDs; cross-day counts can add but session conversions cannot (79.744041ms)
✔ exact saved multi-day query can restore its original rate after raw event expiry (39.768833ms)
✔ unbuilt historical day is unavailable, while completed absent intersections are known zero (77.619375ms)
✔ controlled calendar expiry works with reports/aggregation off and leaves old domain untouched (38.242542ms)
✔ bounded scheduler resumes a cursor and rejects expired raw source rather than skipping it (39.839167ms)
✔ maintenance has independent off gates and bounded first-run statement count (41.139792ms)
✔ query budget rejects rather than silently truncates accepted events (0.1085ms)
✔ migration names alone do not admit an incomplete raw-event schema (41.285417ms)
✔ a repeated session/song pair across UTC days cannot become two total visit sessions (99.8955ms)
✔ expiry cleanup never turns an uncertain original operation into a second insertion (38.427417ms)
ℹ tests 71
ℹ suites 0
ℹ pass 71
ℹ fail 0
ℹ cancelled 0
ℹ skipped 0
ℹ todo 0
ℹ duration_ms 16798.746042
