
> landing-site@0.1.0 test:redesign:home
> node --test scripts/test-station-redesign-home.mjs

✔ unselected draft remains empty without choosing a free/latest fallback (1.028875ms)
✔ published IDs and revision drive direct destinations, three selections and four clips (0.554042ms)
✔ synthetic configuration needs explicit fixture option and cannot enter a normal consumer (0.344417ms)
✔ draft, mismatched revision, scheduled/future or missing configuration cannot publish (0.694333ms)
✔ promotion must be explicitly enabled, published and refer to a public parent (0.497458ms)
✔ missing, revoked, private, mismatched or duplicate cover references hide the work (0.395375ms)
✔ repeated track IDs are ambiguous and never pick a row by order (0.1595ms)
✔ selectors de-duplicate IDs and exclude the featured work (0.199166ms)
✔ empty optional summary does not hide an otherwise published song or game (0.161375ms)
✔ missing video and missing platforms produce distinct honest states (0.18325ms)
✔ only selected, live, verified and correctly owned platform links survive (0.704458ms)
✔ public link syntax rejects credentials, tokens, scripts, private hosts and fixture paths (1.0535ms)
✔ preview requires enabled, ready, independently typed public and rights-confirmed clip (0.674125ms)
✔ revoking a clip, poster or platform removes the reference on next projection (0.196958ms)
✔ clips require both selection lists, public parent, ready poster and public media (0.60575ms)
✔ game revocation removes its card and related update without starting a runtime (0.195875ms)
✔ a game introduction never occupies the existing cat-life runtime namespace (0.38675ms)
✔ locale routing and translation fallback retain the stable selected IDs (0.64125ms)
✔ allowlist projection never forwards private audio, storage, entitlement or extra fields (0.164125ms)
ℹ tests 19
ℹ suites 0
ℹ pass 19
ℹ fail 0
ℹ cancelled 0
ℹ skipped 0
ℹ todo 0
ℹ duration_ms 45.313541
