
> landing-site@0.1.0 test:redesign:player
> node --test --test-timeout=90000 scripts/test-station-music-session.mjs scripts/test-music-player.mjs scripts/test-music-queue.mjs scripts/test-music-lyrics-local.mjs scripts/test-music-library.mjs scripts/test-music-analytics-client.mjs scripts/test-music-access-lifecycle.mjs

✔ initial reads do not load media; one lifecycle per audio controller (4.747458ms)
✔ invalid capability timestamps and inconsistent authorization fail closed (0.146333ms)
✔ capabilities failure preserves free full and explicit preview without VIP full (0.8595ms)
✔ free catalog becomes available while the independent capability request is unresolved (2.200291ms)
✔ expiry unloads protected full, preserves only in-memory full position and ignores late play rejection (1.594042ms)
✔ renewal at expiry remains paused and can resume only after a new user action (0.590459ms)
✔ a blocked timer cannot let a user play with an expired hint (0.49375ms)
✔ account invalidation is immediate, rejects stale successful reads, and never inherits a previous full source (0.714792ms)
✔ account changes leave free full and previews playing, while clearing old hints (0.891541ms)
✔ upgrade does not switch an active preview; explicit full starts at zero (0.712625ms)
✔ foreground events coalesce, pause protected full and do not resume after checking (1.736833ms)
✔ page hidden does not interrupt ordinary playback; bfcache restore rechecks (0.572375ms)
✔ fresh free policy permits full after expiry without assuming VIP is permanent (0.876042ms)
✔ known free-to-VIP policy or version changes unload the previous resource (0.759958ms)
✔ full media failure makes one access probe and handles 401/AUTH_REQUIRED without advancing (1.011708ms)
✔ full media failure makes one access probe and handles 403/MEMBERSHIP_EXPIRED without advancing (0.512125ms)
✔ full media failure makes one access probe and handles 403/ACCOUNT_RESTRICTED without advancing (0.648666ms)
✔ full media failure makes one access probe and handles 503/MEMBERSHIP_UNAVAILABLE without advancing (0.994125ms)
✔ full media failure makes one access probe and handles 409/VERSION_CONFLICT without advancing (0.358833ms)
✔ full media failure makes one access probe and handles 410/TRACK_UNAVAILABLE without advancing (0.345542ms)
✔ healthy access preserves bounded three-failure media recovery, not a payment prompt (1.326625ms)
✔ a preview error plus full access 403 stays a media error and never prompts payment (0.568083ms)
✔ stale access denial cannot unload a later selected song; stale success cannot resume after pause (0.557708ms)
✔ destroy aborts requests, timers and subscriptions without later playback or refresh (0.380375ms)
✔ session notifications contain no identity, deduplicate transports and release listeners (0.27725ms)
✔ session mutation signals invalidate before the request and settle on success or uncertainty (0.295917ms)
✔ missing session-change completion can be recovered by explicit recheck (0.384417ms)
✔ known unavailable versions stay out of subsequent full queue traversal until catalog refresh (1.560584ms)
✔ long-lived hints use bounded timer chunks instead of overflowing into a refresh loop (0.470708ms)
✔ an access timeout stops full playback without another probe or queue advance (0.467708ms)
✔ notification transport failures cannot block the underlying account request (0.12ms)
✔ a stale access denial cannot affect a new failed attempt on the same source generation (0.446834ms)
✔ limited-free expiry unloads anonymous full and stale catalog cannot restart it or create a timer loop (0.498167ms)
✔ limited-free full requires a usable server clock but ordinary free tracks still play (0.42475ms)
✔ promotion expiry immediately publishes VIP display state even when both refreshes fail (0.846667ms)
✔ default anonymous collection creates only a session id and never conditions playback (18.36475ms)
✔ operator-off, storage failure and GPC keep collection off without affecting the player (2.1965ms)
✔ playing milestones use actual accumulated time; pause/resume and refresh keep one play session (1.618625ms)
✔ click/loading, seeks, stalls, buffering, paused late playing and long gaps do not qualify (0.946625ms)
✔ natural preview completion stays preview and paused queued ended cannot complete (0.931167ms)
✔ reentrant queue advance and single repeat each create a new play session after measuring ended (1.044458ms)
✔ withdraw clears session and queued/in-flight retries, retaining unrelated local preferences (1.011375ms)
✔ 100-event memory cap, 20-event batches and at most two retries are finite (2.825459ms)
✔ manual opt-out persists; re-enable measures from that point; expiry and GPC stop collection (0.9335ms)
✔ integration stays outside audio authorization, local preference schema and member transactions (1.023083ms)
✔ CTA starts a bounded keepalive request before navigation; page teardown never schedules a retry (0.468709ms)
✔ explicit play-all restart on the same loaded source differs from pause/resume (0.409292ms)
✔ browse normalization retains only static notice anchors, never a return or credential fragment (0.333084ms)
✔ every HTML path, alias, slashless and nested asset path is gated with zero binding reads (5.012541ms)
✔ alias and slashless redirects preserve only unique valid public identifiers (0.369583ms)
✔ enabled HTML streams assets but is never positively cached; HEAD and method handling (0.460834ms)
✔ music routes run before asset fallthrough, stay out of sitemap, and use explicit language mapping (3.051333ms)
✔ 500-track catalog is bounded, rejects duplicate IDs and unsafe fields, and canonicalizes covers (0.180666ms)
✔ search NFKC/case normalization, tag OR/group AND, access and stable latest order (4.802584ms)
✔ collections preserve administrator order and cannot grant full access or inject private fields (0.413875ms)
✔ featured catalog is bounded, references public rows only and orders free picks without granting access (0.404708ms)
✔ 50-row presentation does not truncate play-all and browsing never rewrites the queue (3.028083ms)
✔ album category separates playlists and opens ordered songs without changing playback (2.231875ms)
✔ all UI dictionary entries have four translations and preserve placeholders (0.549584ms)
✔ native asset router cannot serve encoded music HTML before the closed gate (175.665375ms)
✔ metadata-only published album stays browsable with no available tracks (0.152667ms)
✔ LRC supports multi-tags, centiseconds/milliseconds, stable order, duplicate times and signed offset (1.667709ms)
✔ TXT and malformed LRC stay inert text; limits include UTF-8, line and expanded-tag budgets (3.942083ms)
✔ lyrics requests reconstruct a versioned same-origin URL and reject wrong content, bad UTF-8 and streaming overflow (13.55375ms)
✔ catalog validates lyric metadata and never imports identity, lyrics URLs or asset keys (0.125083ms)
✔ v2 allowlist keeps favorites, strips identity/URLs, and separates versions and variants with 30-day expiry (0.27525ms)
✔ legacy migrates only validated ID lists and settings; original stays exportable and old full progress cannot authorize (0.20675ms)
✔ corrupt/unknown local schemas are retained and never overwritten; disabled storage remains usable in memory (0.17275ms)
✔ quota errors do not throw or delete disk records; favorite/recent limits and unavailable IDs survive (2.80175ms)
✔ saved/recent order intersects playlist and access filters without mutating stored IDs (0.129ms)
✔ restoration resolves fresh catalog IDs, stays paused without src/play, then seeks only after user play and metadata (2.264125ms)
✔ saved VIP full never restores into preview or grants playback; changed version does not reuse progress (0.32125ms)
✔ a collection landing keeps its selection instead of restoring an unrelated saved current song (0.130583ms)
✔ explicit user choice before initial reads finish wins over saved current/queue/settings (0.194959ms)
✔ early volume or queue preferences win; matching preview progress stays paused and variant-bound (0.24075ms)
✔ a successful foreground retry can restore after the initial catalog failed, without trusting saved VIP hints (1.751792ms)
✔ progress writes at five seconds, pause and pagehide; recently played requires native playing (0.703834ms)
✔ restored positions are discarded on source selection and cannot override already-loaded media (0.057209ms)
✔ instrumental/missing lyrics do not fetch; progress never retries errors, explicit retry works and destruction rejects late responses (2.719583ms)
✔ late lyric A never overwrites B; manual scrolling suspends follow and another song never highlights (3.197542ms)
✔ inline player lyrics load on opening while paused, stay quiet, and cancel on close (0.47575ms)
✔ initialization and selection never set a media URL or play; one controller per element (1.498042ms)
✔ play is synchronous, but playing state is driven by native events, not Promise resolution (4.439292ms)
✔ A/B/C rapid replacement ignores old play failures and old resource events (0.453583ms)
✔ pausing an unresolved play keeps silence and ignores its later rejection (0.338875ms)
✔ an earlier play attempt cannot overwrite a later resume on the same source (0.469875ms)
✔ buffering only while playback intended; genuine end stops with no automatic next song (0.288584ms)
✔ blocked and unsupported playback produce recoverable, non-payment errors (1.007042ms)
✔ seek uses native metadata and seekable ranges; invalid values cannot corrupt progress (0.205083ms)
✔ pause event queued by media failure does not erase the error state (0.095208ms)
✔ replacement clears progress and preview uses its own independent URL and duration (0.131708ms)
✔ destroy unloads the source, removes listeners and invalidates pending work (0.372ms)
✔ volume and mute follow native properties; snapshots cannot mutate internal state (0.094583ms)
✔ public catalog adapter canonicalizes media identity and fails closed on malformed policy (0.328917ms)
✔ queue settings and catalog never load audio; one queue per controller (2.011375ms)
✔ list playback freezes order/access metadata and tolerates subsequent browse reorder (3.3145ms)
✔ current row toggles pause without replacing the queue or losing position (0.615375ms)
✔ play-all, next and natural advance filter VIP without spending the failure budget (0.550166ms)
✔ qualified VIP permits full queue playback; later known eligibility narrows next selection (0.435167ms)
✔ explicit preview naturally stops in every repeat mode; manual next chooses full free track (0.485833ms)
✔ all VIP and empty queues stop with explanation even with repeat/shuffle enabled (0.321084ms)
✔ previous rewinds only above three seconds and preserves pause; exactly three selects previous (0.38525ms)
✔ repeat one applies only at natural full end; manual next escapes and repeat-all wraps (0.214667ms)
✔ shuffle draws a finite round without repeats and crosses rounds without adjacent duplicates (0.240416ms)
✔ shuffle previous uses history, next retraces forward; disabling returns to original index (0.166417ms)
✔ new catalog availability/version affects future play without replacing snapshot order (0.104208ms)
✔ dedupe, 500 cap and append leave the current audio untouched (3.891416ms)
✔ removing pending does not affect sound; current removal requires an explicit action (0.245542ms)
✔ removing the only playing entry cannot repeat it and clearing invalidates pending audio (2.721583ms)
✔ third consecutive full failure stops; a new user play resets the budget (0.467583ms)
✔ exhausted one-song shuffle stops after one failure; denied autoplay is not a skip loop (0.697458ms)
✔ preview failures do not automatically launch another preview or full song (0.214917ms)
✔ failure reset needs continuous real progress, not seek jumps, pauses or brief playing events (0.179792ms)
✔ late A/B failures cannot advance the final C queue or spend its failure budget (1.275166ms)
✔ destroyed queue removes auto-advance without owning or replacing the audio element (0.143709ms)
✔ small native seeks also interrupt the ten-second success window (0.119459ms)
✔ known removal of the active catalog item unloads it without replacing the queue (0.086875ms)
✔ passive selection does not erase the previous actual shuffle history (0.077417ms)
✔ queued ended/error after user pause must not silently resume the queue (0.083208ms)
✔ mode changes and remove-and-stop do not reset an existing failure budget (0.088417ms)
✔ manual repeat-all wrap and play-all restart a sole eligible song instead of retaining its position (0.08325ms)
✔ previous with no current selection does not start an arbitrary repeat-all entry (0.046417ms)
✔ a current playing entry always remains pausable after eligibility changes (0.077208ms)
✔ one audio/controller stays current when views subscribe and detach; viewing B never selects B (3.263875ms)
✔ start requires native playing; duplicate playing, seek, buffering and pause/resume keep one ID/event (2.764333ms)
✔ natural end is silent until explicit replay, which creates a new ID/start (0.258042ms)
✔ rapid A/B/C source switches and late native play failures cannot start or overwrite old tracks (0.673125ms)
✔ late A permission response is ignored after B, even when fetch ignores abort (12.434625ms)
✔ switching to preview cancels private check; late ready cannot replace playback (0.281375ms)
✔ 401/403, stale grant, missing resource and malformed handshake never assign full src (0.84ms)
✔ blocked play stays paused without start/recent; user retry begins once (0.968916ms)
✔ native resource error is recoverable; a late pause cannot hide it (0.154375ms)
✔ full pause unloads buffer; fresh handshake and explicit click resume position with same playback ID (0.379917ms)
✔ account invalidation unloads full audio and cancels pending grants; it cannot confer access (0.211084ms)
✔ refresh restore queries current public DTO and keeps selection paused without source/start (0.256833ms)
✔ full refresh restores public selector only and requires a new private grant plus explicit play (0.234875ms)
✔ restoration response cannot replace a new user selection (0.159166ms)
✔ changed public revisions reset saved position; withdrawn/preview-disabled selectors stay empty (0.283458ms)
✔ close/destroy cancels old check; BFCache suspension keeps paused selection and unloads media (0.154292ms)
✔ corrupt, oversized, future-schema and inaccessible storage preserve originals while playback works (0.17075ms)
✔ selector contains only bounded public fields; legacy positions/queue are unchanged (0.184458ms)
✔ known locale metadata updates display only; known publication/promotion changes unload current selection (0.174292ms)
✔ full natural replay rechecks access, stays silent during check, and starts a new ID (0.528666ms)
✔ invalid native position cannot make optional persistence interrupt playback (0.040208ms)
✔ leaving or refreshing after natural end restores at zero rather than an unplayable end position (0.078292ms)
✔ a saved position at the decoded native end starts at zero despite rounded DTO duration (0.12225ms)
✔ an explicit newer promotion source switches instead of toggling the old preview (0.091083ms)
ℹ tests 147
ℹ suites 0
ℹ pass 147
ℹ fail 0
ℹ cancelled 0
ℹ skipped 0
ℹ todo 0
ℹ duration_ms 391.015833
