
> landing-site@0.1.0 test:redesign:games
> node --test --test-timeout=90000 scripts/test-station-game-saves.mjs scripts/test-station-game-pages.mjs scripts/test-station-game-client.mjs scripts/test-station-game-runtime.mjs

✔ entry missing offers only the appropriate action without writes (12.462291ms)
✔ entry valid offers only the appropriate action without writes (9.879708ms)
✔ entry corrupt offers only the appropriate action without writes (4.407958ms)
✔ entry unsupported offers only the appropriate action without writes (3.675666ms)
✔ member missing is local-only evidence; unreadable storage is not a new game (6.898292ms)
✔ late successful session cannot re-enable launch after a newer failed check or disposal (3.974458ms)
✔ zh-Hant: canonical catalog, safe detail and reserved runtime (9.199ms)
✔ zh-Hans: canonical catalog, safe detail and reserved runtime (0.167375ms)
✔ en: canonical catalog, safe detail and reserved runtime (0.078708ms)
✔ ja: canonical catalog, safe detail and reserved runtime (0.072375ms)
✔ closed page ownership before method, query and binding: {} (0.556792ms)
✔ closed page ownership before method, query and binding: {"STATION_GAME_PAGES_ENABLED":"true"} (0.293333ms)
✔ closed page ownership before method, query and binding: {"STATION_CONTENT_PUBLIC_ENABLED":"true"} (0.278667ms)
✔ closed page ownership before method, query and binding: {"STATION_GAME_PAGES_ENABLED":"true","STATION_CONTENT_PUBLIC_ENABLED":"false"} (0.227375ms)
✔ internal shells are never directly published and unknown descendants remain with existing handler (0.423542ms)
✔ rendered DTO is escaped, has no unconfirmed continue button and unregistered launch paths cannot navigate (0.289667ms)
✔ zh-Hant: actual Worker/D1/R2 renders catalog, intro, language links and original runtime (3619.100333ms)
✔ zh-Hans: actual Worker/D1/R2 renders catalog, intro, language links and original runtime (11.630625ms)
✔ en: actual Worker/D1/R2 renders catalog, intro, language links and original runtime (11.283458ms)
✔ ja: actual Worker/D1/R2 renders catalog, intro, language links and original runtime (9.426584ms)
✔ half-enabled rollout does not own new game paths; registered runtime remains reachable under every mode (5.93ms)
✔ canonical alias/no-slash redirects, unmapped detail and method/query errors (10.142208ms)
✔ screenshots are actual prior runtime capture bytes and go through controlled assets with revocation (29.912375ms)
✔ read-only classifier: corrupt (4.666208ms)
✔ read-only classifier: unsupported (3.507958ms)
✔ read-only classifier: missing (3.212292ms)
✔ read-only classifier: valid (4.363333ms)
✔ empty strings, empty objects, null, arrays, incomplete state and malformed cats are corrupt, never missing (7.029ms)
✔ unavailable storage is distinct from missing and cannot be created (3.291625ms)
✔ legacy schema 0, 1 and 2 are detected without writes and migrate real progress only when loaded (21.75125ms)
✔ corrupt is preserved through load, create, save, autosave and rejected import (3.832125ms)
✔ unsupported is preserved through load, create, save, autosave and rejected import (3.152042ms)
✔ fresh game writes only a missing slot and a quota error does not report a successful save (3.406ms)
✔ valid slot changed by another tab is not overwritten, including another compatible save (10.235167ms)
✔ explicit recovery backs up exact damaged bytes then imports compatible progress (6.991416ms)
✔ backup denial, backup verification failure and target race all refuse replacement (21.570125ms)
✔ guest claim and account slot selection are read-only and never use a cached ID as authentication (6.126708ms)
✔ actual main startup and lifecycle retain corrupt guest (3.420375ms)
✔ actual main startup and lifecycle retain future guest (3.12ms)
✔ actual main startup and lifecycle retain unreadable storage (3.363959ms)
✔ actual main startup and lifecycle retain corrupt member (3.217417ms)
✔ actual main startup and lifecycle retain unknown session (3.055917ms)
✔ actual account activation refuses corrupt destination and never copies member A to missing member B (11.104625ms)
✔ existing duplicate cat identities use the established repair migration without rewriting during detection (6.569292ms)
✔ explicit restore refuses an already-observed target changed before file selection completes (10.100791ms)
✔ original export Blob contains exact input bytes and causes no save writes (3.504709ms)
✔ actual cloud client rechecks session after-cloud-read (11.977375ms)
✔ actual cloud client rechecks session before-upload (12.87075ms)
✔ actual cloud client rechecks session same-account (7.693792ms)
✔ malformed known progress blocks are preserved instead of being normalised into fresh defaults (29.443667ms)
ℹ tests 50
ℹ suites 0
ℹ pass 50
ℹ fail 0
ℹ cancelled 0
ℹ skipped 0
ℹ todo 0
ℹ duration_ms 3893.781583
