Cat Life Game cloud save tests passed.
✔ scripts/test-cat-life-cloud-saves.mjs (257.314041ms)
Cat Life Game commerce contract tests passed.
✔ scripts/test-cat-life-commerce-contract.mjs (48.8355ms)
Cat Life Game content manifest tests passed.
Cat Life Game website integration tests passed.
✔ scripts/test-cat-life-game-integration.mjs (87.227084ms)
Gentle care checks passed: away windows, hidden timers, rescue, legacy backups, identity, schema and 3-language UI.
✔ P2: short focus/visibility/reload syncs preserve partial decay and disease periods (28.507667ms)
✔ P2: real twin births in the same millisecond survive normalize, export and import (1.907334ms)
✔ P2: existing colliding twin records retain both cats with stable repaired IDs (3.219167ms)
✔ P2: same-clock litters avoid a pre-existing sparse ID collision (0.670208ms)
✔ P2: a fresh global meta timestamp cannot hide 24-hour-old v2 cat trackers (0.575583ms)
✔ P3: emergency meal uses real-time hunger before the next timer sync (0.141167ms)
✔ P3: current v3 build preserves a future v4 save through repeated loads, saves and rejected imports (0.582125ms)
✔ P3: 1.28.0 release version and three-language notes appear for a 1.24.0 save (1.910792ms)
✔ feeding displays actual capped deltas and the exact consumed inventory (16.416334ms)
✔ pregnant food quantity, no-change receipt and no invented memory (37.909917ms)
✔ double activation is ignored; deliberate next action and later same action work (11.725084ms)
✔ failed and unavailable cats cannot retain a success receipt (4.650042ms)
✔ feedback is pure, not serialized, and cannot cross save/account identity (7.75825ms)
✔ animation clock survives rerenders and ends; other cats keep their own artwork (7.483958ms)
✔ all seven actions stay available through the tray and additional care (9.598833ms)
✔ localized feedback and hostile names are safe in all supported languages (6.229ms)
✔ memory reads and latest selection do not reorder saved entries (6.265625ms)
✔ veteran and novice guidance point to one real control without duplicate care actions (4.854291ms)
✔ additional care guidance and all localized completion labels resolve safely (6.066834ms)
✔ real greeting, feeding and play are recorded once; failed and no-op care is not a memory (15.998208ms)
✔ veterans record effective care independently from the learning path, with no added rewards (8.249292ms)
✔ legacy bond is undated, no aggregate counters fabricate a first feed; normalization is idempotent (9.218958ms)
✔ timestamps and per-cat identity survive rename, local save and import; duplicate IDs retain separate journals (6.732583ms)
✔ actual treatment and recovery record after success, failed legacy backup changes nothing (4.415292ms)
✔ same-millisecond actions across cats and clock rollback still show the latest actual interaction (6.168084ms)
✔ invalid/duplicate records are bounded and future journal versions are preserved without writing (14.121458ms)
✔ all event and stage copy is localized; escaped names, locked cats and complete bond have honest UI (12.606083ms)
✔ only healthy ordinary orange cats receive the rig; queries do not mutate saves (5.6205ms)
✔ lazy loader avoids file URLs and reduced motion, deduplicates loads and never retries errors on each render (1.138834ms)
✔ existing live tick reacts only to preference changes and reuses the runtime (0.795125ms)
✔ approved soft loop is present unchanged, without shipping WAV or soundbank (1.29475ms)
✔ init/render are lazy; repeated unlock, page changes and renders share one loop (4.668958ms)
✔ muting, volume zero and background pause; cached loop resumes at its position (1.005208ms)
✔ disabled or invalid volume never starts music, including first gesture (2.311708ms)
✔ late download cannot restart muted or hidden playback (1.98825ms)
✔ failed loads stay quiet, do not retry on render, and recover after a gesture (0.830042ms)
✔ custom music wins over an in-flight default download; pages do not restart it (2.101333ms)
✔ selecting custom audio stops the default; clearing returns to the cached position (2.258541ms)
✔ first-care path: real cat → supplies → effective feed → play → settled job (17.714542ms)
✔ supply claims survive reload/import; renders, failed actions and no-op feeds never add care days (14.119666ms)
✔ three non-consecutive UTC dates; repeat care, time away and rollback do not consume opportunities (4.550916ms)
✔ first clinic aid is charged once, survives reload, and no treatment is granted by a render (21.21675ms)
✔ unclaimed packages remain available after graduation, with the oldest package first and no duplicates after reload (8.708917ms)
✔ a later learning day allows missed packages but never unlocks a fourth or an unearned stage (3.4995ms)
✔ zero resources, both hungry: rescue → player meal → meet/supplies → useful care; no fabricated rewards (5.441458ms)
✔ legacy saves resume honest counters without inventing dates, veteran saves skip lessons, future learning versions are retained (4.449708ms)
✔ missing, locked, deceased, sheltered and multi-cat recommendations target only the actual companion (4.653ms)
✔ realtime hunger and stamina guide the player to food or sleep; pregnancy and premium stock are respected (3.500375ms)
✔ global recommendations scan every rescue reason, including missing litter and deceased companions among living cats (4.378791ms)
✔ journey landmarks describe learning, returning and rescue states in every locale (3.784708ms)
✔ learning prevents new infections, not existing illness or the permanent gentle-care safety system (6.957458ms)
✔ all three languages resolve new literal and dynamic keys; one primary action and semantic progress (4.424708ms)
✔ zh-CN: latest only; all archived notes retained and collapsed (4.55475ms)
✔ en: latest only; all archived notes retained and collapsed (2.23825ms)
✔ ja: latest only; all archived notes retained and collapsed (2.014875ms)
✔ view-only expansion, empty history, language fallback and escaping (3.521333ms)
✔ zh-CN: public latest release only, translated UI, no state mutations (4.535209ms)
✔ en: public latest release only, translated UI, no state mutations (1.472375ms)
✔ ja: public latest release only, translated UI, no state mutations (2.11475ms)
✔ current notes are snapshotted and the share text keeps all notes, never old history (1.573708ms)
✔ untrusted locale cannot leak current origin, extra parameters or a fragment (1.521333ms)
✔ wrapping is bounded, prefers word boundaries, and preserves graphemes (8.317833ms)
✔ illustration and font stay lean and local; QR vendor matches the licensed dependency (2.637541ms)
ℹ tests 66
ℹ suites 0
ℹ pass 66
ℹ fail 0
ℹ cancelled 0
ℹ skipped 0
ℹ todo 0
ℹ duration_ms 261.962334
